=== ROCm TechSupport Log Collection Utility: V1.32 ===
Thu Jun  2 19:24:07 EDT 2022
===== Section: OS Distribution         ===============
Linux ixt-sjc2-121 5.4.0-99-generic #112~18.04.1-Ubuntu SMP Thu Feb 3 14:09:57 UTC 2022 x86_64 x86_64 x86_64 GNU/Linux
NAME="Ubuntu"
VERSION="18.04.6 LTS (Bionic Beaver)"
ID=ubuntu
ID_LIKE=debian
PRETTY_NAME="Ubuntu 18.04.6 LTS"
VERSION_ID="18.04"
HOME_URL="https://www.ubuntu.com/"
SUPPORT_URL="https://help.ubuntu.com/"
BUG_REPORT_URL="https://bugs.launchpad.net/ubuntu/"
PRIVACY_POLICY_URL="https://www.ubuntu.com/legal/terms-and-policies/privacy-policy"
VERSION_CODENAME=bionic
UBUNTU_CODENAME=bionic
===== Section: Kernel Boot Parameters  ===============
BOOT_IMAGE=/boot/vmlinuz-5.4.0-99-generic root=/dev/mapper/ts1--sjc2--17--vg-root ro quiet splash vt.handoff=1
===== Section: dmesg GPU/DRM/ATOM/BIOS ===============
WARNING: Persistent logging possibly disabled.
WARNING: Please run: 
       sudo mkdir -p /var/log/journal 
       sudo systemctl restart systemd-journald.service 
WARNING: to enable persistent boot logs for collection and analysis.
Section: dmesg boot logs
[Wed Jun  1 18:37:11 2022] Linux version 5.4.0-99-generic (buildd@lcy02-amd64-045) (gcc version 7.5.0 (Ubuntu 7.5.0-3ubuntu1~18.04)) #112~18.04.1-Ubuntu SMP Thu Feb 3 14:09:57 UTC 2022 (Ubuntu 5.4.0-99.112~18.04.1-generic 5.4.162)
[Wed Jun  1 18:37:11 2022] Command line: BOOT_IMAGE=/boot/vmlinuz-5.4.0-99-generic root=/dev/mapper/ts1--sjc2--17--vg-root ro quiet splash vt.handoff=1
[Wed Jun  1 18:37:11 2022] BIOS-provided physical RAM map:
[Wed Jun  1 18:37:11 2022] BIOS-e820: [mem 0x0000000000000000-0x0000000000099fff] usable
[Wed Jun  1 18:37:11 2022] BIOS-e820: [mem 0x000000000009a000-0x000000000009ffff] reserved
[Wed Jun  1 18:37:11 2022] BIOS-e820: [mem 0x00000000000e0000-0x00000000000fffff] reserved
[Wed Jun  1 18:37:11 2022] BIOS-e820: [mem 0x0000000000100000-0x0000000073ffffff] usable
[Wed Jun  1 18:37:11 2022] BIOS-e820: [mem 0x0000000074000000-0x0000000074042fff] ACPI NVS
[Wed Jun  1 18:37:11 2022] BIOS-e820: [mem 0x0000000074043000-0x0000000075daffff] usable
[Wed Jun  1 18:37:11 2022] BIOS-e820: [mem 0x0000000075db0000-0x0000000075ffffff] reserved
[Wed Jun  1 18:37:11 2022] BIOS-e820: [mem 0x0000000076000000-0x00000000a4e2ffff] usable
[Wed Jun  1 18:37:11 2022] BIOS-e820: [mem 0x00000000a4e30000-0x00000000a6ec5fff] reserved
[Wed Jun  1 18:37:11 2022] BIOS-e820: [mem 0x00000000a6ec6000-0x00000000a7073fff] ACPI data
[Wed Jun  1 18:37:11 2022] BIOS-e820: [mem 0x00000000a7074000-0x00000000a75b4fff] ACPI NVS
[Wed Jun  1 18:37:11 2022] BIOS-e820: [mem 0x00000000a75b5000-0x00000000a8935fff] reserved
[Wed Jun  1 18:37:11 2022] BIOS-e820: [mem 0x00000000a8936000-0x00000000abffffff] usable
[Wed Jun  1 18:37:11 2022] BIOS-e820: [mem 0x00000000ac000000-0x00000000afffffff] reserved
[Wed Jun  1 18:37:11 2022] BIOS-e820: [mem 0x00000000b4000000-0x00000000b5ffffff] reserved
[Wed Jun  1 18:37:11 2022] BIOS-e820: [mem 0x00000000be000000-0x00000000bfffffff] reserved
[Wed Jun  1 18:37:11 2022] BIOS-e820: [mem 0x00000000c8000000-0x00000000c9ffffff] reserved
[Wed Jun  1 18:37:11 2022] BIOS-e820: [mem 0x00000000f4000000-0x00000000f5ffffff] reserved
[Wed Jun  1 18:37:11 2022] BIOS-e820: [mem 0x00000000fe000000-0x00000000ffffffff] reserved
[Wed Jun  1 18:37:11 2022] BIOS-e820: [mem 0x0000000100000000-0x000000104fefffff] usable
[Wed Jun  1 18:37:11 2022] BIOS-e820: [mem 0x000000104ff00000-0x000000104fffffff] reserved
[Wed Jun  1 18:37:11 2022] BIOS-e820: [mem 0x0000001050000000-0x000000204fefffff] usable
[Wed Jun  1 18:37:11 2022] BIOS-e820: [mem 0x000000204ff00000-0x000000204fffffff] reserved
[Wed Jun  1 18:37:11 2022] BIOS-e820: [mem 0x0000002050000000-0x000000304fefffff] usable
[Wed Jun  1 18:37:11 2022] BIOS-e820: [mem 0x000000304ff00000-0x000000304fffffff] reserved
[Wed Jun  1 18:37:11 2022] BIOS-e820: [mem 0x0000003050000000-0x000000404f2fffff] usable
[Wed Jun  1 18:37:11 2022] BIOS-e820: [mem 0x000000404f300000-0x000000404fffffff] reserved
[Wed Jun  1 18:37:11 2022] BIOS-e820: [mem 0x0000004050000000-0x000000504fefffff] usable
[Wed Jun  1 18:37:11 2022] BIOS-e820: [mem 0x000000504ff00000-0x000000504fffffff] reserved
[Wed Jun  1 18:37:11 2022] BIOS-e820: [mem 0x0000005050000000-0x000000604fefffff] usable
[Wed Jun  1 18:37:11 2022] BIOS-e820: [mem 0x000000604ff00000-0x000000604fffffff] reserved
[Wed Jun  1 18:37:11 2022] BIOS-e820: [mem 0x0000006050000000-0x000000704fefffff] usable
[Wed Jun  1 18:37:11 2022] BIOS-e820: [mem 0x000000704ff00000-0x000000704fffffff] reserved
[Wed Jun  1 18:37:11 2022] BIOS-e820: [mem 0x0000007050000000-0x000000804fefffff] usable
[Wed Jun  1 18:37:11 2022] BIOS-e820: [mem 0x000000804ff00000-0x000000804fffffff] reserved
[Wed Jun  1 18:37:11 2022] BIOS-e820: [mem 0x0000010000000000-0x00000100201fffff] reserved
[Wed Jun  1 18:37:11 2022] BIOS-e820: [mem 0x0000018030000000-0x00000180501fffff] reserved
[Wed Jun  1 18:37:11 2022] BIOS-e820: [mem 0x0000020060000000-0x00000200801fffff] reserved
[Wed Jun  1 18:37:11 2022] BIOS-e820: [mem 0x0000028090000000-0x00000280b01fffff] reserved
[Wed Jun  1 18:37:11 2022] BIOS-e820: [mem 0x00000380c0000000-0x00000380e01fffff] reserved
[Wed Jun  1 18:37:11 2022] BIOS-e820: [mem 0x00000400f0000000-0x00000401101fffff] reserved
[Wed Jun  1 18:37:11 2022] BIOS-e820: [mem 0x0000048120000000-0x00000481401fffff] reserved
[Wed Jun  1 18:37:11 2022] BIOS-e820: [mem 0x0000050150000000-0x00000501701fffff] reserved
[Wed Jun  1 18:37:11 2022] BIOS-e820: [mem 0x000007fc00000000-0x000007fc03ffffff] reserved
[Wed Jun  1 18:37:11 2022] SMBIOS 3.2.0 present.
[Wed Jun  1 18:37:11 2022] DMI: Supermicro AS -4124GS-TNR/H12DSG-O-CPU, BIOS 2.0 03/12/2021
[Wed Jun  1 18:37:11 2022] tsc: Fast TSC calibration failed
[Wed Jun  1 18:37:11 2022] MTRR default type: uncachable
[Wed Jun  1 18:37:11 2022] x2apic: enabled by BIOS, switching to x2apic ops
[Wed Jun  1 18:37:11 2022] ACPI: X2APIC_NMI (uid[0xff] high edge lint[0x1])
[Wed Jun  1 18:37:11 2022] smpboot: Allowing 256 CPUs, 0 hotplug CPUs
[Wed Jun  1 18:37:11 2022] [mem 0xca000000-0xf3ffffff] available for PCI devices
[Wed Jun  1 18:37:11 2022] Kernel command line: BOOT_IMAGE=/boot/vmlinuz-5.4.0-99-generic root=/dev/mapper/ts1--sjc2--17--vg-root ro quiet splash vt.handoff=1
[Wed Jun  1 18:37:11 2022] Calgary: detecting Calgary via BIOS EBDA area
[Wed Jun  1 18:37:11 2022] tsc: PIT calibration matches HPET. 2 loops
[Wed Jun  1 18:37:11 2022] Calibrating delay loop (skipped), value calculated using timer frequency.. 4499.90 BogoMIPS (lpj=8999804)
[Wed Jun  1 18:37:11 2022] pid_max: default: 262144 minimum: 2048
[Wed Jun  1 18:37:11 2022] Spectre V2 : User space: Mitigation: STIBP via seccomp and prctl
[Wed Jun  1 18:37:11 2022] Speculative Store Bypass: Mitigation: Speculative Store Bypass disabled via prctl and seccomp
[Wed Jun  1 18:37:11 2022] smpboot: CPU0: AMD EPYC 7742 64-Core Processor (family: 0x17, model: 0x31, stepping: 0x0)
[Wed Jun  1 18:37:11 2022] NMI watchdog: Enabled. Permanently consumes one hw-PMU counter.
[Wed Jun  1 18:37:11 2022] smpboot: CPU 64 Converting physical 0 to logical die 1
[Wed Jun  1 18:37:11 2022] smpboot: native_cpu_up: bad cpu 255
[Wed Jun  1 18:37:12 2022] ACPI: bus type PCI registered
[Wed Jun  1 18:37:12 2022] acpiphp: ACPI Hot Plug PCI Controller Driver version: 0.5
[Wed Jun  1 18:37:12 2022] PCI: MMCONFIG for domain 0000 [bus 00-ff] at [mem 0xe0000000-0xefffffff] (base 0xe0000000)
[Wed Jun  1 18:37:12 2022] PCI: not using MMCONFIG
[Wed Jun  1 18:37:12 2022] PCI: Using configuration type 1 for base access
[Wed Jun  1 18:37:12 2022] PCI: Using configuration type 1 for extended access
[Wed Jun  1 18:37:12 2022] mtrr: probably your BIOS does not setup all CPUs.
[Wed Jun  1 18:37:12 2022] PCI: MMCONFIG for domain 0000 [bus 00-ff] at [mem 0xe0000000-0xefffffff] (base 0xe0000000)
[Wed Jun  1 18:37:12 2022] PCI: MMCONFIG at [mem 0xe0000000-0xefffffff] reserved in ACPI motherboard resources
[Wed Jun  1 18:37:13 2022] PCI: Using host bridge windows from ACPI; if necessary, use "pci=nocrs" and report a bug
[Wed Jun  1 18:37:13 2022] ACPI: Power Resource [P0SA] (off)
[Wed Jun  1 18:37:13 2022] ACPI: Power Resource [P3SA] (off)
[Wed Jun  1 18:37:13 2022] ACPI: Power Resource [P0SA] (off)
[Wed Jun  1 18:37:13 2022] ACPI: Power Resource [P3SA] (off)
[Wed Jun  1 18:37:13 2022] ACPI: Power Resource [P0SA] (off)
[Wed Jun  1 18:37:13 2022] ACPI: Power Resource [P3SA] (off)
[Wed Jun  1 18:37:13 2022] ACPI: Power Resource [P0SA] (off)
[Wed Jun  1 18:37:13 2022] ACPI: Power Resource [P3SA] (off)
[Wed Jun  1 18:37:13 2022] ACPI: Power Resource [P0SA] (off)
[Wed Jun  1 18:37:13 2022] ACPI: Power Resource [P3SA] (off)
[Wed Jun  1 18:37:13 2022] ACPI: Power Resource [P0SA] (off)
[Wed Jun  1 18:37:13 2022] ACPI: Power Resource [P3SA] (off)
[Wed Jun  1 18:37:13 2022] ACPI: Power Resource [P0SA] (off)
[Wed Jun  1 18:37:13 2022] ACPI: Power Resource [P3SA] (off)
[Wed Jun  1 18:37:13 2022] ACPI: Power Resource [P0SA] (off)
[Wed Jun  1 18:37:13 2022] ACPI: Power Resource [P3SA] (off)
[Wed Jun  1 18:37:13 2022] ACPI: Power Resource [P0SA] (off)
[Wed Jun  1 18:37:13 2022] ACPI: Power Resource [P3SA] (off)
[Wed Jun  1 18:37:13 2022] ACPI: Power Resource [P0SA] (off)
[Wed Jun  1 18:37:13 2022] ACPI: Power Resource [P3SA] (off)
[Wed Jun  1 18:37:13 2022] ACPI: Power Resource [P0SA] (off)
[Wed Jun  1 18:37:13 2022] ACPI: Power Resource [P3SA] (off)
[Wed Jun  1 18:37:13 2022] ACPI: Power Resource [P0SA] (off)
[Wed Jun  1 18:37:13 2022] ACPI: Power Resource [P3SA] (off)
[Wed Jun  1 18:37:13 2022] ACPI: Power Resource [P0SA] (off)
[Wed Jun  1 18:37:13 2022] ACPI: Power Resource [P3SA] (off)
[Wed Jun  1 18:37:13 2022] ACPI: Power Resource [P0SA] (off)
[Wed Jun  1 18:37:13 2022] ACPI: Power Resource [P3SA] (off)
[Wed Jun  1 18:37:13 2022] ACPI: Power Resource [P0SA] (off)
[Wed Jun  1 18:37:13 2022] ACPI: Power Resource [P3SA] (off)
[Wed Jun  1 18:37:13 2022] ACPI: Power Resource [P0SA] (off)
[Wed Jun  1 18:37:13 2022] ACPI: Power Resource [P3SA] (off)
[Wed Jun  1 18:37:13 2022] ACPI: PCI Root Bridge [S0D0] (domain 0000 [bus 60-7f])
[Wed Jun  1 18:37:13 2022] acpi PNP0A08:00: _OSC: OS supports [ExtendedConfig ASPM ClockPM Segments MSI HPX-Type3]
[Wed Jun  1 18:37:13 2022] acpi PNP0A08:00: PCIe AER handled by firmware
[Wed Jun  1 18:37:13 2022] acpi PNP0A08:00: _OSC: platform does not support [LTR]
[Wed Jun  1 18:37:13 2022] acpi PNP0A08:00: _OSC: OS now controls [PCIeHotplug SHPCHotplug PME PCIeCapability]
[Wed Jun  1 18:37:13 2022] PCI host bridge to bus 0000:60
[Wed Jun  1 18:37:13 2022] pci_bus 0000:60: root bus resource [io  0x03b0-0x03df window]
[Wed Jun  1 18:37:13 2022] pci_bus 0000:60: root bus resource [io  0x4000-0x5fff window]
[Wed Jun  1 18:37:13 2022] pci_bus 0000:60: root bus resource [mem 0x000a0000-0x000bffff window]
[Wed Jun  1 18:37:13 2022] pci_bus 0000:60: root bus resource [mem 0xca000000-0xcc5fffff window]
[Wed Jun  1 18:37:13 2022] pci_bus 0000:60: root bus resource [mem 0x10020200000-0x180201fffff window]
[Wed Jun  1 18:37:13 2022] pci_bus 0000:60: root bus resource [bus 60-7f]
[Wed Jun  1 18:37:13 2022] pci 0000:60:00.0: [1022:1480] type 00 class 0x060000
[Wed Jun  1 18:37:13 2022] pci 0000:60:01.0: [1022:1482] type 00 class 0x060000
[Wed Jun  1 18:37:13 2022] pci 0000:60:02.0: [1022:1482] type 00 class 0x060000
[Wed Jun  1 18:37:13 2022] pci 0000:60:03.0: [1022:1482] type 00 class 0x060000
[Wed Jun  1 18:37:13 2022] pci 0000:60:03.1: [1022:1483] type 01 class 0x060400
[Wed Jun  1 18:37:13 2022] pci 0000:60:03.1: PME# supported from D0 D3hot D3cold
[Wed Jun  1 18:37:13 2022] pci 0000:60:04.0: [1022:1482] type 00 class 0x060000
[Wed Jun  1 18:37:13 2022] pci 0000:60:05.0: [1022:1482] type 00 class 0x060000
[Wed Jun  1 18:37:13 2022] pci 0000:60:05.2: [1022:1483] type 01 class 0x060400
[Wed Jun  1 18:37:13 2022] pci 0000:60:05.2: PME# supported from D0 D3hot D3cold
[Wed Jun  1 18:37:13 2022] pci 0000:60:07.0: [1022:1482] type 00 class 0x060000
[Wed Jun  1 18:37:13 2022] pci 0000:60:07.1: [1022:1484] type 01 class 0x060400
[Wed Jun  1 18:37:13 2022] pci 0000:60:07.1: enabling Extended Tags
[Wed Jun  1 18:37:13 2022] pci 0000:60:07.1: PME# supported from D0 D3hot D3cold
[Wed Jun  1 18:37:13 2022] pci 0000:60:08.0: [1022:1482] type 00 class 0x060000
[Wed Jun  1 18:37:13 2022] pci 0000:60:08.1: [1022:1484] type 01 class 0x060400
[Wed Jun  1 18:37:13 2022] pci 0000:60:08.1: enabling Extended Tags
[Wed Jun  1 18:37:13 2022] pci 0000:60:08.1: PME# supported from D0 D3hot D3cold
[Wed Jun  1 18:37:13 2022] pci 0000:61:00.0: [1022:14c7] type 01 class 0x060400
[Wed Jun  1 18:37:13 2022] pci 0000:61:00.0: reg 0x10: [mem 0xcb400000-0xcb403fff]
[Wed Jun  1 18:37:13 2022] pci 0000:61:00.0: PME# supported from D0 D3hot D3cold
[Wed Jun  1 18:37:13 2022] pci 0000:60:03.1: PCI bridge to [bus 61-63]
[Wed Jun  1 18:37:13 2022] pci 0000:60:03.1:   bridge window [io  0x5000-0x5fff]
[Wed Jun  1 18:37:13 2022] pci 0000:60:03.1:   bridge window [mem 0xcb200000-0xcb4fffff]
[Wed Jun  1 18:37:13 2022] pci 0000:60:03.1:   bridge window [mem 0x16000000000-0x180003fffff 64bit pref]
[Wed Jun  1 18:37:13 2022] pci 0000:62:00.0: [1002:14c8] type 01 class 0x060400
[Wed Jun  1 18:37:13 2022] pci 0000:62:00.0: PME# supported from D0 D3hot D3cold
[Wed Jun  1 18:37:13 2022] pci 0000:61:00.0: PCI bridge to [bus 62-63]
[Wed Jun  1 18:37:13 2022] pci 0000:61:00.0:   bridge window [io  0x5000-0x5fff]
[Wed Jun  1 18:37:13 2022] pci 0000:61:00.0:   bridge window [mem 0xcb200000-0xcb3fffff]
[Wed Jun  1 18:37:13 2022] pci 0000:61:00.0:   bridge window [mem 0x16000000000-0x180003fffff 64bit pref]
[Wed Jun  1 18:37:13 2022] pci 0000:63:00.0: [1002:740f] type 00 class 0x038000
[Wed Jun  1 18:37:13 2022] pci 0000:63:00.0: reg 0x10: [mem 0x17000000000-0x17fffffffff 64bit pref]
[Wed Jun  1 18:37:13 2022] pci 0000:63:00.0: reg 0x18: [mem 0x18000200000-0x180003fffff 64bit pref]
[Wed Jun  1 18:37:13 2022] pci 0000:63:00.0: reg 0x20: [io  0x5000-0x50ff]
[Wed Jun  1 18:37:13 2022] pci 0000:63:00.0: reg 0x24: [mem 0xcb280000-0xcb2fffff]
[Wed Jun  1 18:37:13 2022] pci 0000:63:00.0: reg 0x30: [mem 0xcb300000-0xcb31ffff pref]
[Wed Jun  1 18:37:13 2022] pci 0000:63:00.0: PME# supported from D1 D2 D3hot D3cold
[Wed Jun  1 18:37:13 2022] pci 0000:63:00.0: reg 0x354: [mem 0x16000000000-0x16fffffffff 64bit pref]
[Wed Jun  1 18:37:13 2022] pci 0000:63:00.0: VF(n) BAR0 space: [mem 0x16000000000-0x16fffffffff 64bit pref] (contains BAR0 for 1 VFs)
[Wed Jun  1 18:37:13 2022] pci 0000:63:00.0: reg 0x35c: [mem 0x18000000000-0x180001fffff 64bit pref]
[Wed Jun  1 18:37:13 2022] pci 0000:63:00.0: VF(n) BAR2 space: [mem 0x18000000000-0x180001fffff 64bit pref] (contains BAR2 for 1 VFs)
[Wed Jun  1 18:37:13 2022] pci 0000:63:00.0: reg 0x368: [mem 0xcb200000-0xcb27ffff]
[Wed Jun  1 18:37:13 2022] pci 0000:63:00.0: VF(n) BAR5 space: [mem 0xcb200000-0xcb27ffff] (contains BAR5 for 1 VFs)
[Wed Jun  1 18:37:13 2022] pci 0000:62:00.0: PCI bridge to [bus 63]
[Wed Jun  1 18:37:13 2022] pci 0000:62:00.0:   bridge window [io  0x5000-0x5fff]
[Wed Jun  1 18:37:13 2022] pci 0000:62:00.0:   bridge window [mem 0xcb200000-0xcb3fffff]
[Wed Jun  1 18:37:13 2022] pci 0000:62:00.0:   bridge window [mem 0x16000000000-0x180003fffff 64bit pref]
[Wed Jun  1 18:37:13 2022] pci 0000:64:00.0: [1a03:1150] type 01 class 0x060400
[Wed Jun  1 18:37:13 2022] pci 0000:64:00.0: supports D1 D2
[Wed Jun  1 18:37:13 2022] pci 0000:64:00.0: PME# supported from D0 D1 D2 D3hot D3cold
[Wed Jun  1 18:37:13 2022] pci 0000:60:05.2: PCI bridge to [bus 64-65]
[Wed Jun  1 18:37:13 2022] pci 0000:60:05.2:   bridge window [io  0x4000-0x4fff]
[Wed Jun  1 18:37:13 2022] pci 0000:60:05.2:   bridge window [mem 0xca000000-0xcb0fffff]
[Wed Jun  1 18:37:13 2022] pci_bus 0000:65: extended config space not accessible
[Wed Jun  1 18:37:13 2022] pci 0000:65:00.0: [1a03:2000] type 00 class 0x030000
[Wed Jun  1 18:37:13 2022] pci 0000:65:00.0: reg 0x10: [mem 0xca000000-0xcaffffff]
[Wed Jun  1 18:37:13 2022] pci 0000:65:00.0: reg 0x14: [mem 0xcb000000-0xcb01ffff]
[Wed Jun  1 18:37:13 2022] pci 0000:65:00.0: reg 0x18: [io  0x4000-0x407f]
[Wed Jun  1 18:37:13 2022] pci 0000:65:00.0: supports D1 D2
[Wed Jun  1 18:37:13 2022] pci 0000:65:00.0: PME# supported from D0 D1 D2 D3hot D3cold
[Wed Jun  1 18:37:13 2022] pci 0000:64:00.0: PCI bridge to [bus 65]
[Wed Jun  1 18:37:13 2022] pci 0000:64:00.0:   bridge window [io  0x4000-0x4fff]
[Wed Jun  1 18:37:13 2022] pci 0000:64:00.0:   bridge window [mem 0xca000000-0xcb0fffff]
[Wed Jun  1 18:37:13 2022] pci 0000:66:00.0: [1022:148a] type 00 class 0x130000
[Wed Jun  1 18:37:13 2022] pci 0000:66:00.0: enabling Extended Tags
[Wed Jun  1 18:37:13 2022] pci 0000:66:00.2: [1022:1498] type 00 class 0x108000
[Wed Jun  1 18:37:13 2022] pci 0000:66:00.2: reg 0x18: [mem 0xcb600000-0xcb67ffff]
[Wed Jun  1 18:37:13 2022] pci 0000:66:00.2: reg 0x24: [mem 0xcb680000-0xcb681fff]
[Wed Jun  1 18:37:13 2022] pci 0000:66:00.2: enabling Extended Tags
[Wed Jun  1 18:37:13 2022] pci 0000:60:07.1: PCI bridge to [bus 66]
[Wed Jun  1 18:37:13 2022] pci 0000:60:07.1:   bridge window [mem 0xcb600000-0xcb6fffff]
[Wed Jun  1 18:37:13 2022] pci 0000:67:00.0: [1022:1485] type 00 class 0x130000
[Wed Jun  1 18:37:13 2022] pci 0000:67:00.0: enabling Extended Tags
[Wed Jun  1 18:37:13 2022] pci 0000:67:00.2: [1022:1498] type 00 class 0x108000
[Wed Jun  1 18:37:13 2022] pci 0000:67:00.2: reg 0x18: [mem 0xcb500000-0xcb57ffff]
[Wed Jun  1 18:37:13 2022] pci 0000:67:00.2: reg 0x24: [mem 0xcb580000-0xcb581fff]
[Wed Jun  1 18:37:13 2022] pci 0000:67:00.2: enabling Extended Tags
[Wed Jun  1 18:37:13 2022] pci 0000:60:08.1: PCI bridge to [bus 67]
[Wed Jun  1 18:37:13 2022] pci 0000:60:08.1:   bridge window [mem 0xcb500000-0xcb5fffff]
[Wed Jun  1 18:37:13 2022] pci_bus 0000:60: on NUMA node 0
[Wed Jun  1 18:37:13 2022] ACPI: PCI Root Bridge [S0D1] (domain 0000 [bus 40-5f])
[Wed Jun  1 18:37:13 2022] acpi PNP0A08:01: _OSC: OS supports [ExtendedConfig ASPM ClockPM Segments MSI HPX-Type3]
[Wed Jun  1 18:37:13 2022] acpi PNP0A08:01: PCIe AER handled by firmware
[Wed Jun  1 18:37:13 2022] acpi PNP0A08:01: _OSC: platform does not support [LTR]
[Wed Jun  1 18:37:13 2022] acpi PNP0A08:01: _OSC: OS now controls [PCIeHotplug SHPCHotplug PME PCIeCapability]
[Wed Jun  1 18:37:13 2022] PCI host bridge to bus 0000:40
[Wed Jun  1 18:37:13 2022] pci_bus 0000:40: root bus resource [io  0x3000-0x3fff window]
[Wed Jun  1 18:37:13 2022] pci_bus 0000:40: root bus resource [mem 0xf0000000-0xf06fffff window]
[Wed Jun  1 18:37:13 2022] pci_bus 0000:40: root bus resource [mem 0x18050200000-0x200501fffff window]
[Wed Jun  1 18:37:13 2022] pci_bus 0000:40: root bus resource [bus 40-5f]
[Wed Jun  1 18:37:13 2022] pci 0000:40:00.0: [1022:1480] type 00 class 0x060000
[Wed Jun  1 18:37:13 2022] pci 0000:40:01.0: [1022:1482] type 00 class 0x060000
[Wed Jun  1 18:37:13 2022] pci 0000:40:01.1: [1022:1483] type 01 class 0x060400
[Wed Jun  1 18:37:13 2022] pci 0000:40:01.1: PME# supported from D0 D3hot D3cold
[Wed Jun  1 18:37:13 2022] pci 0000:40:02.0: [1022:1482] type 00 class 0x060000
[Wed Jun  1 18:37:13 2022] pci 0000:40:03.0: [1022:1482] type 00 class 0x060000
[Wed Jun  1 18:37:13 2022] pci 0000:40:04.0: [1022:1482] type 00 class 0x060000
[Wed Jun  1 18:37:13 2022] pci 0000:40:05.0: [1022:1482] type 00 class 0x060000
[Wed Jun  1 18:37:13 2022] pci 0000:40:07.0: [1022:1482] type 00 class 0x060000
[Wed Jun  1 18:37:13 2022] pci 0000:40:07.1: [1022:1484] type 01 class 0x060400
[Wed Jun  1 18:37:13 2022] pci 0000:40:07.1: enabling Extended Tags
[Wed Jun  1 18:37:13 2022] pci 0000:40:07.1: PME# supported from D0 D3hot D3cold
[Wed Jun  1 18:37:13 2022] pci 0000:40:08.0: [1022:1482] type 00 class 0x060000
[Wed Jun  1 18:37:13 2022] pci 0000:40:08.1: [1022:1484] type 01 class 0x060400
[Wed Jun  1 18:37:13 2022] pci 0000:40:08.1: enabling Extended Tags
[Wed Jun  1 18:37:13 2022] pci 0000:40:08.1: PME# supported from D0 D3hot D3cold
[Wed Jun  1 18:37:13 2022] pci 0000:40:08.2: [1022:1484] type 01 class 0x060400
[Wed Jun  1 18:37:13 2022] pci 0000:40:08.2: enabling Extended Tags
[Wed Jun  1 18:37:13 2022] pci 0000:40:08.2: PME# supported from D0 D3hot D3cold
[Wed Jun  1 18:37:13 2022] pci 0000:40:08.3: [1022:1484] type 01 class 0x060400
[Wed Jun  1 18:37:13 2022] pci 0000:40:08.3: enabling Extended Tags
[Wed Jun  1 18:37:13 2022] pci 0000:40:08.3: PME# supported from D0 D3hot D3cold
[Wed Jun  1 18:37:13 2022] pci 0000:41:00.0: [1022:14c7] type 01 class 0x060400
[Wed Jun  1 18:37:13 2022] pci 0000:41:00.0: reg 0x10: [mem 0xf0200000-0xf0203fff]
[Wed Jun  1 18:37:13 2022] pci 0000:41:00.0: PME# supported from D0 D3hot D3cold
[Wed Jun  1 18:37:13 2022] pci 0000:40:01.1: PCI bridge to [bus 41-43]
[Wed Jun  1 18:37:13 2022] pci 0000:40:01.1:   bridge window [io  0x3000-0x3fff]
[Wed Jun  1 18:37:13 2022] pci 0000:40:01.1:   bridge window [mem 0xf0000000-0xf02fffff]
[Wed Jun  1 18:37:13 2022] pci 0000:40:01.1:   bridge window [mem 0x1e000000000-0x200003fffff 64bit pref]
[Wed Jun  1 18:37:13 2022] pci 0000:42:00.0: [1002:14c8] type 01 class 0x060400
[Wed Jun  1 18:37:13 2022] pci 0000:42:00.0: PME# supported from D0 D3hot D3cold
[Wed Jun  1 18:37:13 2022] pci 0000:41:00.0: PCI bridge to [bus 42-43]
[Wed Jun  1 18:37:13 2022] pci 0000:41:00.0:   bridge window [io  0x3000-0x3fff]
[Wed Jun  1 18:37:13 2022] pci 0000:41:00.0:   bridge window [mem 0xf0000000-0xf01fffff]
[Wed Jun  1 18:37:13 2022] pci 0000:41:00.0:   bridge window [mem 0x1e000000000-0x200003fffff 64bit pref]
[Wed Jun  1 18:37:13 2022] pci 0000:43:00.0: [1002:740f] type 00 class 0x038000
[Wed Jun  1 18:37:13 2022] pci 0000:43:00.0: reg 0x10: [mem 0x1f000000000-0x1ffffffffff 64bit pref]
[Wed Jun  1 18:37:13 2022] pci 0000:43:00.0: reg 0x18: [mem 0x20000200000-0x200003fffff 64bit pref]
[Wed Jun  1 18:37:13 2022] pci 0000:43:00.0: reg 0x20: [io  0x3000-0x30ff]
[Wed Jun  1 18:37:13 2022] pci 0000:43:00.0: reg 0x24: [mem 0xf0080000-0xf00fffff]
[Wed Jun  1 18:37:13 2022] pci 0000:43:00.0: reg 0x30: [mem 0xf0100000-0xf011ffff pref]
[Wed Jun  1 18:37:13 2022] pci 0000:43:00.0: PME# supported from D1 D2 D3hot D3cold
[Wed Jun  1 18:37:13 2022] pci 0000:43:00.0: reg 0x354: [mem 0x1e000000000-0x1efffffffff 64bit pref]
[Wed Jun  1 18:37:13 2022] pci 0000:43:00.0: VF(n) BAR0 space: [mem 0x1e000000000-0x1efffffffff 64bit pref] (contains BAR0 for 1 VFs)
[Wed Jun  1 18:37:13 2022] pci 0000:43:00.0: reg 0x35c: [mem 0x20000000000-0x200001fffff 64bit pref]
[Wed Jun  1 18:37:13 2022] pci 0000:43:00.0: VF(n) BAR2 space: [mem 0x20000000000-0x200001fffff 64bit pref] (contains BAR2 for 1 VFs)
[Wed Jun  1 18:37:13 2022] pci 0000:43:00.0: reg 0x368: [mem 0xf0000000-0xf007ffff]
[Wed Jun  1 18:37:13 2022] pci 0000:43:00.0: VF(n) BAR5 space: [mem 0xf0000000-0xf007ffff] (contains BAR5 for 1 VFs)
[Wed Jun  1 18:37:13 2022] pci 0000:42:00.0: PCI bridge to [bus 43]
[Wed Jun  1 18:37:13 2022] pci 0000:42:00.0:   bridge window [io  0x3000-0x3fff]
[Wed Jun  1 18:37:13 2022] pci 0000:42:00.0:   bridge window [mem 0xf0000000-0xf01fffff]
[Wed Jun  1 18:37:13 2022] pci 0000:42:00.0:   bridge window [mem 0x1e000000000-0x200003fffff 64bit pref]
[Wed Jun  1 18:37:13 2022] pci 0000:44:00.0: [1022:148a] type 00 class 0x130000
[Wed Jun  1 18:37:13 2022] pci 0000:44:00.0: enabling Extended Tags
[Wed Jun  1 18:37:13 2022] pci 0000:44:00.2: [1022:1498] type 00 class 0x108000
[Wed Jun  1 18:37:13 2022] pci 0000:44:00.2: reg 0x18: [mem 0xf0600000-0xf067ffff]
[Wed Jun  1 18:37:13 2022] pci 0000:44:00.2: reg 0x24: [mem 0xf0680000-0xf0681fff]
[Wed Jun  1 18:37:13 2022] pci 0000:44:00.2: enabling Extended Tags
[Wed Jun  1 18:37:13 2022] pci 0000:40:07.1: PCI bridge to [bus 44]
[Wed Jun  1 18:37:13 2022] pci 0000:40:07.1:   bridge window [mem 0xf0600000-0xf06fffff]
[Wed Jun  1 18:37:13 2022] pci 0000:45:00.0: [1022:1485] type 00 class 0x130000
[Wed Jun  1 18:37:13 2022] pci 0000:45:00.0: enabling Extended Tags
[Wed Jun  1 18:37:13 2022] pci 0000:45:00.2: [1022:1498] type 00 class 0x108000
[Wed Jun  1 18:37:13 2022] pci 0000:45:00.2: reg 0x18: [mem 0xf0500000-0xf057ffff]
[Wed Jun  1 18:37:13 2022] pci 0000:45:00.2: reg 0x24: [mem 0xf0580000-0xf0581fff]
[Wed Jun  1 18:37:13 2022] pci 0000:45:00.2: enabling Extended Tags
[Wed Jun  1 18:37:13 2022] pci 0000:40:08.1: PCI bridge to [bus 45]
[Wed Jun  1 18:37:13 2022] pci 0000:40:08.1:   bridge window [mem 0xf0500000-0xf05fffff]
[Wed Jun  1 18:37:13 2022] pci 0000:46:00.0: [1022:7901] type 00 class 0x010601
[Wed Jun  1 18:37:13 2022] pci 0000:46:00.0: reg 0x24: [mem 0xf0400000-0xf04007ff]
[Wed Jun  1 18:37:13 2022] pci 0000:46:00.0: enabling Extended Tags
[Wed Jun  1 18:37:13 2022] pci 0000:46:00.0: PME# supported from D3hot D3cold
[Wed Jun  1 18:37:13 2022] pci 0000:40:08.2: PCI bridge to [bus 46]
[Wed Jun  1 18:37:13 2022] pci 0000:40:08.2:   bridge window [mem 0xf0400000-0xf04fffff]
[Wed Jun  1 18:37:13 2022] pci 0000:47:00.0: [1022:7901] type 00 class 0x010601
[Wed Jun  1 18:37:13 2022] pci 0000:47:00.0: reg 0x24: [mem 0xf0300000-0xf03007ff]
[Wed Jun  1 18:37:13 2022] pci 0000:47:00.0: enabling Extended Tags
[Wed Jun  1 18:37:13 2022] pci 0000:47:00.0: PME# supported from D3hot D3cold
[Wed Jun  1 18:37:13 2022] pci 0000:40:08.3: PCI bridge to [bus 47]
[Wed Jun  1 18:37:13 2022] pci 0000:40:08.3:   bridge window [mem 0xf0300000-0xf03fffff]
[Wed Jun  1 18:37:13 2022] pci_bus 0000:40: on NUMA node 1
[Wed Jun  1 18:37:13 2022] ACPI: PCI Root Bridge [PCI0] (domain 0000 [bus 00-1f])
[Wed Jun  1 18:37:13 2022] acpi PNP0A08:02: _OSC: OS supports [ExtendedConfig ASPM ClockPM Segments MSI HPX-Type3]
[Wed Jun  1 18:37:13 2022] acpi PNP0A08:02: PCIe AER handled by firmware
[Wed Jun  1 18:37:13 2022] acpi PNP0A08:02: _OSC: platform does not support [LTR]
[Wed Jun  1 18:37:13 2022] acpi PNP0A08:02: _OSC: OS now controls [PCIeHotplug SHPCHotplug PME PCIeCapability]
[Wed Jun  1 18:37:13 2022] PCI host bridge to bus 0000:00
[Wed Jun  1 18:37:13 2022] pci_bus 0000:00: root bus resource [io  0x0000-0x02ff window]
[Wed Jun  1 18:37:13 2022] pci_bus 0000:00: root bus resource [io  0x0300-0x03af window]
[Wed Jun  1 18:37:13 2022] pci_bus 0000:00: root bus resource [io  0x03e0-0x0cf7 window]
[Wed Jun  1 18:37:13 2022] pci_bus 0000:00: root bus resource [io  0x1000-0x1fff window]
[Wed Jun  1 18:37:13 2022] pci_bus 0000:00: root bus resource [mem 0x000c0000-0x000dffff window]
[Wed Jun  1 18:37:13 2022] pci_bus 0000:00: root bus resource [mem 0xf6000000-0xf65fffff window]
[Wed Jun  1 18:37:13 2022] pci_bus 0000:00: root bus resource [mem 0x280b0200000-0x380b01fffff window]
[Wed Jun  1 18:37:13 2022] pci_bus 0000:00: root bus resource [bus 00-1f]
[Wed Jun  1 18:37:13 2022] pci 0000:00:00.0: [1022:1480] type 00 class 0x060000
[Wed Jun  1 18:37:13 2022] pci 0000:00:01.0: [1022:1482] type 00 class 0x060000
[Wed Jun  1 18:37:13 2022] pci 0000:00:01.1: [1022:1483] type 01 class 0x060400
[Wed Jun  1 18:37:13 2022] pci 0000:00:01.1: PME# supported from D0 D3hot D3cold
[Wed Jun  1 18:37:13 2022] pci 0000:00:02.0: [1022:1482] type 00 class 0x060000
[Wed Jun  1 18:37:13 2022] pci 0000:00:03.0: [1022:1482] type 00 class 0x060000
[Wed Jun  1 18:37:13 2022] pci 0000:00:04.0: [1022:1482] type 00 class 0x060000
[Wed Jun  1 18:37:13 2022] pci 0000:00:05.0: [1022:1482] type 00 class 0x060000
[Wed Jun  1 18:37:13 2022] pci 0000:00:07.0: [1022:1482] type 00 class 0x060000
[Wed Jun  1 18:37:13 2022] pci 0000:00:07.1: [1022:1484] type 01 class 0x060400
[Wed Jun  1 18:37:13 2022] pci 0000:00:07.1: enabling Extended Tags
[Wed Jun  1 18:37:13 2022] pci 0000:00:07.1: PME# supported from D0 D3hot D3cold
[Wed Jun  1 18:37:13 2022] pci 0000:00:08.0: [1022:1482] type 00 class 0x060000
[Wed Jun  1 18:37:13 2022] pci 0000:00:08.1: [1022:1484] type 01 class 0x060400
[Wed Jun  1 18:37:13 2022] pci 0000:00:08.1: enabling Extended Tags
[Wed Jun  1 18:37:13 2022] pci 0000:00:08.1: PME# supported from D0 D3hot D3cold
[Wed Jun  1 18:37:13 2022] pci 0000:00:14.0: [1022:790b] type 00 class 0x0c0500
[Wed Jun  1 18:37:13 2022] pci 0000:00:14.3: [1022:790e] type 00 class 0x060100
[Wed Jun  1 18:37:13 2022] pci 0000:00:18.0: [1022:1490] type 00 class 0x060000
[Wed Jun  1 18:37:13 2022] pci 0000:00:18.1: [1022:1491] type 00 class 0x060000
[Wed Jun  1 18:37:13 2022] pci 0000:00:18.2: [1022:1492] type 00 class 0x060000
[Wed Jun  1 18:37:13 2022] pci 0000:00:18.3: [1022:1493] type 00 class 0x060000
[Wed Jun  1 18:37:13 2022] pci 0000:00:18.4: [1022:1494] type 00 class 0x060000
[Wed Jun  1 18:37:13 2022] pci 0000:00:18.5: [1022:1495] type 00 class 0x060000
[Wed Jun  1 18:37:13 2022] pci 0000:00:18.6: [1022:1496] type 00 class 0x060000
[Wed Jun  1 18:37:13 2022] pci 0000:00:18.7: [1022:1497] type 00 class 0x060000
[Wed Jun  1 18:37:13 2022] pci 0000:00:19.0: [1022:1490] type 00 class 0x060000
[Wed Jun  1 18:37:13 2022] pci 0000:00:19.1: [1022:1491] type 00 class 0x060000
[Wed Jun  1 18:37:13 2022] pci 0000:00:19.2: [1022:1492] type 00 class 0x060000
[Wed Jun  1 18:37:13 2022] pci 0000:00:19.3: [1022:1493] type 00 class 0x060000
[Wed Jun  1 18:37:13 2022] pci 0000:00:19.4: [1022:1494] type 00 class 0x060000
[Wed Jun  1 18:37:13 2022] pci 0000:00:19.5: [1022:1495] type 00 class 0x060000
[Wed Jun  1 18:37:13 2022] pci 0000:00:19.6: [1022:1496] type 00 class 0x060000
[Wed Jun  1 18:37:13 2022] pci 0000:00:19.7: [1022:1497] type 00 class 0x060000
[Wed Jun  1 18:37:13 2022] pci 0000:01:00.0: [1022:14c7] type 01 class 0x060400
[Wed Jun  1 18:37:13 2022] pci 0000:01:00.0: reg 0x10: [mem 0xf6200000-0xf6203fff]
[Wed Jun  1 18:37:13 2022] pci 0000:01:00.0: PME# supported from D0 D3hot D3cold
[Wed Jun  1 18:37:13 2022] pci 0000:00:01.1: PCI bridge to [bus 01-03]
[Wed Jun  1 18:37:13 2022] pci 0000:00:01.1:   bridge window [io  0x1000-0x1fff]
[Wed Jun  1 18:37:13 2022] pci 0000:00:01.1:   bridge window [mem 0xf6000000-0xf62fffff]
[Wed Jun  1 18:37:13 2022] pci 0000:00:01.1:   bridge window [mem 0x36000000000-0x380003fffff 64bit pref]
[Wed Jun  1 18:37:13 2022] pci 0000:02:00.0: [1002:14c8] type 01 class 0x060400
[Wed Jun  1 18:37:13 2022] pci 0000:02:00.0: PME# supported from D0 D3hot D3cold
[Wed Jun  1 18:37:13 2022] pci 0000:01:00.0: PCI bridge to [bus 02-03]
[Wed Jun  1 18:37:13 2022] pci 0000:01:00.0:   bridge window [io  0x1000-0x1fff]
[Wed Jun  1 18:37:13 2022] pci 0000:01:00.0:   bridge window [mem 0xf6000000-0xf61fffff]
[Wed Jun  1 18:37:13 2022] pci 0000:01:00.0:   bridge window [mem 0x36000000000-0x380003fffff 64bit pref]
[Wed Jun  1 18:37:13 2022] pci 0000:03:00.0: [1002:740f] type 00 class 0x038000
[Wed Jun  1 18:37:13 2022] pci 0000:03:00.0: reg 0x10: [mem 0x37000000000-0x37fffffffff 64bit pref]
[Wed Jun  1 18:37:13 2022] pci 0000:03:00.0: reg 0x18: [mem 0x38000200000-0x380003fffff 64bit pref]
[Wed Jun  1 18:37:13 2022] pci 0000:03:00.0: reg 0x20: [io  0x1000-0x10ff]
[Wed Jun  1 18:37:13 2022] pci 0000:03:00.0: reg 0x24: [mem 0xf6080000-0xf60fffff]
[Wed Jun  1 18:37:13 2022] pci 0000:03:00.0: reg 0x30: [mem 0xf6100000-0xf611ffff pref]
[Wed Jun  1 18:37:13 2022] pci 0000:03:00.0: PME# supported from D1 D2 D3hot D3cold
[Wed Jun  1 18:37:13 2022] pci 0000:03:00.0: reg 0x354: [mem 0x36000000000-0x36fffffffff 64bit pref]
[Wed Jun  1 18:37:13 2022] pci 0000:03:00.0: VF(n) BAR0 space: [mem 0x36000000000-0x36fffffffff 64bit pref] (contains BAR0 for 1 VFs)
[Wed Jun  1 18:37:13 2022] pci 0000:03:00.0: reg 0x35c: [mem 0x38000000000-0x380001fffff 64bit pref]
[Wed Jun  1 18:37:13 2022] pci 0000:03:00.0: VF(n) BAR2 space: [mem 0x38000000000-0x380001fffff 64bit pref] (contains BAR2 for 1 VFs)
[Wed Jun  1 18:37:13 2022] pci 0000:03:00.0: reg 0x368: [mem 0xf6000000-0xf607ffff]
[Wed Jun  1 18:37:13 2022] pci 0000:03:00.0: VF(n) BAR5 space: [mem 0xf6000000-0xf607ffff] (contains BAR5 for 1 VFs)
[Wed Jun  1 18:37:13 2022] pci 0000:02:00.0: PCI bridge to [bus 03]
[Wed Jun  1 18:37:13 2022] pci 0000:02:00.0:   bridge window [io  0x1000-0x1fff]
[Wed Jun  1 18:37:13 2022] pci 0000:02:00.0:   bridge window [mem 0xf6000000-0xf61fffff]
[Wed Jun  1 18:37:13 2022] pci 0000:02:00.0:   bridge window [mem 0x36000000000-0x380003fffff 64bit pref]
[Wed Jun  1 18:37:13 2022] pci 0000:04:00.0: [1022:148a] type 00 class 0x130000
[Wed Jun  1 18:37:13 2022] pci 0000:04:00.0: enabling Extended Tags
[Wed Jun  1 18:37:13 2022] pci 0000:04:00.2: [1022:1498] type 00 class 0x108000
[Wed Jun  1 18:37:13 2022] pci 0000:04:00.2: reg 0x18: [mem 0xf6500000-0xf657ffff]
[Wed Jun  1 18:37:13 2022] pci 0000:04:00.2: reg 0x24: [mem 0xf6580000-0xf6581fff]
[Wed Jun  1 18:37:13 2022] pci 0000:04:00.2: enabling Extended Tags
[Wed Jun  1 18:37:13 2022] pci 0000:00:07.1: PCI bridge to [bus 04]
[Wed Jun  1 18:37:13 2022] pci 0000:00:07.1:   bridge window [mem 0xf6500000-0xf65fffff]
[Wed Jun  1 18:37:13 2022] pci 0000:05:00.0: [1022:1485] type 00 class 0x130000
[Wed Jun  1 18:37:13 2022] pci 0000:05:00.0: enabling Extended Tags
[Wed Jun  1 18:37:13 2022] pci 0000:05:00.2: [1022:1498] type 00 class 0x108000
[Wed Jun  1 18:37:13 2022] pci 0000:05:00.2: reg 0x18: [mem 0xf6400000-0xf647ffff]
[Wed Jun  1 18:37:13 2022] pci 0000:05:00.2: reg 0x24: [mem 0xf6480000-0xf6481fff]
[Wed Jun  1 18:37:13 2022] pci 0000:05:00.2: enabling Extended Tags
[Wed Jun  1 18:37:13 2022] pci 0000:05:00.3: [1022:148c] type 00 class 0x0c0330
[Wed Jun  1 18:37:13 2022] pci 0000:05:00.3: reg 0x10: [mem 0xf6300000-0xf63fffff 64bit]
[Wed Jun  1 18:37:13 2022] pci 0000:05:00.3: enabling Extended Tags
[Wed Jun  1 18:37:13 2022] pci 0000:05:00.3: PME# supported from D0 D3hot D3cold
[Wed Jun  1 18:37:13 2022] pci 0000:00:08.1: PCI bridge to [bus 05]
[Wed Jun  1 18:37:13 2022] pci 0000:00:08.1:   bridge window [mem 0xf6300000-0xf64fffff]
[Wed Jun  1 18:37:13 2022] pci_bus 0000:00: on NUMA node 3
[Wed Jun  1 18:37:13 2022] ACPI: PCI Root Bridge [S0D2] (domain 0000 [bus 20-3f])
[Wed Jun  1 18:37:13 2022] acpi PNP0A08:03: _OSC: OS supports [ExtendedConfig ASPM ClockPM Segments MSI HPX-Type3]
[Wed Jun  1 18:37:13 2022] acpi PNP0A08:03: PCIe AER handled by firmware
[Wed Jun  1 18:37:13 2022] acpi PNP0A08:03: _OSC: platform does not support [LTR]
[Wed Jun  1 18:37:13 2022] acpi PNP0A08:03: _OSC: OS now controls [PCIeHotplug SHPCHotplug PME PCIeCapability]
[Wed Jun  1 18:37:13 2022] PCI host bridge to bus 0000:20
[Wed Jun  1 18:37:13 2022] pci_bus 0000:20: root bus resource [io  0x2000-0x2fff window]
[Wed Jun  1 18:37:13 2022] pci_bus 0000:20: root bus resource [mem 0xc4000000-0xc4cfffff window]
[Wed Jun  1 18:37:13 2022] pci_bus 0000:20: root bus resource [mem 0x20080200000-0x280801fffff window]
[Wed Jun  1 18:37:13 2022] pci_bus 0000:20: root bus resource [bus 20-3f]
[Wed Jun  1 18:37:13 2022] pci 0000:20:00.0: [1022:1480] type 00 class 0x060000
[Wed Jun  1 18:37:13 2022] pci 0000:20:01.0: [1022:1482] type 00 class 0x060000
[Wed Jun  1 18:37:13 2022] pci 0000:20:01.1: [1022:1483] type 01 class 0x060400
[Wed Jun  1 18:37:13 2022] pci 0000:20:01.1: PME# supported from D0 D3hot D3cold
[Wed Jun  1 18:37:13 2022] pci 0000:20:01.2: [1022:1483] type 01 class 0x060400
[Wed Jun  1 18:37:13 2022] pci 0000:20:01.2: PME# supported from D0 D3hot D3cold
[Wed Jun  1 18:37:13 2022] pci 0000:20:01.3: [1022:1483] type 01 class 0x060400
[Wed Jun  1 18:37:13 2022] pci 0000:20:01.3: PME# supported from D0 D3hot D3cold
[Wed Jun  1 18:37:13 2022] pci 0000:20:01.4: [1022:1483] type 01 class 0x060400
[Wed Jun  1 18:37:13 2022] pci 0000:20:01.4: PME# supported from D0 D3hot D3cold
[Wed Jun  1 18:37:13 2022] pci 0000:20:02.0: [1022:1482] type 00 class 0x060000
[Wed Jun  1 18:37:13 2022] pci 0000:20:03.0: [1022:1482] type 00 class 0x060000
[Wed Jun  1 18:37:13 2022] pci 0000:20:03.1: [1022:1483] type 01 class 0x060400
[Wed Jun  1 18:37:13 2022] pci 0000:20:03.1: PME# supported from D0 D3hot D3cold
[Wed Jun  1 18:37:13 2022] pci 0000:20:04.0: [1022:1482] type 00 class 0x060000
[Wed Jun  1 18:37:13 2022] pci 0000:20:05.0: [1022:1482] type 00 class 0x060000
[Wed Jun  1 18:37:13 2022] pci 0000:20:07.0: [1022:1482] type 00 class 0x060000
[Wed Jun  1 18:37:13 2022] pci 0000:20:07.1: [1022:1484] type 01 class 0x060400
[Wed Jun  1 18:37:13 2022] pci 0000:20:07.1: enabling Extended Tags
[Wed Jun  1 18:37:13 2022] pci 0000:20:07.1: PME# supported from D0 D3hot D3cold
[Wed Jun  1 18:37:13 2022] pci 0000:20:08.0: [1022:1482] type 00 class 0x060000
[Wed Jun  1 18:37:13 2022] pci 0000:20:08.1: [1022:1484] type 01 class 0x060400
[Wed Jun  1 18:37:13 2022] pci 0000:20:08.1: enabling Extended Tags
[Wed Jun  1 18:37:13 2022] pci 0000:20:08.1: PME# supported from D0 D3hot D3cold
[Wed Jun  1 18:37:13 2022] pci 0000:20:08.2: [1022:1484] type 01 class 0x060400
[Wed Jun  1 18:37:13 2022] pci 0000:20:08.2: enabling Extended Tags
[Wed Jun  1 18:37:13 2022] pci 0000:20:08.2: PME# supported from D0 D3hot D3cold
[Wed Jun  1 18:37:13 2022] pci 0000:20:08.3: [1022:1484] type 01 class 0x060400
[Wed Jun  1 18:37:13 2022] pci 0000:20:08.3: enabling Extended Tags
[Wed Jun  1 18:37:13 2022] pci 0000:20:08.3: PME# supported from D0 D3hot D3cold
[Wed Jun  1 18:37:13 2022] pci 0000:20:01.1: PCI bridge to [bus 21]
[Wed Jun  1 18:37:13 2022] pci 0000:20:01.1:   bridge window [mem 0xc4c00000-0xc4cfffff]
[Wed Jun  1 18:37:13 2022] pci 0000:20:01.2: PCI bridge to [bus 22]
[Wed Jun  1 18:37:13 2022] pci 0000:20:01.2:   bridge window [mem 0xc4b00000-0xc4bfffff]
[Wed Jun  1 18:37:13 2022] pci 0000:20:01.3: PCI bridge to [bus 23]
[Wed Jun  1 18:37:13 2022] pci 0000:20:01.3:   bridge window [mem 0xc4a00000-0xc4afffff]
[Wed Jun  1 18:37:13 2022] pci 0000:20:01.4: PCI bridge to [bus 24]
[Wed Jun  1 18:37:13 2022] pci 0000:20:01.4:   bridge window [mem 0xc4900000-0xc49fffff]
[Wed Jun  1 18:37:13 2022] pci 0000:25:00.0: [1022:14c7] type 01 class 0x060400
[Wed Jun  1 18:37:13 2022] pci 0000:25:00.0: reg 0x10: [mem 0xc4500000-0xc4503fff]
[Wed Jun  1 18:37:13 2022] pci 0000:25:00.0: PME# supported from D0 D3hot D3cold
[Wed Jun  1 18:37:13 2022] pci 0000:20:03.1: PCI bridge to [bus 25-27]
[Wed Jun  1 18:37:13 2022] pci 0000:20:03.1:   bridge window [io  0x2000-0x2fff]
[Wed Jun  1 18:37:13 2022] pci 0000:20:03.1:   bridge window [mem 0xc4300000-0xc45fffff]
[Wed Jun  1 18:37:13 2022] pci 0000:20:03.1:   bridge window [mem 0x26000000000-0x280003fffff 64bit pref]
[Wed Jun  1 18:37:13 2022] pci 0000:26:00.0: [1002:14c8] type 01 class 0x060400
[Wed Jun  1 18:37:13 2022] pci 0000:26:00.0: PME# supported from D0 D3hot D3cold
[Wed Jun  1 18:37:13 2022] pci 0000:25:00.0: PCI bridge to [bus 26-27]
[Wed Jun  1 18:37:13 2022] pci 0000:25:00.0:   bridge window [io  0x2000-0x2fff]
[Wed Jun  1 18:37:13 2022] pci 0000:25:00.0:   bridge window [mem 0xc4300000-0xc44fffff]
[Wed Jun  1 18:37:13 2022] pci 0000:25:00.0:   bridge window [mem 0x26000000000-0x280003fffff 64bit pref]
[Wed Jun  1 18:37:13 2022] pci 0000:27:00.0: [1002:740f] type 00 class 0x038000
[Wed Jun  1 18:37:13 2022] pci 0000:27:00.0: reg 0x10: [mem 0x27000000000-0x27fffffffff 64bit pref]
[Wed Jun  1 18:37:13 2022] pci 0000:27:00.0: reg 0x18: [mem 0x28000200000-0x280003fffff 64bit pref]
[Wed Jun  1 18:37:13 2022] pci 0000:27:00.0: reg 0x20: [io  0x2000-0x20ff]
[Wed Jun  1 18:37:13 2022] pci 0000:27:00.0: reg 0x24: [mem 0xc4380000-0xc43fffff]
[Wed Jun  1 18:37:13 2022] pci 0000:27:00.0: reg 0x30: [mem 0xc4400000-0xc441ffff pref]
[Wed Jun  1 18:37:13 2022] pci 0000:27:00.0: PME# supported from D1 D2 D3hot D3cold
[Wed Jun  1 18:37:13 2022] pci 0000:27:00.0: reg 0x354: [mem 0x26000000000-0x26fffffffff 64bit pref]
[Wed Jun  1 18:37:13 2022] pci 0000:27:00.0: VF(n) BAR0 space: [mem 0x26000000000-0x26fffffffff 64bit pref] (contains BAR0 for 1 VFs)
[Wed Jun  1 18:37:13 2022] pci 0000:27:00.0: reg 0x35c: [mem 0x28000000000-0x280001fffff 64bit pref]
[Wed Jun  1 18:37:13 2022] pci 0000:27:00.0: VF(n) BAR2 space: [mem 0x28000000000-0x280001fffff 64bit pref] (contains BAR2 for 1 VFs)
[Wed Jun  1 18:37:13 2022] pci 0000:27:00.0: reg 0x368: [mem 0xc4300000-0xc437ffff]
[Wed Jun  1 18:37:13 2022] pci 0000:27:00.0: VF(n) BAR5 space: [mem 0xc4300000-0xc437ffff] (contains BAR5 for 1 VFs)
[Wed Jun  1 18:37:13 2022] pci 0000:26:00.0: PCI bridge to [bus 27]
[Wed Jun  1 18:37:13 2022] pci 0000:26:00.0:   bridge window [io  0x2000-0x2fff]
[Wed Jun  1 18:37:13 2022] pci 0000:26:00.0:   bridge window [mem 0xc4300000-0xc44fffff]
[Wed Jun  1 18:37:13 2022] pci 0000:26:00.0:   bridge window [mem 0x26000000000-0x280003fffff 64bit pref]
[Wed Jun  1 18:37:13 2022] pci 0000:28:00.0: [1022:148a] type 00 class 0x130000
[Wed Jun  1 18:37:13 2022] pci 0000:28:00.0: enabling Extended Tags
[Wed Jun  1 18:37:13 2022] pci 0000:28:00.2: [1022:1498] type 00 class 0x108000
[Wed Jun  1 18:37:13 2022] pci 0000:28:00.2: reg 0x18: [mem 0xc4800000-0xc487ffff]
[Wed Jun  1 18:37:13 2022] pci 0000:28:00.2: reg 0x24: [mem 0xc4880000-0xc4881fff]
[Wed Jun  1 18:37:13 2022] pci 0000:28:00.2: enabling Extended Tags
[Wed Jun  1 18:37:13 2022] pci 0000:20:07.1: PCI bridge to [bus 28]
[Wed Jun  1 18:37:13 2022] pci 0000:20:07.1:   bridge window [mem 0xc4800000-0xc48fffff]
[Wed Jun  1 18:37:13 2022] pci 0000:29:00.0: [1022:1485] type 00 class 0x130000
[Wed Jun  1 18:37:13 2022] pci 0000:29:00.0: enabling Extended Tags
[Wed Jun  1 18:37:13 2022] pci 0000:29:00.1: [1022:1486] type 00 class 0x108000
[Wed Jun  1 18:37:13 2022] pci 0000:29:00.1: reg 0x18: [mem 0xc4100000-0xc41fffff]
[Wed Jun  1 18:37:13 2022] pci 0000:29:00.1: reg 0x24: [mem 0xc4282000-0xc4283fff]
[Wed Jun  1 18:37:13 2022] pci 0000:29:00.1: enabling Extended Tags
[Wed Jun  1 18:37:13 2022] pci 0000:29:00.2: [1022:1498] type 00 class 0x108000
[Wed Jun  1 18:37:13 2022] pci 0000:29:00.2: reg 0x18: [mem 0xc4200000-0xc427ffff]
[Wed Jun  1 18:37:13 2022] pci 0000:29:00.2: reg 0x24: [mem 0xc4280000-0xc4281fff]
[Wed Jun  1 18:37:13 2022] pci 0000:29:00.2: enabling Extended Tags
[Wed Jun  1 18:37:13 2022] pci 0000:29:00.3: [1022:148c] type 00 class 0x0c0330
[Wed Jun  1 18:37:13 2022] pci 0000:29:00.3: reg 0x10: [mem 0xc4000000-0xc40fffff 64bit]
[Wed Jun  1 18:37:13 2022] pci 0000:29:00.3: enabling Extended Tags
[Wed Jun  1 18:37:13 2022] pci 0000:29:00.3: PME# supported from D0 D3hot D3cold
[Wed Jun  1 18:37:13 2022] pci 0000:20:08.1: PCI bridge to [bus 29]
[Wed Jun  1 18:37:13 2022] pci 0000:20:08.1:   bridge window [mem 0xc4000000-0xc42fffff]
[Wed Jun  1 18:37:13 2022] pci 0000:2a:00.0: [1022:7901] type 00 class 0x010601
[Wed Jun  1 18:37:13 2022] pci 0000:2a:00.0: reg 0x24: [mem 0xc4700000-0xc47007ff]
[Wed Jun  1 18:37:13 2022] pci 0000:2a:00.0: enabling Extended Tags
[Wed Jun  1 18:37:13 2022] pci 0000:2a:00.0: PME# supported from D3hot D3cold
[Wed Jun  1 18:37:13 2022] pci 0000:20:08.2: PCI bridge to [bus 2a]
[Wed Jun  1 18:37:13 2022] pci 0000:20:08.2:   bridge window [mem 0xc4700000-0xc47fffff]
[Wed Jun  1 18:37:13 2022] pci 0000:2b:00.0: [1022:7901] type 00 class 0x010601
[Wed Jun  1 18:37:13 2022] pci 0000:2b:00.0: reg 0x24: [mem 0xc4600000-0xc46007ff]
[Wed Jun  1 18:37:13 2022] pci 0000:2b:00.0: enabling Extended Tags
[Wed Jun  1 18:37:13 2022] pci 0000:2b:00.0: PME# supported from D3hot D3cold
[Wed Jun  1 18:37:13 2022] pci 0000:20:08.3: PCI bridge to [bus 2b]
[Wed Jun  1 18:37:13 2022] pci 0000:20:08.3:   bridge window [mem 0xc4600000-0xc46fffff]
[Wed Jun  1 18:37:13 2022] pci_bus 0000:20: on NUMA node 2
[Wed Jun  1 18:37:13 2022] ACPI: PCI Root Bridge [S1D0] (domain 0000 [bus e0-ff])
[Wed Jun  1 18:37:13 2022] acpi PNP0A08:04: _OSC: OS supports [ExtendedConfig ASPM ClockPM Segments MSI HPX-Type3]
[Wed Jun  1 18:37:13 2022] acpi PNP0A08:04: PCIe AER handled by firmware
[Wed Jun  1 18:37:13 2022] acpi PNP0A08:04: _OSC: platform does not support [LTR]
[Wed Jun  1 18:37:13 2022] acpi PNP0A08:04: _OSC: OS now controls [PCIeHotplug SHPCHotplug PME PCIeCapability]
[Wed Jun  1 18:37:13 2022] PCI host bridge to bus 0000:e0
[Wed Jun  1 18:37:13 2022] pci_bus 0000:e0: root bus resource [io  0x6000-0x8fff window]
[Wed Jun  1 18:37:13 2022] pci_bus 0000:e0: root bus resource [mem 0xc0000000-0xc06fffff window]
[Wed Jun  1 18:37:13 2022] pci_bus 0000:e0: root bus resource [mem 0x380e0200000-0x400e01fffff window]
[Wed Jun  1 18:37:13 2022] pci_bus 0000:e0: root bus resource [bus e0-ff]
[Wed Jun  1 18:37:13 2022] pci 0000:e0:00.0: [1022:1480] type 00 class 0x060000
[Wed Jun  1 18:37:13 2022] pci 0000:e0:01.0: [1022:1482] type 00 class 0x060000
[Wed Jun  1 18:37:13 2022] pci 0000:e0:02.0: [1022:1482] type 00 class 0x060000
[Wed Jun  1 18:37:13 2022] pci 0000:e0:03.0: [1022:1482] type 00 class 0x060000
[Wed Jun  1 18:37:13 2022] pci 0000:e0:03.1: [1022:1483] type 01 class 0x060400
[Wed Jun  1 18:37:13 2022] pci 0000:e0:03.1: PME# supported from D0 D3hot D3cold
[Wed Jun  1 18:37:13 2022] pci 0000:e0:04.0: [1022:1482] type 00 class 0x060000
[Wed Jun  1 18:37:13 2022] pci 0000:e0:05.0: [1022:1482] type 00 class 0x060000
[Wed Jun  1 18:37:13 2022] pci 0000:e0:05.1: [1022:1483] type 01 class 0x060400
[Wed Jun  1 18:37:13 2022] pci 0000:e0:05.1: PME# supported from D0 D3hot D3cold
[Wed Jun  1 18:37:13 2022] pci 0000:e0:07.0: [1022:1482] type 00 class 0x060000
[Wed Jun  1 18:37:13 2022] pci 0000:e0:07.1: [1022:1484] type 01 class 0x060400
[Wed Jun  1 18:37:13 2022] pci 0000:e0:07.1: enabling Extended Tags
[Wed Jun  1 18:37:13 2022] pci 0000:e0:07.1: PME# supported from D0 D3hot D3cold
[Wed Jun  1 18:37:13 2022] pci 0000:e0:08.0: [1022:1482] type 00 class 0x060000
[Wed Jun  1 18:37:13 2022] pci 0000:e0:08.1: [1022:1484] type 01 class 0x060400
[Wed Jun  1 18:37:13 2022] pci 0000:e0:08.1: enabling Extended Tags
[Wed Jun  1 18:37:13 2022] pci 0000:e0:08.1: PME# supported from D0 D3hot D3cold
[Wed Jun  1 18:37:13 2022] pci 0000:e1:00.0: [1000:005d] type 00 class 0x010400
[Wed Jun  1 18:37:13 2022] pci 0000:e1:00.0: reg 0x10: [io  0x8000-0x80ff]
[Wed Jun  1 18:37:13 2022] pci 0000:e1:00.0: reg 0x14: [mem 0xc0200000-0xc020ffff 64bit]
[Wed Jun  1 18:37:13 2022] pci 0000:e1:00.0: reg 0x1c: [mem 0xc0100000-0xc01fffff 64bit]
[Wed Jun  1 18:37:13 2022] pci 0000:e1:00.0: reg 0x30: [mem 0xc0000000-0xc00fffff pref]
[Wed Jun  1 18:37:13 2022] pci 0000:e1:00.0: supports D1 D2
[Wed Jun  1 18:37:13 2022] pci 0000:e0:03.1: PCI bridge to [bus e1]
[Wed Jun  1 18:37:13 2022] pci 0000:e0:03.1:   bridge window [io  0x8000-0x8fff]
[Wed Jun  1 18:37:13 2022] pci 0000:e0:03.1:   bridge window [mem 0xc0000000-0xc02fffff]
[Wed Jun  1 18:37:13 2022] pci 0000:e2:00.0: [12d8:2404] type 01 class 0x060400
[Wed Jun  1 18:37:13 2022] pci 0000:e2:00.0: supports D1 D2
[Wed Jun  1 18:37:13 2022] pci 0000:e2:00.0: PME# supported from D0 D1 D2 D3hot D3cold
[Wed Jun  1 18:37:13 2022] pci 0000:e0:05.1: PCI bridge to [bus e2-e7]
[Wed Jun  1 18:37:13 2022] pci 0000:e0:05.1:   bridge window [io  0x6000-0x7fff]
[Wed Jun  1 18:37:13 2022] pci 0000:e0:05.1:   bridge window [mem 0xc0300000-0xc04fffff]
[Wed Jun  1 18:37:13 2022] pci 0000:e0:05.1:   bridge window [mem 0x400e0100000-0x400e01fffff 64bit pref]
[Wed Jun  1 18:37:13 2022] pci 0000:e3:01.0: [12d8:2404] type 01 class 0x060400
[Wed Jun  1 18:37:13 2022] pci 0000:e3:01.0: supports D1 D2
[Wed Jun  1 18:37:13 2022] pci 0000:e3:01.0: PME# supported from D0 D1 D2 D3hot D3cold
[Wed Jun  1 18:37:13 2022] pci 0000:e3:02.0: [12d8:2404] type 01 class 0x060400
[Wed Jun  1 18:37:13 2022] pci 0000:e3:02.0: supports D1 D2
[Wed Jun  1 18:37:13 2022] pci 0000:e3:02.0: PME# supported from D0 D1 D2 D3hot D3cold
[Wed Jun  1 18:37:13 2022] pci 0000:e3:03.0: [12d8:2404] type 01 class 0x060400
[Wed Jun  1 18:37:13 2022] pci 0000:e3:03.0: supports D1 D2
[Wed Jun  1 18:37:13 2022] pci 0000:e3:03.0: PME# supported from D0 D1 D2 D3hot D3cold
[Wed Jun  1 18:37:13 2022] pci 0000:e2:00.0: PCI bridge to [bus e3-e7]
[Wed Jun  1 18:37:13 2022] pci 0000:e2:00.0:   bridge window [io  0x6000-0x7fff]
[Wed Jun  1 18:37:13 2022] pci 0000:e2:00.0:   bridge window [mem 0xc0300000-0xc04fffff]
[Wed Jun  1 18:37:13 2022] pci 0000:e2:00.0:   bridge window [mem 0x400e0100000-0x400e01fffff 64bit pref]
[Wed Jun  1 18:37:13 2022] pci 0000:e3:01.0: PCI bridge to [bus e4]
[Wed Jun  1 18:37:13 2022] pci 0000:e5:00.0: [8086:1521] type 00 class 0x020000
[Wed Jun  1 18:37:13 2022] pci 0000:e5:00.0: reg 0x10: [mem 0xc0420000-0xc043ffff]
[Wed Jun  1 18:37:13 2022] pci 0000:e5:00.0: reg 0x18: [io  0x7020-0x703f]
[Wed Jun  1 18:37:13 2022] pci 0000:e5:00.0: reg 0x1c: [mem 0xc0444000-0xc0447fff]
[Wed Jun  1 18:37:13 2022] pci 0000:e5:00.0: PME# supported from D0 D3hot D3cold
[Wed Jun  1 18:37:13 2022] pci 0000:e5:00.0: reg 0x184: [mem 0x400e0160000-0x400e0163fff 64bit pref]
[Wed Jun  1 18:37:13 2022] pci 0000:e5:00.0: VF(n) BAR0 space: [mem 0x400e0160000-0x400e017ffff 64bit pref] (contains BAR0 for 8 VFs)
[Wed Jun  1 18:37:13 2022] pci 0000:e5:00.0: reg 0x190: [mem 0x400e0140000-0x400e0143fff 64bit pref]
[Wed Jun  1 18:37:13 2022] pci 0000:e5:00.0: VF(n) BAR3 space: [mem 0x400e0140000-0x400e015ffff 64bit pref] (contains BAR3 for 8 VFs)
[Wed Jun  1 18:37:13 2022] pci 0000:e5:00.0: 4.000 Gb/s available PCIe bandwidth, limited by 5 GT/s x1 link at 0000:e0:05.1 (capable of 16.000 Gb/s with 5 GT/s x4 link)
[Wed Jun  1 18:37:13 2022] pci 0000:e5:00.1: [8086:1521] type 00 class 0x020000
[Wed Jun  1 18:37:13 2022] pci 0000:e5:00.1: reg 0x10: [mem 0xc0400000-0xc041ffff]
[Wed Jun  1 18:37:13 2022] pci 0000:e5:00.1: reg 0x18: [io  0x7000-0x701f]
[Wed Jun  1 18:37:13 2022] pci 0000:e5:00.1: reg 0x1c: [mem 0xc0440000-0xc0443fff]
[Wed Jun  1 18:37:13 2022] pci 0000:e5:00.1: PME# supported from D0 D3hot D3cold
[Wed Jun  1 18:37:13 2022] pci 0000:e5:00.1: reg 0x184: [mem 0x400e0120000-0x400e0123fff 64bit pref]
[Wed Jun  1 18:37:13 2022] pci 0000:e5:00.1: VF(n) BAR0 space: [mem 0x400e0120000-0x400e013ffff 64bit pref] (contains BAR0 for 8 VFs)
[Wed Jun  1 18:37:13 2022] pci 0000:e5:00.1: reg 0x190: [mem 0x400e0100000-0x400e0103fff 64bit pref]
[Wed Jun  1 18:37:13 2022] pci 0000:e5:00.1: VF(n) BAR3 space: [mem 0x400e0100000-0x400e011ffff 64bit pref] (contains BAR3 for 8 VFs)
[Wed Jun  1 18:37:13 2022] pci 0000:e3:02.0: PCI bridge to [bus e5-e6]
[Wed Jun  1 18:37:13 2022] pci 0000:e3:02.0:   bridge window [io  0x7000-0x7fff]
[Wed Jun  1 18:37:13 2022] pci 0000:e3:02.0:   bridge window [mem 0xc0400000-0xc04fffff]
[Wed Jun  1 18:37:13 2022] pci 0000:e3:02.0:   bridge window [mem 0x400e0100000-0x400e01fffff 64bit pref]
[Wed Jun  1 18:37:13 2022] pci 0000:e7:00.0: [1b4b:9230] type 00 class 0x010601
[Wed Jun  1 18:37:13 2022] pci 0000:e7:00.0: reg 0x10: [io  0x6050-0x6057]
[Wed Jun  1 18:37:13 2022] pci 0000:e7:00.0: reg 0x14: [io  0x6040-0x6043]
[Wed Jun  1 18:37:13 2022] pci 0000:e7:00.0: reg 0x18: [io  0x6030-0x6037]
[Wed Jun  1 18:37:13 2022] pci 0000:e7:00.0: reg 0x1c: [io  0x6020-0x6023]
[Wed Jun  1 18:37:13 2022] pci 0000:e7:00.0: reg 0x20: [io  0x6000-0x601f]
[Wed Jun  1 18:37:13 2022] pci 0000:e7:00.0: reg 0x24: [mem 0xc0340000-0xc03407ff]
[Wed Jun  1 18:37:13 2022] pci 0000:e7:00.0: reg 0x30: [mem 0xc0300000-0xc033ffff pref]
[Wed Jun  1 18:37:13 2022] pci 0000:e7:00.0: Enabling fixed DMA alias to 00.1
[Wed Jun  1 18:37:13 2022] pci 0000:e7:00.0: PME# supported from D3hot
[Wed Jun  1 18:37:13 2022] pci 0000:e7:00.0: 4.000 Gb/s available PCIe bandwidth, limited by 5 GT/s x1 link at 0000:e0:05.1 (capable of 8.000 Gb/s with 5 GT/s x2 link)
[Wed Jun  1 18:37:13 2022] pci 0000:e3:03.0: PCI bridge to [bus e7]
[Wed Jun  1 18:37:13 2022] pci 0000:e3:03.0:   bridge window [io  0x6000-0x6fff]
[Wed Jun  1 18:37:13 2022] pci 0000:e3:03.0:   bridge window [mem 0xc0300000-0xc03fffff]
[Wed Jun  1 18:37:13 2022] pci 0000:e8:00.0: [1022:148a] type 00 class 0x130000
[Wed Jun  1 18:37:13 2022] pci 0000:e8:00.0: enabling Extended Tags
[Wed Jun  1 18:37:13 2022] pci 0000:e8:00.2: [1022:1498] type 00 class 0x108000
[Wed Jun  1 18:37:13 2022] pci 0000:e8:00.2: reg 0x18: [mem 0xc0600000-0xc067ffff]
[Wed Jun  1 18:37:13 2022] pci 0000:e8:00.2: reg 0x24: [mem 0xc0680000-0xc0681fff]
[Wed Jun  1 18:37:13 2022] pci 0000:e8:00.2: enabling Extended Tags
[Wed Jun  1 18:37:13 2022] pci 0000:e0:07.1: PCI bridge to [bus e8]
[Wed Jun  1 18:37:13 2022] pci 0000:e0:07.1:   bridge window [mem 0xc0600000-0xc06fffff]
[Wed Jun  1 18:37:13 2022] pci 0000:e9:00.0: [1022:1485] type 00 class 0x130000
[Wed Jun  1 18:37:13 2022] pci 0000:e9:00.0: enabling Extended Tags
[Wed Jun  1 18:37:13 2022] pci 0000:e9:00.2: [1022:1498] type 00 class 0x108000
[Wed Jun  1 18:37:13 2022] pci 0000:e9:00.2: reg 0x18: [mem 0xc0500000-0xc057ffff]
[Wed Jun  1 18:37:13 2022] pci 0000:e9:00.2: reg 0x24: [mem 0xc0580000-0xc0581fff]
[Wed Jun  1 18:37:13 2022] pci 0000:e9:00.2: enabling Extended Tags
[Wed Jun  1 18:37:13 2022] pci 0000:e0:08.1: PCI bridge to [bus e9]
[Wed Jun  1 18:37:13 2022] pci 0000:e0:08.1:   bridge window [mem 0xc0500000-0xc05fffff]
[Wed Jun  1 18:37:13 2022] pci_bus 0000:e0: on NUMA node 4
[Wed Jun  1 18:37:13 2022] ACPI: PCI Root Bridge [S1D1] (domain 0000 [bus c0-df])
[Wed Jun  1 18:37:13 2022] acpi PNP0A08:05: _OSC: OS supports [ExtendedConfig ASPM ClockPM Segments MSI HPX-Type3]
[Wed Jun  1 18:37:13 2022] acpi PNP0A08:05: PCIe AER handled by firmware
[Wed Jun  1 18:37:13 2022] acpi PNP0A08:05: _OSC: platform does not support [LTR]
[Wed Jun  1 18:37:13 2022] acpi PNP0A08:05: _OSC: OS now controls [PCIeHotplug SHPCHotplug PME PCIeCapability]
[Wed Jun  1 18:37:13 2022] PCI host bridge to bus 0000:c0
[Wed Jun  1 18:37:13 2022] pci_bus 0000:c0: root bus resource [mem 0xba000000-0xba5fffff window]
[Wed Jun  1 18:37:13 2022] pci_bus 0000:c0: root bus resource [mem 0x40110200000-0x481101fffff window]
[Wed Jun  1 18:37:13 2022] pci_bus 0000:c0: root bus resource [bus c0-df]
[Wed Jun  1 18:37:13 2022] pci 0000:c0:00.0: [1022:1480] type 00 class 0x060000
[Wed Jun  1 18:37:13 2022] pci 0000:c0:01.0: [1022:1482] type 00 class 0x060000
[Wed Jun  1 18:37:13 2022] pci 0000:c0:02.0: [1022:1482] type 00 class 0x060000
[Wed Jun  1 18:37:13 2022] pci 0000:c0:03.0: [1022:1482] type 00 class 0x060000
[Wed Jun  1 18:37:13 2022] pci 0000:c0:03.1: [1022:1483] type 01 class 0x060400
[Wed Jun  1 18:37:13 2022] pci 0000:c0:03.1: PME# supported from D0 D3hot D3cold
[Wed Jun  1 18:37:13 2022] pci 0000:c0:04.0: [1022:1482] type 00 class 0x060000
[Wed Jun  1 18:37:13 2022] pci 0000:c0:05.0: [1022:1482] type 00 class 0x060000
[Wed Jun  1 18:37:13 2022] pci 0000:c0:07.0: [1022:1482] type 00 class 0x060000
[Wed Jun  1 18:37:13 2022] pci 0000:c0:07.1: [1022:1484] type 01 class 0x060400
[Wed Jun  1 18:37:13 2022] pci 0000:c0:07.1: enabling Extended Tags
[Wed Jun  1 18:37:13 2022] pci 0000:c0:07.1: PME# supported from D0 D3hot D3cold
[Wed Jun  1 18:37:13 2022] pci 0000:c0:08.0: [1022:1482] type 00 class 0x060000
[Wed Jun  1 18:37:13 2022] pci 0000:c0:08.1: [1022:1484] type 01 class 0x060400
[Wed Jun  1 18:37:13 2022] pci 0000:c0:08.1: enabling Extended Tags
[Wed Jun  1 18:37:13 2022] pci 0000:c0:08.1: PME# supported from D0 D3hot D3cold
[Wed Jun  1 18:37:13 2022] pci 0000:c0:08.2: [1022:1484] type 01 class 0x060400
[Wed Jun  1 18:37:13 2022] pci 0000:c0:08.2: enabling Extended Tags
[Wed Jun  1 18:37:13 2022] pci 0000:c0:08.2: PME# supported from D0 D3hot D3cold
[Wed Jun  1 18:37:13 2022] pci 0000:c0:08.3: [1022:1484] type 01 class 0x060400
[Wed Jun  1 18:37:13 2022] pci 0000:c0:08.3: enabling Extended Tags
[Wed Jun  1 18:37:13 2022] pci 0000:c0:08.3: PME# supported from D0 D3hot D3cold
[Wed Jun  1 18:37:13 2022] pci 0000:c1:00.0: [15b3:101b] type 00 class 0x020700
[Wed Jun  1 18:37:13 2022] pci 0000:c1:00.0: reg 0x10: [mem 0x4810e000000-0x4810fffffff 64bit pref]
[Wed Jun  1 18:37:13 2022] pci 0000:c1:00.0: reg 0x30: [mem 0xba100000-0xba1fffff pref]
[Wed Jun  1 18:37:13 2022] pci 0000:c1:00.0: PME# supported from D3cold
[Wed Jun  1 18:37:13 2022] pci 0000:c1:00.1: [15b3:101b] type 00 class 0x020000
[Wed Jun  1 18:37:13 2022] pci 0000:c1:00.1: reg 0x10: [mem 0x4810c000000-0x4810dffffff 64bit pref]
[Wed Jun  1 18:37:13 2022] pci 0000:c1:00.1: reg 0x30: [mem 0xba000000-0xba0fffff pref]
[Wed Jun  1 18:37:13 2022] pci 0000:c1:00.1: PME# supported from D3cold
[Wed Jun  1 18:37:13 2022] pci 0000:c0:03.1: PCI bridge to [bus c1]
[Wed Jun  1 18:37:13 2022] pci 0000:c0:03.1:   bridge window [mem 0xba000000-0xba1fffff]
[Wed Jun  1 18:37:13 2022] pci 0000:c0:03.1:   bridge window [mem 0x4810c000000-0x4810fffffff 64bit pref]
[Wed Jun  1 18:37:13 2022] pci 0000:c2:00.0: [1022:148a] type 00 class 0x130000
[Wed Jun  1 18:37:13 2022] pci 0000:c2:00.0: enabling Extended Tags
[Wed Jun  1 18:37:13 2022] pci 0000:c2:00.2: [1022:1498] type 00 class 0x108000
[Wed Jun  1 18:37:13 2022] pci 0000:c2:00.2: reg 0x18: [mem 0xba500000-0xba57ffff]
[Wed Jun  1 18:37:13 2022] pci 0000:c2:00.2: reg 0x24: [mem 0xba580000-0xba581fff]
[Wed Jun  1 18:37:13 2022] pci 0000:c2:00.2: enabling Extended Tags
[Wed Jun  1 18:37:13 2022] pci 0000:c0:07.1: PCI bridge to [bus c2]
[Wed Jun  1 18:37:13 2022] pci 0000:c0:07.1:   bridge window [mem 0xba500000-0xba5fffff]
[Wed Jun  1 18:37:13 2022] pci 0000:c3:00.0: [1022:1485] type 00 class 0x130000
[Wed Jun  1 18:37:13 2022] pci 0000:c3:00.0: enabling Extended Tags
[Wed Jun  1 18:37:13 2022] pci 0000:c3:00.2: [1022:1498] type 00 class 0x108000
[Wed Jun  1 18:37:13 2022] pci 0000:c3:00.2: reg 0x18: [mem 0xba400000-0xba47ffff]
[Wed Jun  1 18:37:13 2022] pci 0000:c3:00.2: reg 0x24: [mem 0xba480000-0xba481fff]
[Wed Jun  1 18:37:13 2022] pci 0000:c3:00.2: enabling Extended Tags
[Wed Jun  1 18:37:13 2022] pci 0000:c0:08.1: PCI bridge to [bus c3]
[Wed Jun  1 18:37:13 2022] pci 0000:c0:08.1:   bridge window [mem 0xba400000-0xba4fffff]
[Wed Jun  1 18:37:13 2022] pci 0000:c4:00.0: [1022:7901] type 00 class 0x010601
[Wed Jun  1 18:37:13 2022] pci 0000:c4:00.0: reg 0x24: [mem 0xba300000-0xba3007ff]
[Wed Jun  1 18:37:13 2022] pci 0000:c4:00.0: enabling Extended Tags
[Wed Jun  1 18:37:13 2022] pci 0000:c4:00.0: PME# supported from D3hot D3cold
[Wed Jun  1 18:37:13 2022] pci 0000:c0:08.2: PCI bridge to [bus c4]
[Wed Jun  1 18:37:13 2022] pci 0000:c0:08.2:   bridge window [mem 0xba300000-0xba3fffff]
[Wed Jun  1 18:37:13 2022] pci 0000:c5:00.0: [1022:7901] type 00 class 0x010601
[Wed Jun  1 18:37:13 2022] pci 0000:c5:00.0: reg 0x24: [mem 0xba200000-0xba2007ff]
[Wed Jun  1 18:37:13 2022] pci 0000:c5:00.0: enabling Extended Tags
[Wed Jun  1 18:37:13 2022] pci 0000:c5:00.0: PME# supported from D3hot D3cold
[Wed Jun  1 18:37:13 2022] pci 0000:c0:08.3: PCI bridge to [bus c5]
[Wed Jun  1 18:37:13 2022] pci 0000:c0:08.3:   bridge window [mem 0xba200000-0xba2fffff]
[Wed Jun  1 18:37:13 2022] pci_bus 0000:c0: on NUMA node 5
[Wed Jun  1 18:37:13 2022] ACPI: PCI Root Bridge [S1D3] (domain 0000 [bus 80-9f])
[Wed Jun  1 18:37:13 2022] acpi PNP0A08:06: _OSC: OS supports [ExtendedConfig ASPM ClockPM Segments MSI HPX-Type3]
[Wed Jun  1 18:37:13 2022] acpi PNP0A08:06: PCIe AER handled by firmware
[Wed Jun  1 18:37:13 2022] acpi PNP0A08:06: _OSC: platform does not support [LTR]
[Wed Jun  1 18:37:13 2022] acpi PNP0A08:06: _OSC: OS now controls [PCIeHotplug SHPCHotplug PME PCIeCapability]
[Wed Jun  1 18:37:13 2022] PCI host bridge to bus 0000:80
[Wed Jun  1 18:37:13 2022] pci_bus 0000:80: root bus resource [mem 0xb0000000-0xb02fffff window]
[Wed Jun  1 18:37:13 2022] pci_bus 0000:80: root bus resource [mem 0x50170200000-0x581701fffff window]
[Wed Jun  1 18:37:13 2022] pci_bus 0000:80: root bus resource [bus 80-9f]
[Wed Jun  1 18:37:13 2022] pci 0000:80:00.0: [1022:1480] type 00 class 0x060000
[Wed Jun  1 18:37:13 2022] pci 0000:80:01.0: [1022:1482] type 00 class 0x060000
[Wed Jun  1 18:37:13 2022] pci 0000:80:02.0: [1022:1482] type 00 class 0x060000
[Wed Jun  1 18:37:13 2022] pci 0000:80:03.0: [1022:1482] type 00 class 0x060000
[Wed Jun  1 18:37:13 2022] pci 0000:80:04.0: [1022:1482] type 00 class 0x060000
[Wed Jun  1 18:37:13 2022] pci 0000:80:05.0: [1022:1482] type 00 class 0x060000
[Wed Jun  1 18:37:13 2022] pci 0000:80:07.0: [1022:1482] type 00 class 0x060000
[Wed Jun  1 18:37:13 2022] pci 0000:80:07.1: [1022:1484] type 01 class 0x060400
[Wed Jun  1 18:37:13 2022] pci 0000:80:07.1: enabling Extended Tags
[Wed Jun  1 18:37:13 2022] pci 0000:80:07.1: PME# supported from D0 D3hot D3cold
[Wed Jun  1 18:37:13 2022] pci 0000:80:08.0: [1022:1482] type 00 class 0x060000
[Wed Jun  1 18:37:13 2022] pci 0000:80:08.1: [1022:1484] type 01 class 0x060400
[Wed Jun  1 18:37:13 2022] pci 0000:80:08.1: enabling Extended Tags
[Wed Jun  1 18:37:13 2022] pci 0000:80:08.1: PME# supported from D0 D3hot D3cold
[Wed Jun  1 18:37:13 2022] pci 0000:81:00.0: [1022:148a] type 00 class 0x130000
[Wed Jun  1 18:37:13 2022] pci 0000:81:00.0: enabling Extended Tags
[Wed Jun  1 18:37:13 2022] pci 0000:81:00.2: [1022:1498] type 00 class 0x108000
[Wed Jun  1 18:37:13 2022] pci 0000:81:00.2: reg 0x18: [mem 0xb0200000-0xb027ffff]
[Wed Jun  1 18:37:13 2022] pci 0000:81:00.2: reg 0x24: [mem 0xb0280000-0xb0281fff]
[Wed Jun  1 18:37:13 2022] pci 0000:81:00.2: enabling Extended Tags
[Wed Jun  1 18:37:13 2022] pci 0000:80:07.1: PCI bridge to [bus 81]
[Wed Jun  1 18:37:13 2022] pci 0000:80:07.1:   bridge window [mem 0xb0200000-0xb02fffff]
[Wed Jun  1 18:37:13 2022] pci 0000:82:00.0: [1022:1485] type 00 class 0x130000
[Wed Jun  1 18:37:13 2022] pci 0000:82:00.0: enabling Extended Tags
[Wed Jun  1 18:37:13 2022] pci 0000:82:00.2: [1022:1498] type 00 class 0x108000
[Wed Jun  1 18:37:13 2022] pci 0000:82:00.2: reg 0x18: [mem 0xb0100000-0xb017ffff]
[Wed Jun  1 18:37:13 2022] pci 0000:82:00.2: reg 0x24: [mem 0xb0180000-0xb0181fff]
[Wed Jun  1 18:37:13 2022] pci 0000:82:00.2: enabling Extended Tags
[Wed Jun  1 18:37:13 2022] pci 0000:82:00.3: [1022:148c] type 00 class 0x0c0330
[Wed Jun  1 18:37:13 2022] pci 0000:82:00.3: reg 0x10: [mem 0xb0000000-0xb00fffff 64bit]
[Wed Jun  1 18:37:13 2022] pci 0000:82:00.3: enabling Extended Tags
[Wed Jun  1 18:37:13 2022] pci 0000:82:00.3: PME# supported from D0 D3hot D3cold
[Wed Jun  1 18:37:13 2022] pci 0000:80:08.1: PCI bridge to [bus 82]
[Wed Jun  1 18:37:13 2022] pci 0000:80:08.1:   bridge window [mem 0xb0000000-0xb01fffff]
[Wed Jun  1 18:37:13 2022] pci_bus 0000:80: on NUMA node 7
[Wed Jun  1 18:37:13 2022] ACPI: PCI Root Bridge [S1D2] (domain 0000 [bus a0-bf])
[Wed Jun  1 18:37:13 2022] acpi PNP0A08:07: _OSC: OS supports [ExtendedConfig ASPM ClockPM Segments MSI HPX-Type3]
[Wed Jun  1 18:37:13 2022] acpi PNP0A08:07: PCIe AER handled by firmware
[Wed Jun  1 18:37:13 2022] acpi PNP0A08:07: _OSC: platform does not support [LTR]
[Wed Jun  1 18:37:13 2022] acpi PNP0A08:07: _OSC: OS now controls [PCIeHotplug SHPCHotplug PME PCIeCapability]
[Wed Jun  1 18:37:13 2022] PCI host bridge to bus 0000:a0
[Wed Jun  1 18:37:13 2022] pci_bus 0000:a0: root bus resource [mem 0xb6000000-0xb65fffff window]
[Wed Jun  1 18:37:13 2022] pci_bus 0000:a0: root bus resource [mem 0x48140200000-0x501401fffff window]
[Wed Jun  1 18:37:13 2022] pci_bus 0000:a0: root bus resource [bus a0-bf]
[Wed Jun  1 18:37:13 2022] pci 0000:a0:00.0: [1022:1480] type 00 class 0x060000
[Wed Jun  1 18:37:13 2022] pci 0000:a0:01.0: [1022:1482] type 00 class 0x060000
[Wed Jun  1 18:37:13 2022] pci 0000:a0:02.0: [1022:1482] type 00 class 0x060000
[Wed Jun  1 18:37:13 2022] pci 0000:a0:03.0: [1022:1482] type 00 class 0x060000
[Wed Jun  1 18:37:13 2022] pci 0000:a0:04.0: [1022:1482] type 00 class 0x060000
[Wed Jun  1 18:37:13 2022] pci 0000:a0:05.0: [1022:1482] type 00 class 0x060000
[Wed Jun  1 18:37:13 2022] pci 0000:a0:07.0: [1022:1482] type 00 class 0x060000
[Wed Jun  1 18:37:13 2022] pci 0000:a0:07.1: [1022:1484] type 01 class 0x060400
[Wed Jun  1 18:37:13 2022] pci 0000:a0:07.1: enabling Extended Tags
[Wed Jun  1 18:37:13 2022] pci 0000:a0:07.1: PME# supported from D0 D3hot D3cold
[Wed Jun  1 18:37:13 2022] pci 0000:a0:08.0: [1022:1482] type 00 class 0x060000
[Wed Jun  1 18:37:13 2022] pci 0000:a0:08.1: [1022:1484] type 01 class 0x060400
[Wed Jun  1 18:37:13 2022] pci 0000:a0:08.1: enabling Extended Tags
[Wed Jun  1 18:37:13 2022] pci 0000:a0:08.1: PME# supported from D0 D3hot D3cold
[Wed Jun  1 18:37:13 2022] pci 0000:a0:08.2: [1022:1484] type 01 class 0x060400
[Wed Jun  1 18:37:13 2022] pci 0000:a0:08.2: enabling Extended Tags
[Wed Jun  1 18:37:13 2022] pci 0000:a0:08.2: PME# supported from D0 D3hot D3cold
[Wed Jun  1 18:37:13 2022] pci 0000:a0:08.3: [1022:1484] type 01 class 0x060400
[Wed Jun  1 18:37:13 2022] pci 0000:a0:08.3: enabling Extended Tags
[Wed Jun  1 18:37:13 2022] pci 0000:a0:08.3: PME# supported from D0 D3hot D3cold
[Wed Jun  1 18:37:13 2022] pci 0000:a1:00.0: [1022:148a] type 00 class 0x130000
[Wed Jun  1 18:37:13 2022] pci 0000:a1:00.0: enabling Extended Tags
[Wed Jun  1 18:37:13 2022] pci 0000:a1:00.2: [1022:1498] type 00 class 0x108000
[Wed Jun  1 18:37:13 2022] pci 0000:a1:00.2: reg 0x18: [mem 0xb6500000-0xb657ffff]
[Wed Jun  1 18:37:13 2022] pci 0000:a1:00.2: reg 0x24: [mem 0xb6580000-0xb6581fff]
[Wed Jun  1 18:37:13 2022] pci 0000:a1:00.2: enabling Extended Tags
[Wed Jun  1 18:37:13 2022] pci 0000:a0:07.1: PCI bridge to [bus a1]
[Wed Jun  1 18:37:13 2022] pci 0000:a0:07.1:   bridge window [mem 0xb6500000-0xb65fffff]
[Wed Jun  1 18:37:13 2022] pci 0000:a2:00.0: [1022:1485] type 00 class 0x130000
[Wed Jun  1 18:37:13 2022] pci 0000:a2:00.0: enabling Extended Tags
[Wed Jun  1 18:37:13 2022] pci 0000:a2:00.1: [1022:1486] type 00 class 0x108000
[Wed Jun  1 18:37:13 2022] pci 0000:a2:00.1: reg 0x18: [mem 0xb6100000-0xb61fffff]
[Wed Jun  1 18:37:13 2022] pci 0000:a2:00.1: reg 0x24: [mem 0xb6282000-0xb6283fff]
[Wed Jun  1 18:37:13 2022] pci 0000:a2:00.1: enabling Extended Tags
[Wed Jun  1 18:37:13 2022] pci 0000:a2:00.2: [1022:1498] type 00 class 0x108000
[Wed Jun  1 18:37:13 2022] pci 0000:a2:00.2: reg 0x18: [mem 0xb6200000-0xb627ffff]
[Wed Jun  1 18:37:13 2022] pci 0000:a2:00.2: reg 0x24: [mem 0xb6280000-0xb6281fff]
[Wed Jun  1 18:37:13 2022] pci 0000:a2:00.2: enabling Extended Tags
[Wed Jun  1 18:37:13 2022] pci 0000:a2:00.3: [1022:148c] type 00 class 0x0c0330
[Wed Jun  1 18:37:13 2022] pci 0000:a2:00.3: reg 0x10: [mem 0xb6000000-0xb60fffff 64bit]
[Wed Jun  1 18:37:13 2022] pci 0000:a2:00.3: enabling Extended Tags
[Wed Jun  1 18:37:13 2022] pci 0000:a2:00.3: PME# supported from D0 D3hot D3cold
[Wed Jun  1 18:37:13 2022] pci 0000:a0:08.1: PCI bridge to [bus a2]
[Wed Jun  1 18:37:13 2022] pci 0000:a0:08.1:   bridge window [mem 0xb6000000-0xb62fffff]
[Wed Jun  1 18:37:13 2022] pci 0000:a3:00.0: [1022:7901] type 00 class 0x010601
[Wed Jun  1 18:37:13 2022] pci 0000:a3:00.0: reg 0x24: [mem 0xb6400000-0xb64007ff]
[Wed Jun  1 18:37:13 2022] pci 0000:a3:00.0: enabling Extended Tags
[Wed Jun  1 18:37:13 2022] pci 0000:a3:00.0: PME# supported from D3hot D3cold
[Wed Jun  1 18:37:13 2022] pci 0000:a0:08.2: PCI bridge to [bus a3]
[Wed Jun  1 18:37:13 2022] pci 0000:a0:08.2:   bridge window [mem 0xb6400000-0xb64fffff]
[Wed Jun  1 18:37:13 2022] pci 0000:a4:00.0: [1022:7901] type 00 class 0x010601
[Wed Jun  1 18:37:13 2022] pci 0000:a4:00.0: reg 0x24: [mem 0xb6300000-0xb63007ff]
[Wed Jun  1 18:37:13 2022] pci 0000:a4:00.0: enabling Extended Tags
[Wed Jun  1 18:37:13 2022] pci 0000:a4:00.0: PME# supported from D3hot D3cold
[Wed Jun  1 18:37:13 2022] pci 0000:a0:08.3: PCI bridge to [bus a4]
[Wed Jun  1 18:37:13 2022] pci 0000:a0:08.3:   bridge window [mem 0xb6300000-0xb63fffff]
[Wed Jun  1 18:37:13 2022] pci_bus 0000:a0: on NUMA node 6
[Wed Jun  1 18:37:13 2022] ACPI: PCI Interrupt Link [LNKA] (IRQs 4 5 7 10 *11 14 15)
[Wed Jun  1 18:37:13 2022] ACPI: PCI Interrupt Link [LNKB] (IRQs 4 *5 7 10 11 14 15)
[Wed Jun  1 18:37:13 2022] ACPI: PCI Interrupt Link [LNKC] (IRQs 4 5 7 *10 11 14 15)
[Wed Jun  1 18:37:13 2022] ACPI: PCI Interrupt Link [LNKD] (IRQs 4 5 7 10 *11 14 15)
[Wed Jun  1 18:37:13 2022] ACPI: PCI Interrupt Link [LNKE] (IRQs 4 5 7 10 11 14 15) *0
[Wed Jun  1 18:37:13 2022] ACPI: PCI Interrupt Link [LNKF] (IRQs 4 5 7 *10 11 14 15)
[Wed Jun  1 18:37:13 2022] ACPI: PCI Interrupt Link [LNKG] (IRQs 4 *5 7 10 11 14 15)
[Wed Jun  1 18:37:13 2022] ACPI: PCI Interrupt Link [LNKH] (IRQs 4 5 7 10 *11 14 15)
[Wed Jun  1 18:37:13 2022] iommu: Default domain type: Translated 
[Wed Jun  1 18:37:13 2022] pci 0000:65:00.0: vgaarb: setting as boot VGA device
[Wed Jun  1 18:37:13 2022] pci 0000:65:00.0: vgaarb: VGA device added: decodes=io+mem,owns=io+mem,locks=none
[Wed Jun  1 18:37:13 2022] pci 0000:65:00.0: vgaarb: bridge control possible
[Wed Jun  1 18:37:13 2022] PCI: Using ACPI for IRQ routing
[Wed Jun  1 18:37:13 2022] PCI: pci_cache_line_size set to 64 bytes
[Wed Jun  1 18:37:13 2022] NetLabel:  unlabeled traffic allowed by default
[Wed Jun  1 18:37:13 2022] pnp: PnP ACPI init
[Wed Jun  1 18:37:13 2022] system 00:00: Plug and Play ACPI device, IDs PNP0c01 (active)
[Wed Jun  1 18:37:13 2022] pnp 00:01: Plug and Play ACPI device, IDs PNP0b00 (active)
[Wed Jun  1 18:37:13 2022] system 00:02: Plug and Play ACPI device, IDs PNP0c02 (active)
[Wed Jun  1 18:37:13 2022] pnp 00:03: [dma 0 disabled]
[Wed Jun  1 18:37:13 2022] pnp 00:03: Plug and Play ACPI device, IDs PNP0501 (active)
[Wed Jun  1 18:37:13 2022] pnp 00:04: [dma 0 disabled]
[Wed Jun  1 18:37:13 2022] pnp 00:04: Plug and Play ACPI device, IDs PNP0501 (active)
[Wed Jun  1 18:37:13 2022] system 00:05: Plug and Play ACPI device, IDs PNP0c02 (active)
[Wed Jun  1 18:37:13 2022] pnp: PnP ACPI: found 6 devices
[Wed Jun  1 18:37:13 2022] thermal_sys: Registered thermal governor 'power_allocator'
[Wed Jun  1 18:37:13 2022] pci 0000:62:00.0: PCI bridge to [bus 63]
[Wed Jun  1 18:37:13 2022] pci 0000:62:00.0:   bridge window [io  0x5000-0x5fff]
[Wed Jun  1 18:37:13 2022] pci 0000:62:00.0:   bridge window [mem 0xcb200000-0xcb3fffff]
[Wed Jun  1 18:37:13 2022] pci 0000:62:00.0:   bridge window [mem 0x16000000000-0x180003fffff 64bit pref]
[Wed Jun  1 18:37:13 2022] pci 0000:61:00.0: PCI bridge to [bus 62-63]
[Wed Jun  1 18:37:13 2022] pci 0000:61:00.0:   bridge window [io  0x5000-0x5fff]
[Wed Jun  1 18:37:13 2022] pci 0000:61:00.0:   bridge window [mem 0xcb200000-0xcb3fffff]
[Wed Jun  1 18:37:13 2022] pci 0000:61:00.0:   bridge window [mem 0x16000000000-0x180003fffff 64bit pref]
[Wed Jun  1 18:37:13 2022] pci 0000:60:03.1: PCI bridge to [bus 61-63]
[Wed Jun  1 18:37:13 2022] pci 0000:60:03.1:   bridge window [io  0x5000-0x5fff]
[Wed Jun  1 18:37:13 2022] pci 0000:60:03.1:   bridge window [mem 0xcb200000-0xcb4fffff]
[Wed Jun  1 18:37:13 2022] pci 0000:60:03.1:   bridge window [mem 0x16000000000-0x180003fffff 64bit pref]
[Wed Jun  1 18:37:13 2022] pci 0000:64:00.0: PCI bridge to [bus 65]
[Wed Jun  1 18:37:13 2022] pci 0000:64:00.0:   bridge window [io  0x4000-0x4fff]
[Wed Jun  1 18:37:13 2022] pci 0000:64:00.0:   bridge window [mem 0xca000000-0xcb0fffff]
[Wed Jun  1 18:37:13 2022] pci 0000:60:05.2: PCI bridge to [bus 64-65]
[Wed Jun  1 18:37:13 2022] pci 0000:60:05.2:   bridge window [io  0x4000-0x4fff]
[Wed Jun  1 18:37:13 2022] pci 0000:60:05.2:   bridge window [mem 0xca000000-0xcb0fffff]
[Wed Jun  1 18:37:13 2022] pci 0000:60:07.1: PCI bridge to [bus 66]
[Wed Jun  1 18:37:13 2022] pci 0000:60:07.1:   bridge window [mem 0xcb600000-0xcb6fffff]
[Wed Jun  1 18:37:13 2022] pci 0000:60:08.1: PCI bridge to [bus 67]
[Wed Jun  1 18:37:13 2022] pci 0000:60:08.1:   bridge window [mem 0xcb500000-0xcb5fffff]
[Wed Jun  1 18:37:13 2022] pci_bus 0000:60: resource 4 [io  0x03b0-0x03df window]
[Wed Jun  1 18:37:13 2022] pci_bus 0000:60: resource 5 [io  0x4000-0x5fff window]
[Wed Jun  1 18:37:13 2022] pci_bus 0000:60: resource 6 [mem 0x000a0000-0x000bffff window]
[Wed Jun  1 18:37:13 2022] pci_bus 0000:60: resource 7 [mem 0xca000000-0xcc5fffff window]
[Wed Jun  1 18:37:13 2022] pci_bus 0000:60: resource 8 [mem 0x10020200000-0x180201fffff window]
[Wed Jun  1 18:37:13 2022] pci_bus 0000:61: resource 0 [io  0x5000-0x5fff]
[Wed Jun  1 18:37:13 2022] pci_bus 0000:61: resource 1 [mem 0xcb200000-0xcb4fffff]
[Wed Jun  1 18:37:13 2022] pci_bus 0000:61: resource 2 [mem 0x16000000000-0x180003fffff 64bit pref]
[Wed Jun  1 18:37:13 2022] pci_bus 0000:62: resource 0 [io  0x5000-0x5fff]
[Wed Jun  1 18:37:13 2022] pci_bus 0000:62: resource 1 [mem 0xcb200000-0xcb3fffff]
[Wed Jun  1 18:37:13 2022] pci_bus 0000:62: resource 2 [mem 0x16000000000-0x180003fffff 64bit pref]
[Wed Jun  1 18:37:13 2022] pci_bus 0000:63: resource 0 [io  0x5000-0x5fff]
[Wed Jun  1 18:37:13 2022] pci_bus 0000:63: resource 1 [mem 0xcb200000-0xcb3fffff]
[Wed Jun  1 18:37:13 2022] pci_bus 0000:63: resource 2 [mem 0x16000000000-0x180003fffff 64bit pref]
[Wed Jun  1 18:37:13 2022] pci_bus 0000:64: resource 0 [io  0x4000-0x4fff]
[Wed Jun  1 18:37:13 2022] pci_bus 0000:64: resource 1 [mem 0xca000000-0xcb0fffff]
[Wed Jun  1 18:37:13 2022] pci_bus 0000:65: resource 0 [io  0x4000-0x4fff]
[Wed Jun  1 18:37:13 2022] pci_bus 0000:65: resource 1 [mem 0xca000000-0xcb0fffff]
[Wed Jun  1 18:37:13 2022] pci_bus 0000:66: resource 1 [mem 0xcb600000-0xcb6fffff]
[Wed Jun  1 18:37:13 2022] pci_bus 0000:67: resource 1 [mem 0xcb500000-0xcb5fffff]
[Wed Jun  1 18:37:13 2022] pci 0000:42:00.0: PCI bridge to [bus 43]
[Wed Jun  1 18:37:13 2022] pci 0000:42:00.0:   bridge window [io  0x3000-0x3fff]
[Wed Jun  1 18:37:13 2022] pci 0000:42:00.0:   bridge window [mem 0xf0000000-0xf01fffff]
[Wed Jun  1 18:37:13 2022] pci 0000:42:00.0:   bridge window [mem 0x1e000000000-0x200003fffff 64bit pref]
[Wed Jun  1 18:37:13 2022] pci 0000:41:00.0: PCI bridge to [bus 42-43]
[Wed Jun  1 18:37:13 2022] pci 0000:41:00.0:   bridge window [io  0x3000-0x3fff]
[Wed Jun  1 18:37:13 2022] pci 0000:41:00.0:   bridge window [mem 0xf0000000-0xf01fffff]
[Wed Jun  1 18:37:13 2022] pci 0000:41:00.0:   bridge window [mem 0x1e000000000-0x200003fffff 64bit pref]
[Wed Jun  1 18:37:13 2022] pci 0000:40:01.1: PCI bridge to [bus 41-43]
[Wed Jun  1 18:37:13 2022] pci 0000:40:01.1:   bridge window [io  0x3000-0x3fff]
[Wed Jun  1 18:37:13 2022] pci 0000:40:01.1:   bridge window [mem 0xf0000000-0xf02fffff]
[Wed Jun  1 18:37:13 2022] pci 0000:40:01.1:   bridge window [mem 0x1e000000000-0x200003fffff 64bit pref]
[Wed Jun  1 18:37:13 2022] pci 0000:40:07.1: PCI bridge to [bus 44]
[Wed Jun  1 18:37:13 2022] pci 0000:40:07.1:   bridge window [mem 0xf0600000-0xf06fffff]
[Wed Jun  1 18:37:13 2022] pci 0000:40:08.1: PCI bridge to [bus 45]
[Wed Jun  1 18:37:13 2022] pci 0000:40:08.1:   bridge window [mem 0xf0500000-0xf05fffff]
[Wed Jun  1 18:37:13 2022] pci 0000:40:08.2: PCI bridge to [bus 46]
[Wed Jun  1 18:37:13 2022] pci 0000:40:08.2:   bridge window [mem 0xf0400000-0xf04fffff]
[Wed Jun  1 18:37:13 2022] pci 0000:40:08.3: PCI bridge to [bus 47]
[Wed Jun  1 18:37:13 2022] pci 0000:40:08.3:   bridge window [mem 0xf0300000-0xf03fffff]
[Wed Jun  1 18:37:13 2022] pci_bus 0000:40: resource 4 [io  0x3000-0x3fff window]
[Wed Jun  1 18:37:13 2022] pci_bus 0000:40: resource 5 [mem 0xf0000000-0xf06fffff window]
[Wed Jun  1 18:37:13 2022] pci_bus 0000:40: resource 6 [mem 0x18050200000-0x200501fffff window]
[Wed Jun  1 18:37:13 2022] pci_bus 0000:41: resource 0 [io  0x3000-0x3fff]
[Wed Jun  1 18:37:13 2022] pci_bus 0000:41: resource 1 [mem 0xf0000000-0xf02fffff]
[Wed Jun  1 18:37:13 2022] pci_bus 0000:41: resource 2 [mem 0x1e000000000-0x200003fffff 64bit pref]
[Wed Jun  1 18:37:13 2022] pci_bus 0000:42: resource 0 [io  0x3000-0x3fff]
[Wed Jun  1 18:37:13 2022] pci_bus 0000:42: resource 1 [mem 0xf0000000-0xf01fffff]
[Wed Jun  1 18:37:13 2022] pci_bus 0000:42: resource 2 [mem 0x1e000000000-0x200003fffff 64bit pref]
[Wed Jun  1 18:37:13 2022] pci_bus 0000:43: resource 0 [io  0x3000-0x3fff]
[Wed Jun  1 18:37:13 2022] pci_bus 0000:43: resource 1 [mem 0xf0000000-0xf01fffff]
[Wed Jun  1 18:37:13 2022] pci_bus 0000:43: resource 2 [mem 0x1e000000000-0x200003fffff 64bit pref]
[Wed Jun  1 18:37:13 2022] pci_bus 0000:44: resource 1 [mem 0xf0600000-0xf06fffff]
[Wed Jun  1 18:37:13 2022] pci_bus 0000:45: resource 1 [mem 0xf0500000-0xf05fffff]
[Wed Jun  1 18:37:13 2022] pci_bus 0000:46: resource 1 [mem 0xf0400000-0xf04fffff]
[Wed Jun  1 18:37:13 2022] pci_bus 0000:47: resource 1 [mem 0xf0300000-0xf03fffff]
[Wed Jun  1 18:37:13 2022] pci 0000:02:00.0: PCI bridge to [bus 03]
[Wed Jun  1 18:37:13 2022] pci 0000:02:00.0:   bridge window [io  0x1000-0x1fff]
[Wed Jun  1 18:37:13 2022] pci 0000:02:00.0:   bridge window [mem 0xf6000000-0xf61fffff]
[Wed Jun  1 18:37:13 2022] pci 0000:02:00.0:   bridge window [mem 0x36000000000-0x380003fffff 64bit pref]
[Wed Jun  1 18:37:13 2022] pci 0000:01:00.0: PCI bridge to [bus 02-03]
[Wed Jun  1 18:37:13 2022] pci 0000:01:00.0:   bridge window [io  0x1000-0x1fff]
[Wed Jun  1 18:37:13 2022] pci 0000:01:00.0:   bridge window [mem 0xf6000000-0xf61fffff]
[Wed Jun  1 18:37:13 2022] pci 0000:01:00.0:   bridge window [mem 0x36000000000-0x380003fffff 64bit pref]
[Wed Jun  1 18:37:13 2022] pci 0000:00:01.1: PCI bridge to [bus 01-03]
[Wed Jun  1 18:37:13 2022] pci 0000:00:01.1:   bridge window [io  0x1000-0x1fff]
[Wed Jun  1 18:37:13 2022] pci 0000:00:01.1:   bridge window [mem 0xf6000000-0xf62fffff]
[Wed Jun  1 18:37:13 2022] pci 0000:00:01.1:   bridge window [mem 0x36000000000-0x380003fffff 64bit pref]
[Wed Jun  1 18:37:13 2022] pci 0000:00:07.1: PCI bridge to [bus 04]
[Wed Jun  1 18:37:13 2022] pci 0000:00:07.1:   bridge window [mem 0xf6500000-0xf65fffff]
[Wed Jun  1 18:37:13 2022] pci 0000:00:08.1: PCI bridge to [bus 05]
[Wed Jun  1 18:37:13 2022] pci 0000:00:08.1:   bridge window [mem 0xf6300000-0xf64fffff]
[Wed Jun  1 18:37:13 2022] pci_bus 0000:00: resource 4 [io  0x0000-0x02ff window]
[Wed Jun  1 18:37:13 2022] pci_bus 0000:00: resource 5 [io  0x0300-0x03af window]
[Wed Jun  1 18:37:13 2022] pci_bus 0000:00: resource 6 [io  0x03e0-0x0cf7 window]
[Wed Jun  1 18:37:13 2022] pci_bus 0000:00: resource 7 [io  0x1000-0x1fff window]
[Wed Jun  1 18:37:13 2022] pci_bus 0000:00: resource 8 [mem 0x000c0000-0x000dffff window]
[Wed Jun  1 18:37:13 2022] pci_bus 0000:00: resource 9 [mem 0xf6000000-0xf65fffff window]
[Wed Jun  1 18:37:13 2022] pci_bus 0000:00: resource 10 [mem 0x280b0200000-0x380b01fffff window]
[Wed Jun  1 18:37:13 2022] pci_bus 0000:01: resource 0 [io  0x1000-0x1fff]
[Wed Jun  1 18:37:13 2022] pci_bus 0000:01: resource 1 [mem 0xf6000000-0xf62fffff]
[Wed Jun  1 18:37:13 2022] pci_bus 0000:01: resource 2 [mem 0x36000000000-0x380003fffff 64bit pref]
[Wed Jun  1 18:37:13 2022] pci_bus 0000:02: resource 0 [io  0x1000-0x1fff]
[Wed Jun  1 18:37:13 2022] pci_bus 0000:02: resource 1 [mem 0xf6000000-0xf61fffff]
[Wed Jun  1 18:37:13 2022] pci_bus 0000:02: resource 2 [mem 0x36000000000-0x380003fffff 64bit pref]
[Wed Jun  1 18:37:13 2022] pci_bus 0000:03: resource 0 [io  0x1000-0x1fff]
[Wed Jun  1 18:37:13 2022] pci_bus 0000:03: resource 1 [mem 0xf6000000-0xf61fffff]
[Wed Jun  1 18:37:13 2022] pci_bus 0000:03: resource 2 [mem 0x36000000000-0x380003fffff 64bit pref]
[Wed Jun  1 18:37:13 2022] pci_bus 0000:04: resource 1 [mem 0xf6500000-0xf65fffff]
[Wed Jun  1 18:37:13 2022] pci_bus 0000:05: resource 1 [mem 0xf6300000-0xf64fffff]
[Wed Jun  1 18:37:13 2022] pci 0000:20:01.1: bridge window [io  0x1000-0x0fff] to [bus 21] add_size 1000
[Wed Jun  1 18:37:13 2022] pci 0000:20:01.1: bridge window [mem 0x00100000-0x000fffff 64bit pref] to [bus 21] add_size 200000 add_align 100000
[Wed Jun  1 18:37:13 2022] pci 0000:20:01.2: bridge window [io  0x1000-0x0fff] to [bus 22] add_size 1000
[Wed Jun  1 18:37:13 2022] pci 0000:20:01.2: bridge window [mem 0x00100000-0x000fffff 64bit pref] to [bus 22] add_size 200000 add_align 100000
[Wed Jun  1 18:37:13 2022] pci 0000:20:01.3: bridge window [io  0x1000-0x0fff] to [bus 23] add_size 1000
[Wed Jun  1 18:37:13 2022] pci 0000:20:01.3: bridge window [mem 0x00100000-0x000fffff 64bit pref] to [bus 23] add_size 200000 add_align 100000
[Wed Jun  1 18:37:13 2022] pci 0000:20:01.4: bridge window [io  0x1000-0x0fff] to [bus 24] add_size 1000
[Wed Jun  1 18:37:13 2022] pci 0000:20:01.4: bridge window [mem 0x00100000-0x000fffff 64bit pref] to [bus 24] add_size 200000 add_align 100000
[Wed Jun  1 18:37:13 2022] pci 0000:20:01.1: BAR 15: assigned [mem 0x20080200000-0x200803fffff 64bit pref]
[Wed Jun  1 18:37:13 2022] pci 0000:20:01.2: BAR 15: assigned [mem 0x20080400000-0x200805fffff 64bit pref]
[Wed Jun  1 18:37:13 2022] pci 0000:20:01.3: BAR 15: assigned [mem 0x20080600000-0x200807fffff 64bit pref]
[Wed Jun  1 18:37:13 2022] pci 0000:20:01.4: BAR 15: assigned [mem 0x20080800000-0x200809fffff 64bit pref]
[Wed Jun  1 18:37:13 2022] pci 0000:20:01.1: BAR 13: no space for [io  size 0x1000]
[Wed Jun  1 18:37:13 2022] pci 0000:20:01.1: BAR 13: failed to assign [io  size 0x1000]
[Wed Jun  1 18:37:13 2022] pci 0000:20:01.2: BAR 13: no space for [io  size 0x1000]
[Wed Jun  1 18:37:13 2022] pci 0000:20:01.2: BAR 13: failed to assign [io  size 0x1000]
[Wed Jun  1 18:37:13 2022] pci 0000:20:01.3: BAR 13: no space for [io  size 0x1000]
[Wed Jun  1 18:37:13 2022] pci 0000:20:01.3: BAR 13: failed to assign [io  size 0x1000]
[Wed Jun  1 18:37:13 2022] pci 0000:20:01.4: BAR 13: no space for [io  size 0x1000]
[Wed Jun  1 18:37:13 2022] pci 0000:20:01.4: BAR 13: failed to assign [io  size 0x1000]
[Wed Jun  1 18:37:13 2022] pci 0000:20:01.4: BAR 13: no space for [io  size 0x1000]
[Wed Jun  1 18:37:13 2022] pci 0000:20:01.4: BAR 13: failed to assign [io  size 0x1000]
[Wed Jun  1 18:37:13 2022] pci 0000:20:01.3: BAR 13: no space for [io  size 0x1000]
[Wed Jun  1 18:37:13 2022] pci 0000:20:01.3: BAR 13: failed to assign [io  size 0x1000]
[Wed Jun  1 18:37:13 2022] pci 0000:20:01.2: BAR 13: no space for [io  size 0x1000]
[Wed Jun  1 18:37:13 2022] pci 0000:20:01.2: BAR 13: failed to assign [io  size 0x1000]
[Wed Jun  1 18:37:13 2022] pci 0000:20:01.1: BAR 13: no space for [io  size 0x1000]
[Wed Jun  1 18:37:13 2022] pci 0000:20:01.1: BAR 13: failed to assign [io  size 0x1000]
[Wed Jun  1 18:37:13 2022] pci 0000:20:01.1: PCI bridge to [bus 21]
[Wed Jun  1 18:37:13 2022] pci 0000:20:01.1:   bridge window [mem 0xc4c00000-0xc4cfffff]
[Wed Jun  1 18:37:13 2022] pci 0000:20:01.1:   bridge window [mem 0x20080200000-0x200803fffff 64bit pref]
[Wed Jun  1 18:37:13 2022] pci 0000:20:01.2: PCI bridge to [bus 22]
[Wed Jun  1 18:37:13 2022] pci 0000:20:01.2:   bridge window [mem 0xc4b00000-0xc4bfffff]
[Wed Jun  1 18:37:13 2022] pci 0000:20:01.2:   bridge window [mem 0x20080400000-0x200805fffff 64bit pref]
[Wed Jun  1 18:37:13 2022] pci 0000:20:01.3: PCI bridge to [bus 23]
[Wed Jun  1 18:37:13 2022] pci 0000:20:01.3:   bridge window [mem 0xc4a00000-0xc4afffff]
[Wed Jun  1 18:37:13 2022] pci 0000:20:01.3:   bridge window [mem 0x20080600000-0x200807fffff 64bit pref]
[Wed Jun  1 18:37:13 2022] pci 0000:20:01.4: PCI bridge to [bus 24]
[Wed Jun  1 18:37:13 2022] pci 0000:20:01.4:   bridge window [mem 0xc4900000-0xc49fffff]
[Wed Jun  1 18:37:13 2022] pci 0000:20:01.4:   bridge window [mem 0x20080800000-0x200809fffff 64bit pref]
[Wed Jun  1 18:37:13 2022] pci 0000:26:00.0: PCI bridge to [bus 27]
[Wed Jun  1 18:37:13 2022] pci 0000:26:00.0:   bridge window [io  0x2000-0x2fff]
[Wed Jun  1 18:37:13 2022] pci 0000:26:00.0:   bridge window [mem 0xc4300000-0xc44fffff]
[Wed Jun  1 18:37:13 2022] pci 0000:26:00.0:   bridge window [mem 0x26000000000-0x280003fffff 64bit pref]
[Wed Jun  1 18:37:13 2022] pci 0000:25:00.0: PCI bridge to [bus 26-27]
[Wed Jun  1 18:37:13 2022] pci 0000:25:00.0:   bridge window [io  0x2000-0x2fff]
[Wed Jun  1 18:37:13 2022] pci 0000:25:00.0:   bridge window [mem 0xc4300000-0xc44fffff]
[Wed Jun  1 18:37:13 2022] pci 0000:25:00.0:   bridge window [mem 0x26000000000-0x280003fffff 64bit pref]
[Wed Jun  1 18:37:13 2022] pci 0000:20:03.1: PCI bridge to [bus 25-27]
[Wed Jun  1 18:37:13 2022] pci 0000:20:03.1:   bridge window [io  0x2000-0x2fff]
[Wed Jun  1 18:37:13 2022] pci 0000:20:03.1:   bridge window [mem 0xc4300000-0xc45fffff]
[Wed Jun  1 18:37:13 2022] pci 0000:20:03.1:   bridge window [mem 0x26000000000-0x280003fffff 64bit pref]
[Wed Jun  1 18:37:13 2022] pci 0000:20:07.1: PCI bridge to [bus 28]
[Wed Jun  1 18:37:13 2022] pci 0000:20:07.1:   bridge window [mem 0xc4800000-0xc48fffff]
[Wed Jun  1 18:37:13 2022] pci 0000:20:08.1: PCI bridge to [bus 29]
[Wed Jun  1 18:37:13 2022] pci 0000:20:08.1:   bridge window [mem 0xc4000000-0xc42fffff]
[Wed Jun  1 18:37:13 2022] pci 0000:20:08.2: PCI bridge to [bus 2a]
[Wed Jun  1 18:37:13 2022] pci 0000:20:08.2:   bridge window [mem 0xc4700000-0xc47fffff]
[Wed Jun  1 18:37:13 2022] pci 0000:20:08.3: PCI bridge to [bus 2b]
[Wed Jun  1 18:37:13 2022] pci 0000:20:08.3:   bridge window [mem 0xc4600000-0xc46fffff]
[Wed Jun  1 18:37:13 2022] pci_bus 0000:20: resource 4 [io  0x2000-0x2fff window]
[Wed Jun  1 18:37:13 2022] pci_bus 0000:20: resource 5 [mem 0xc4000000-0xc4cfffff window]
[Wed Jun  1 18:37:13 2022] pci_bus 0000:20: resource 6 [mem 0x20080200000-0x280801fffff window]
[Wed Jun  1 18:37:13 2022] pci_bus 0000:21: resource 1 [mem 0xc4c00000-0xc4cfffff]
[Wed Jun  1 18:37:13 2022] pci_bus 0000:21: resource 2 [mem 0x20080200000-0x200803fffff 64bit pref]
[Wed Jun  1 18:37:13 2022] pci_bus 0000:22: resource 1 [mem 0xc4b00000-0xc4bfffff]
[Wed Jun  1 18:37:13 2022] pci_bus 0000:22: resource 2 [mem 0x20080400000-0x200805fffff 64bit pref]
[Wed Jun  1 18:37:13 2022] pci_bus 0000:23: resource 1 [mem 0xc4a00000-0xc4afffff]
[Wed Jun  1 18:37:13 2022] pci_bus 0000:23: resource 2 [mem 0x20080600000-0x200807fffff 64bit pref]
[Wed Jun  1 18:37:13 2022] pci_bus 0000:24: resource 1 [mem 0xc4900000-0xc49fffff]
[Wed Jun  1 18:37:13 2022] pci_bus 0000:24: resource 2 [mem 0x20080800000-0x200809fffff 64bit pref]
[Wed Jun  1 18:37:13 2022] pci_bus 0000:25: resource 0 [io  0x2000-0x2fff]
[Wed Jun  1 18:37:13 2022] pci_bus 0000:25: resource 1 [mem 0xc4300000-0xc45fffff]
[Wed Jun  1 18:37:13 2022] pci_bus 0000:25: resource 2 [mem 0x26000000000-0x280003fffff 64bit pref]
[Wed Jun  1 18:37:13 2022] pci_bus 0000:26: resource 0 [io  0x2000-0x2fff]
[Wed Jun  1 18:37:13 2022] pci_bus 0000:26: resource 1 [mem 0xc4300000-0xc44fffff]
[Wed Jun  1 18:37:13 2022] pci_bus 0000:26: resource 2 [mem 0x26000000000-0x280003fffff 64bit pref]
[Wed Jun  1 18:37:13 2022] pci_bus 0000:27: resource 0 [io  0x2000-0x2fff]
[Wed Jun  1 18:37:13 2022] pci_bus 0000:27: resource 1 [mem 0xc4300000-0xc44fffff]
[Wed Jun  1 18:37:13 2022] pci_bus 0000:27: resource 2 [mem 0x26000000000-0x280003fffff 64bit pref]
[Wed Jun  1 18:37:13 2022] pci_bus 0000:28: resource 1 [mem 0xc4800000-0xc48fffff]
[Wed Jun  1 18:37:13 2022] pci_bus 0000:29: resource 1 [mem 0xc4000000-0xc42fffff]
[Wed Jun  1 18:37:13 2022] pci_bus 0000:2a: resource 1 [mem 0xc4700000-0xc47fffff]
[Wed Jun  1 18:37:13 2022] pci_bus 0000:2b: resource 1 [mem 0xc4600000-0xc46fffff]
[Wed Jun  1 18:37:13 2022] pci 0000:e0:03.1: PCI bridge to [bus e1]
[Wed Jun  1 18:37:13 2022] pci 0000:e0:03.1:   bridge window [io  0x8000-0x8fff]
[Wed Jun  1 18:37:13 2022] pci 0000:e0:03.1:   bridge window [mem 0xc0000000-0xc02fffff]
[Wed Jun  1 18:37:13 2022] pci 0000:e3:01.0: PCI bridge to [bus e4]
[Wed Jun  1 18:37:13 2022] pci 0000:e3:02.0: PCI bridge to [bus e5-e6]
[Wed Jun  1 18:37:13 2022] pci 0000:e3:02.0:   bridge window [io  0x7000-0x7fff]
[Wed Jun  1 18:37:13 2022] pci 0000:e3:02.0:   bridge window [mem 0xc0400000-0xc04fffff]
[Wed Jun  1 18:37:13 2022] pci 0000:e3:02.0:   bridge window [mem 0x400e0100000-0x400e01fffff 64bit pref]
[Wed Jun  1 18:37:13 2022] pci 0000:e3:03.0: PCI bridge to [bus e7]
[Wed Jun  1 18:37:13 2022] pci 0000:e3:03.0:   bridge window [io  0x6000-0x6fff]
[Wed Jun  1 18:37:13 2022] pci 0000:e3:03.0:   bridge window [mem 0xc0300000-0xc03fffff]
[Wed Jun  1 18:37:13 2022] pci 0000:e2:00.0: PCI bridge to [bus e3-e7]
[Wed Jun  1 18:37:13 2022] pci 0000:e2:00.0:   bridge window [io  0x6000-0x7fff]
[Wed Jun  1 18:37:13 2022] pci 0000:e2:00.0:   bridge window [mem 0xc0300000-0xc04fffff]
[Wed Jun  1 18:37:13 2022] pci 0000:e2:00.0:   bridge window [mem 0x400e0100000-0x400e01fffff 64bit pref]
[Wed Jun  1 18:37:13 2022] pci 0000:e0:05.1: PCI bridge to [bus e2-e7]
[Wed Jun  1 18:37:13 2022] pci 0000:e0:05.1:   bridge window [io  0x6000-0x7fff]
[Wed Jun  1 18:37:13 2022] pci 0000:e0:05.1:   bridge window [mem 0xc0300000-0xc04fffff]
[Wed Jun  1 18:37:13 2022] pci 0000:e0:05.1:   bridge window [mem 0x400e0100000-0x400e01fffff 64bit pref]
[Wed Jun  1 18:37:13 2022] pci 0000:e0:07.1: PCI bridge to [bus e8]
[Wed Jun  1 18:37:13 2022] pci 0000:e0:07.1:   bridge window [mem 0xc0600000-0xc06fffff]
[Wed Jun  1 18:37:13 2022] pci 0000:e0:08.1: PCI bridge to [bus e9]
[Wed Jun  1 18:37:13 2022] pci 0000:e0:08.1:   bridge window [mem 0xc0500000-0xc05fffff]
[Wed Jun  1 18:37:13 2022] pci_bus 0000:e0: resource 4 [io  0x6000-0x8fff window]
[Wed Jun  1 18:37:13 2022] pci_bus 0000:e0: resource 5 [mem 0xc0000000-0xc06fffff window]
[Wed Jun  1 18:37:13 2022] pci_bus 0000:e0: resource 6 [mem 0x380e0200000-0x400e01fffff window]
[Wed Jun  1 18:37:13 2022] pci_bus 0000:e1: resource 0 [io  0x8000-0x8fff]
[Wed Jun  1 18:37:13 2022] pci_bus 0000:e1: resource 1 [mem 0xc0000000-0xc02fffff]
[Wed Jun  1 18:37:13 2022] pci_bus 0000:e2: resource 0 [io  0x6000-0x7fff]
[Wed Jun  1 18:37:13 2022] pci_bus 0000:e2: resource 1 [mem 0xc0300000-0xc04fffff]
[Wed Jun  1 18:37:13 2022] pci_bus 0000:e2: resource 2 [mem 0x400e0100000-0x400e01fffff 64bit pref]
[Wed Jun  1 18:37:13 2022] pci_bus 0000:e3: resource 0 [io  0x6000-0x7fff]
[Wed Jun  1 18:37:13 2022] pci_bus 0000:e3: resource 1 [mem 0xc0300000-0xc04fffff]
[Wed Jun  1 18:37:13 2022] pci_bus 0000:e3: resource 2 [mem 0x400e0100000-0x400e01fffff 64bit pref]
[Wed Jun  1 18:37:13 2022] pci_bus 0000:e5: resource 0 [io  0x7000-0x7fff]
[Wed Jun  1 18:37:13 2022] pci_bus 0000:e5: resource 1 [mem 0xc0400000-0xc04fffff]
[Wed Jun  1 18:37:13 2022] pci_bus 0000:e5: resource 2 [mem 0x400e0100000-0x400e01fffff 64bit pref]
[Wed Jun  1 18:37:13 2022] pci_bus 0000:e7: resource 0 [io  0x6000-0x6fff]
[Wed Jun  1 18:37:13 2022] pci_bus 0000:e7: resource 1 [mem 0xc0300000-0xc03fffff]
[Wed Jun  1 18:37:13 2022] pci_bus 0000:e8: resource 1 [mem 0xc0600000-0xc06fffff]
[Wed Jun  1 18:37:13 2022] pci_bus 0000:e9: resource 1 [mem 0xc0500000-0xc05fffff]
[Wed Jun  1 18:37:13 2022] pci 0000:c0:03.1: bridge window [io  0x1000-0x0fff] to [bus c1] add_size 1000
[Wed Jun  1 18:37:13 2022] pci 0000:c0:03.1: BAR 13: no space for [io  size 0x1000]
[Wed Jun  1 18:37:13 2022] pci 0000:c0:03.1: BAR 13: failed to assign [io  size 0x1000]
[Wed Jun  1 18:37:13 2022] pci 0000:c0:03.1: BAR 13: no space for [io  size 0x1000]
[Wed Jun  1 18:37:13 2022] pci 0000:c0:03.1: BAR 13: failed to assign [io  size 0x1000]
[Wed Jun  1 18:37:13 2022] pci 0000:c0:03.1: PCI bridge to [bus c1]
[Wed Jun  1 18:37:13 2022] pci 0000:c0:03.1:   bridge window [mem 0xba000000-0xba1fffff]
[Wed Jun  1 18:37:13 2022] pci 0000:c0:03.1:   bridge window [mem 0x4810c000000-0x4810fffffff 64bit pref]
[Wed Jun  1 18:37:13 2022] pci 0000:c0:07.1: PCI bridge to [bus c2]
[Wed Jun  1 18:37:13 2022] pci 0000:c0:07.1:   bridge window [mem 0xba500000-0xba5fffff]
[Wed Jun  1 18:37:13 2022] pci 0000:c0:08.1: PCI bridge to [bus c3]
[Wed Jun  1 18:37:13 2022] pci 0000:c0:08.1:   bridge window [mem 0xba400000-0xba4fffff]
[Wed Jun  1 18:37:13 2022] pci 0000:c0:08.2: PCI bridge to [bus c4]
[Wed Jun  1 18:37:13 2022] pci 0000:c0:08.2:   bridge window [mem 0xba300000-0xba3fffff]
[Wed Jun  1 18:37:13 2022] pci 0000:c0:08.3: PCI bridge to [bus c5]
[Wed Jun  1 18:37:13 2022] pci 0000:c0:08.3:   bridge window [mem 0xba200000-0xba2fffff]
[Wed Jun  1 18:37:13 2022] pci_bus 0000:c0: resource 4 [mem 0xba000000-0xba5fffff window]
[Wed Jun  1 18:37:13 2022] pci_bus 0000:c0: resource 5 [mem 0x40110200000-0x481101fffff window]
[Wed Jun  1 18:37:13 2022] pci_bus 0000:c1: resource 1 [mem 0xba000000-0xba1fffff]
[Wed Jun  1 18:37:13 2022] pci_bus 0000:c1: resource 2 [mem 0x4810c000000-0x4810fffffff 64bit pref]
[Wed Jun  1 18:37:13 2022] pci_bus 0000:c2: resource 1 [mem 0xba500000-0xba5fffff]
[Wed Jun  1 18:37:13 2022] pci_bus 0000:c3: resource 1 [mem 0xba400000-0xba4fffff]
[Wed Jun  1 18:37:13 2022] pci_bus 0000:c4: resource 1 [mem 0xba300000-0xba3fffff]
[Wed Jun  1 18:37:13 2022] pci_bus 0000:c5: resource 1 [mem 0xba200000-0xba2fffff]
[Wed Jun  1 18:37:13 2022] pci 0000:80:07.1: PCI bridge to [bus 81]
[Wed Jun  1 18:37:13 2022] pci 0000:80:07.1:   bridge window [mem 0xb0200000-0xb02fffff]
[Wed Jun  1 18:37:13 2022] pci 0000:80:08.1: PCI bridge to [bus 82]
[Wed Jun  1 18:37:13 2022] pci 0000:80:08.1:   bridge window [mem 0xb0000000-0xb01fffff]
[Wed Jun  1 18:37:13 2022] pci_bus 0000:80: resource 4 [mem 0xb0000000-0xb02fffff window]
[Wed Jun  1 18:37:13 2022] pci_bus 0000:80: resource 5 [mem 0x50170200000-0x581701fffff window]
[Wed Jun  1 18:37:13 2022] pci_bus 0000:81: resource 1 [mem 0xb0200000-0xb02fffff]
[Wed Jun  1 18:37:13 2022] pci_bus 0000:82: resource 1 [mem 0xb0000000-0xb01fffff]
[Wed Jun  1 18:37:13 2022] pci 0000:a0:07.1: PCI bridge to [bus a1]
[Wed Jun  1 18:37:13 2022] pci 0000:a0:07.1:   bridge window [mem 0xb6500000-0xb65fffff]
[Wed Jun  1 18:37:13 2022] pci 0000:a0:08.1: PCI bridge to [bus a2]
[Wed Jun  1 18:37:13 2022] pci 0000:a0:08.1:   bridge window [mem 0xb6000000-0xb62fffff]
[Wed Jun  1 18:37:13 2022] pci 0000:a0:08.2: PCI bridge to [bus a3]
[Wed Jun  1 18:37:13 2022] pci 0000:a0:08.2:   bridge window [mem 0xb6400000-0xb64fffff]
[Wed Jun  1 18:37:13 2022] pci 0000:a0:08.3: PCI bridge to [bus a4]
[Wed Jun  1 18:37:13 2022] pci 0000:a0:08.3:   bridge window [mem 0xb6300000-0xb63fffff]
[Wed Jun  1 18:37:13 2022] pci_bus 0000:a0: resource 4 [mem 0xb6000000-0xb65fffff window]
[Wed Jun  1 18:37:13 2022] pci_bus 0000:a0: resource 5 [mem 0x48140200000-0x501401fffff window]
[Wed Jun  1 18:37:13 2022] pci_bus 0000:a1: resource 1 [mem 0xb6500000-0xb65fffff]
[Wed Jun  1 18:37:13 2022] pci_bus 0000:a2: resource 1 [mem 0xb6000000-0xb62fffff]
[Wed Jun  1 18:37:13 2022] pci_bus 0000:a3: resource 1 [mem 0xb6400000-0xb64fffff]
[Wed Jun  1 18:37:13 2022] pci_bus 0000:a4: resource 1 [mem 0xb6300000-0xb63fffff]
[Wed Jun  1 18:37:13 2022] pci 0000:65:00.0: Video device with shadowed ROM at [mem 0x000c0000-0x000dffff]
[Wed Jun  1 18:37:13 2022] pci 0000:e1:00.0: [Firmware Bug]: disabling VPD access (can't determine size of non-standard VPD format)
[Wed Jun  1 18:37:13 2022] PCI: CLS 64 bytes, default 64
[Wed Jun  1 18:37:13 2022] PCI-DMA: Using software bounce buffering for IO (SWIOTLB)
[Wed Jun  1 18:37:13 2022] pcieport 0000:60:03.1: PME: Signaling with IRQ 28
[Wed Jun  1 18:37:13 2022] pcieport 0000:60:05.2: PME: Signaling with IRQ 29
[Wed Jun  1 18:37:13 2022] pcieport 0000:60:07.1: PME: Signaling with IRQ 31
[Wed Jun  1 18:37:13 2022] pcieport 0000:60:08.1: PME: Signaling with IRQ 33
[Wed Jun  1 18:37:13 2022] pcieport 0000:40:01.1: PME: Signaling with IRQ 36
[Wed Jun  1 18:37:13 2022] pcieport 0000:40:07.1: PME: Signaling with IRQ 38
[Wed Jun  1 18:37:13 2022] pcieport 0000:40:08.1: PME: Signaling with IRQ 40
[Wed Jun  1 18:37:13 2022] pcieport 0000:40:08.2: PME: Signaling with IRQ 41
[Wed Jun  1 18:37:13 2022] pcieport 0000:40:08.3: PME: Signaling with IRQ 42
[Wed Jun  1 18:37:13 2022] pcieport 0000:00:01.1: PME: Signaling with IRQ 45
[Wed Jun  1 18:37:13 2022] pcieport 0000:00:07.1: PME: Signaling with IRQ 47
[Wed Jun  1 18:37:13 2022] pcieport 0000:00:08.1: PME: Signaling with IRQ 48
[Wed Jun  1 18:37:13 2022] pcieport 0000:20:01.1: PME: Signaling with IRQ 51
[Wed Jun  1 18:37:13 2022] pcieport 0000:20:01.1: pciehp: Slot #1 AttnBtn+ PwrCtrl+ MRL- AttnInd+ PwrInd+ HotPlug+ Surprise- Interlock+ NoCompl+ LLActRep+
[Wed Jun  1 18:37:13 2022] pcieport 0000:20:01.2: PME: Signaling with IRQ 52
[Wed Jun  1 18:37:13 2022] pcieport 0000:20:01.2: pciehp: Slot #2 AttnBtn+ PwrCtrl+ MRL- AttnInd+ PwrInd+ HotPlug+ Surprise- Interlock+ NoCompl+ LLActRep+
[Wed Jun  1 18:37:13 2022] pcieport 0000:20:01.3: PME: Signaling with IRQ 53
[Wed Jun  1 18:37:13 2022] pcieport 0000:20:01.3: pciehp: Slot #3 AttnBtn+ PwrCtrl+ MRL- AttnInd+ PwrInd+ HotPlug+ Surprise- Interlock+ NoCompl+ LLActRep+
[Wed Jun  1 18:37:13 2022] pcieport 0000:20:01.4: PME: Signaling with IRQ 54
[Wed Jun  1 18:37:13 2022] pcieport 0000:20:01.4: pciehp: Slot #4 AttnBtn+ PwrCtrl+ MRL- AttnInd+ PwrInd+ HotPlug+ Surprise- Interlock+ NoCompl+ LLActRep+
[Wed Jun  1 18:37:13 2022] pcieport 0000:20:03.1: PME: Signaling with IRQ 55
[Wed Jun  1 18:37:13 2022] pcieport 0000:20:07.1: PME: Signaling with IRQ 57
[Wed Jun  1 18:37:13 2022] pcieport 0000:20:08.1: PME: Signaling with IRQ 58
[Wed Jun  1 18:37:13 2022] pcieport 0000:20:08.2: PME: Signaling with IRQ 59
[Wed Jun  1 18:37:13 2022] pcieport 0000:20:08.3: PME: Signaling with IRQ 60
[Wed Jun  1 18:37:13 2022] pcieport 0000:e0:03.1: PME: Signaling with IRQ 63
[Wed Jun  1 18:37:13 2022] pcieport 0000:e0:05.1: PME: Signaling with IRQ 64
[Wed Jun  1 18:37:13 2022] pcieport 0000:e0:07.1: PME: Signaling with IRQ 66
[Wed Jun  1 18:37:13 2022] pcieport 0000:e0:08.1: PME: Signaling with IRQ 68
[Wed Jun  1 18:37:13 2022] pcieport 0000:c0:03.1: PME: Signaling with IRQ 72
[Wed Jun  1 18:37:13 2022] pcieport 0000:c0:03.1: pciehp: Slot #8 AttnBtn+ PwrCtrl+ MRL- AttnInd+ PwrInd+ HotPlug+ Surprise- Interlock+ NoCompl+ LLActRep+
[Wed Jun  1 18:37:13 2022] pcieport 0000:c0:07.1: PME: Signaling with IRQ 74
[Wed Jun  1 18:37:13 2022] pcieport 0000:c0:08.1: PME: Signaling with IRQ 76
[Wed Jun  1 18:37:13 2022] pcieport 0000:c0:08.2: PME: Signaling with IRQ 77
[Wed Jun  1 18:37:13 2022] pcieport 0000:c0:08.3: PME: Signaling with IRQ 78
[Wed Jun  1 18:37:13 2022] pcieport 0000:80:07.1: PME: Signaling with IRQ 80
[Wed Jun  1 18:37:13 2022] pcieport 0000:80:08.1: PME: Signaling with IRQ 81
[Wed Jun  1 18:37:13 2022] pcieport 0000:a0:07.1: PME: Signaling with IRQ 83
[Wed Jun  1 18:37:13 2022] pcieport 0000:a0:08.1: PME: Signaling with IRQ 84
[Wed Jun  1 18:37:13 2022] pcieport 0000:a0:08.2: PME: Signaling with IRQ 85
[Wed Jun  1 18:37:13 2022] pcieport 0000:a0:08.3: PME: Signaling with IRQ 86
[Wed Jun  1 18:37:13 2022] shpchp: Standard Hot Plug PCI Controller Driver version: 0.4
[Wed Jun  1 18:37:13 2022] input: Power Button as /devices/LNXSYSTM:00/LNXPWRBN:00/input/input0
[Wed Jun  1 18:37:13 2022] ACPI: Power Button [PWRF]
[Wed Jun  1 18:37:13 2022] ERST: Error Record Serialization Table (ERST) support is initialized.
[Wed Jun  1 18:37:14 2022] loop: module loaded
[Wed Jun  1 18:37:14 2022] VFIO - User Level meta-driver version: 0.3
[Wed Jun  1 18:37:14 2022] ehci-pci: EHCI PCI platform driver
[Wed Jun  1 18:37:14 2022] ohci-pci: OHCI PCI platform driver
[Wed Jun  1 18:37:14 2022] i8042: PNP: No PS/2 controller found.
[Wed Jun  1 18:37:14 2022] RAS: Correctable Errors collector initialized.
[Wed Jun  1 18:37:14 2022] acpi_cpufreq: overriding BIOS provided _PSD data
[Wed Jun  1 18:37:14 2022] input: Raritan D2CIM-DVUSB as /devices/pci0000:00/0000:00:08.1/0000:05:00.3/usb1/1-2/1-2:1.0/0003:14DD:1007.0001/input/input1
[Wed Jun  1 18:37:14 2022] input: Raritan D2CIM-DVUSB as /devices/pci0000:00/0000:00:08.1/0000:05:00.3/usb1/1-2/1-2:1.1/0003:14DD:1007.0002/input/input2
[Wed Jun  1 18:37:14 2022] input: Raritan D2CIM-DVUSB as /devices/pci0000:00/0000:00:08.1/0000:05:00.3/usb1/1-2/1-2:1.2/0003:14DD:1007.0003/input/input3
[Wed Jun  1 18:37:15 2022] input: Linux 3.18.0 with ast_vhub SMCI HID KM as /devices/pci0000:20/0000:20:08.1/0000:29:00.3/usb3/3-1/3-1.1/3-1.1:1.0/0003:0557:9241.0004/input/input4
[Wed Jun  1 18:37:15 2022] input: Linux 3.18.0 with ast_vhub SMCI HID KM as /devices/pci0000:20/0000:20:08.1/0000:29:00.3/usb3/3-1/3-1.1/3-1.1:1.1/0003:0557:9241.0005/input/input5
[Wed Jun  1 18:37:15 2022] amdkcl: module verification failed: signature and/or required key missing - tainting kernel
[Wed Jun  1 18:37:15 2022] mlx5_core 0000:c1:00.0: 252.048 Gb/s available PCIe bandwidth (16 GT/s x16 link)
[Wed Jun  1 18:37:15 2022] AMD-Vi: AMD IOMMUv2 driver by Joerg Roedel <jroedel@suse.de>
[Wed Jun  1 18:37:15 2022] AMD-Vi: AMD IOMMUv2 functionality not available on this system
[Wed Jun  1 18:37:15 2022] igb 0000:e5:00.0: eth0: (PCIe:5.0Gb/s:Width x1) 3c:ec:ef:05:59:0a
[Wed Jun  1 18:37:15 2022] megaraid_sas 0000:e1:00.0: PCI Lane Margining support	: No
[Wed Jun  1 18:37:15 2022] megaraid_sas 0000:e1:00.0: pci id		: (0x1000)/(0x005d)/(0x15d9)/(0x0809)
[Wed Jun  1 18:37:15 2022] igb 0000:e5:00.1: eth1: (PCIe:5.0Gb/s:Width x1) 3c:ec:ef:05:59:0b
[Wed Jun  1 18:37:15 2022] mlx5_core 0000:c1:00.0: mlx5_pcie_event:296:(pid 9): PCIe slot advertised sufficient power (75W).
[Wed Jun  1 18:37:15 2022] mlx5_core 0000:c1:00.1: 252.048 Gb/s available PCIe bandwidth (16 GT/s x16 link)
[Wed Jun  1 18:37:15 2022] [drm] amdgpu kernel modesetting enabled.
[Wed Jun  1 18:37:15 2022] [drm] amdgpu version: 5.13.20.22.10
