=== ROCm TechSupport Log Collection Utility: V1.31 ===
Mon May 23 19:22:01 UTC 2022
===== Section: OS Distribution         ===============
Linux ixt-sjc2-122 4.15.0-176-generic #185-Ubuntu SMP Tue Mar 29 17:40:04 UTC 2022 x86_64 x86_64 x86_64 GNU/Linux
NAME="Ubuntu"
VERSION="18.04.6 LTS (Bionic Beaver)"
ID=ubuntu
ID_LIKE=debian
PRETTY_NAME="Ubuntu 18.04.6 LTS"
VERSION_ID="18.04"
HOME_URL="https://www.ubuntu.com/"
SUPPORT_URL="https://help.ubuntu.com/"
BUG_REPORT_URL="https://bugs.launchpad.net/ubuntu/"
PRIVACY_POLICY_URL="https://www.ubuntu.com/legal/terms-and-policies/privacy-policy"
VERSION_CODENAME=bionic
UBUNTU_CODENAME=bionic
===== Section: Kernel Boot Parameters  ===============
BOOT_IMAGE=/boot/vmlinuz-4.15.0-176-generic root=UUID=dcab74e8-9037-11ec-80d3-b8599fbb3723 ro maybe-ubiquity
===== Section: dmesg GPU/DRM/ATOM/BIOS ===============
WARNING: Persistent logging possibly disabled.
WARNING: Please run: 
       sudo mkdir -p /var/log/journal 
       sudo systemctl restart systemd-journald.service 
WARNING: to enable persistent boot logs for collection and analysis.
Section: dmesg boot logs
[Thu May 12 17:52:08 2022] Linux version 4.15.0-176-generic (buildd@lcy02-amd64-020) (gcc version 7.5.0 (Ubuntu 7.5.0-3ubuntu1~18.04)) #185-Ubuntu SMP Tue Mar 29 17:40:04 UTC 2022 (Ubuntu 4.15.0-176.185-generic 4.15.18)
[Thu May 12 17:52:08 2022] Command line: BOOT_IMAGE=/boot/vmlinuz-4.15.0-176-generic root=UUID=dcab74e8-9037-11ec-80d3-b8599fbb3723 ro maybe-ubiquity
[Thu May 12 17:52:08 2022] e820: BIOS-provided physical RAM map:
[Thu May 12 17:52:08 2022] BIOS-e820: [mem 0x0000000000000000-0x0000000000099fff] usable
[Thu May 12 17:52:08 2022] BIOS-e820: [mem 0x000000000009a000-0x000000000009ffff] reserved
[Thu May 12 17:52:08 2022] BIOS-e820: [mem 0x00000000000e0000-0x00000000000fffff] reserved
[Thu May 12 17:52:08 2022] BIOS-e820: [mem 0x0000000000100000-0x0000000073ffffff] usable
[Thu May 12 17:52:08 2022] BIOS-e820: [mem 0x0000000074000000-0x0000000074042fff] ACPI NVS
[Thu May 12 17:52:08 2022] BIOS-e820: [mem 0x0000000074043000-0x0000000075daffff] usable
[Thu May 12 17:52:08 2022] BIOS-e820: [mem 0x0000000075db0000-0x0000000075ffffff] reserved
[Thu May 12 17:52:08 2022] BIOS-e820: [mem 0x0000000076000000-0x00000000a4e2ffff] usable
[Thu May 12 17:52:08 2022] BIOS-e820: [mem 0x00000000a4e30000-0x00000000a6ec5fff] reserved
[Thu May 12 17:52:08 2022] BIOS-e820: [mem 0x00000000a6ec6000-0x00000000a7073fff] ACPI data
[Thu May 12 17:52:08 2022] BIOS-e820: [mem 0x00000000a7074000-0x00000000a75b4fff] ACPI NVS
[Thu May 12 17:52:08 2022] BIOS-e820: [mem 0x00000000a75b5000-0x00000000a8935fff] reserved
[Thu May 12 17:52:08 2022] BIOS-e820: [mem 0x00000000a8936000-0x00000000abffffff] usable
[Thu May 12 17:52:08 2022] BIOS-e820: [mem 0x00000000ac000000-0x00000000afffffff] reserved
[Thu May 12 17:52:08 2022] BIOS-e820: [mem 0x00000000b4000000-0x00000000b5ffffff] reserved
[Thu May 12 17:52:08 2022] BIOS-e820: [mem 0x00000000be000000-0x00000000bfffffff] reserved
[Thu May 12 17:52:08 2022] BIOS-e820: [mem 0x00000000c8000000-0x00000000c9ffffff] reserved
[Thu May 12 17:52:08 2022] BIOS-e820: [mem 0x00000000f4000000-0x00000000f5ffffff] reserved
[Thu May 12 17:52:08 2022] BIOS-e820: [mem 0x00000000fe000000-0x00000000ffffffff] reserved
[Thu May 12 17:52:08 2022] BIOS-e820: [mem 0x0000000100000000-0x000000104fefffff] usable
[Thu May 12 17:52:08 2022] BIOS-e820: [mem 0x000000104ff00000-0x000000104fffffff] reserved
[Thu May 12 17:52:08 2022] BIOS-e820: [mem 0x0000001050000000-0x000000204fefffff] usable
[Thu May 12 17:52:08 2022] BIOS-e820: [mem 0x000000204ff00000-0x000000204fffffff] reserved
[Thu May 12 17:52:08 2022] BIOS-e820: [mem 0x0000002050000000-0x000000304fefffff] usable
[Thu May 12 17:52:08 2022] BIOS-e820: [mem 0x000000304ff00000-0x000000304fffffff] reserved
[Thu May 12 17:52:08 2022] BIOS-e820: [mem 0x0000003050000000-0x000000404f2fffff] usable
[Thu May 12 17:52:08 2022] BIOS-e820: [mem 0x000000404f300000-0x000000404fffffff] reserved
[Thu May 12 17:52:08 2022] BIOS-e820: [mem 0x0000004050000000-0x000000504fefffff] usable
[Thu May 12 17:52:08 2022] BIOS-e820: [mem 0x000000504ff00000-0x000000504fffffff] reserved
[Thu May 12 17:52:08 2022] BIOS-e820: [mem 0x0000005050000000-0x000000604fefffff] usable
[Thu May 12 17:52:08 2022] BIOS-e820: [mem 0x000000604ff00000-0x000000604fffffff] reserved
[Thu May 12 17:52:08 2022] BIOS-e820: [mem 0x0000006050000000-0x000000704fefffff] usable
[Thu May 12 17:52:08 2022] BIOS-e820: [mem 0x000000704ff00000-0x000000704fffffff] reserved
[Thu May 12 17:52:08 2022] BIOS-e820: [mem 0x0000007050000000-0x000000804fefffff] usable
[Thu May 12 17:52:08 2022] BIOS-e820: [mem 0x000000804ff00000-0x000000804fffffff] reserved
[Thu May 12 17:52:08 2022] BIOS-e820: [mem 0x0000010000000000-0x00000100201fffff] reserved
[Thu May 12 17:52:08 2022] BIOS-e820: [mem 0x0000018030000000-0x00000180501fffff] reserved
[Thu May 12 17:52:08 2022] BIOS-e820: [mem 0x0000020060000000-0x00000200801fffff] reserved
[Thu May 12 17:52:08 2022] BIOS-e820: [mem 0x0000028090000000-0x00000280b01fffff] reserved
[Thu May 12 17:52:08 2022] BIOS-e820: [mem 0x00000380c0000000-0x00000380e01fffff] reserved
[Thu May 12 17:52:08 2022] BIOS-e820: [mem 0x00000400f0000000-0x00000401101fffff] reserved
[Thu May 12 17:52:08 2022] BIOS-e820: [mem 0x0000048120000000-0x00000481401fffff] reserved
[Thu May 12 17:52:08 2022] BIOS-e820: [mem 0x0000050150000000-0x00000501701fffff] reserved
[Thu May 12 17:52:08 2022] BIOS-e820: [mem 0x000007fc00000000-0x000007fc03ffffff] reserved
[Thu May 12 17:52:08 2022] SMBIOS 3.2.0 present.
[Thu May 12 17:52:08 2022] DMI: Supermicro AS -4124GS-TNR/H12DSG-O-CPU, BIOS 2.0 03/12/2021
[Thu May 12 17:52:08 2022] MTRR default type: uncachable
[Thu May 12 17:52:08 2022] ACPI: LAPIC_NMI (acpi_id[0xff] high edge lint[0x1])
[Thu May 12 17:52:08 2022] smpboot: Allowing 128 CPUs, 0 hotplug CPUs
[Thu May 12 17:52:08 2022] e820: [mem 0xca000000-0xf3ffffff] available for PCI devices
[Thu May 12 17:52:08 2022] Kernel command line: BOOT_IMAGE=/boot/vmlinuz-4.15.0-176-generic root=UUID=dcab74e8-9037-11ec-80d3-b8599fbb3723 ro maybe-ubiquity
[Thu May 12 17:52:08 2022] Calgary: detecting Calgary via BIOS EBDA area
[Thu May 12 17:52:08 2022] tsc: Fast TSC calibration failed
[Thu May 12 17:52:08 2022] tsc: PIT calibration matches HPET. 1 loops
[Thu May 12 17:52:08 2022] Calibrating delay loop (skipped), value calculated using timer frequency.. 4500.09 BogoMIPS (lpj=9000184)
[Thu May 12 17:52:08 2022] pid_max: default: 131072 minimum: 1024
[Thu May 12 17:52:08 2022] Speculative Store Bypass: Mitigation: Speculative Store Bypass disabled via prctl and seccomp
[Thu May 12 17:52:08 2022] smpboot: CPU0: AMD EPYC 7742 64-Core Processor (family: 0x17, model: 0x31, stepping: 0x0)
[Thu May 12 17:52:08 2022] NMI watchdog: Enabled. Permanently consumes one hw-PMU counter.
[Thu May 12 17:52:08 2022] ACPI: bus type PCI registered
[Thu May 12 17:52:08 2022] acpiphp: ACPI Hot Plug PCI Controller Driver version: 0.5
[Thu May 12 17:52:08 2022] PCI: MMCONFIG for domain 0000 [bus 00-ff] at [mem 0xe0000000-0xefffffff] (base 0xe0000000)
[Thu May 12 17:52:08 2022] PCI: not using MMCONFIG
[Thu May 12 17:52:08 2022] PCI: Using configuration type 1 for base access
[Thu May 12 17:52:08 2022] PCI: Using configuration type 1 for extended access
[Thu May 12 17:52:08 2022] mtrr: probably your BIOS does not setup all CPUs.
[Thu May 12 17:52:08 2022] PCI: MMCONFIG for domain 0000 [bus 00-ff] at [mem 0xe0000000-0xefffffff] (base 0xe0000000)
[Thu May 12 17:52:08 2022] PCI: MMCONFIG at [mem 0xe0000000-0xefffffff] reserved in ACPI motherboard resources
[Thu May 12 17:52:08 2022] PCI: Using host bridge windows from ACPI; if necessary, use "pci=nocrs" and report a bug
[Thu May 12 17:52:08 2022] ACPI: Power Resource [P0SA] (off)
[Thu May 12 17:52:08 2022] ACPI: Power Resource [P3SA] (off)
[Thu May 12 17:52:08 2022] ACPI: Power Resource [P0SA] (off)
[Thu May 12 17:52:08 2022] ACPI: Power Resource [P3SA] (off)
[Thu May 12 17:52:08 2022] ACPI: Power Resource [P0SA] (off)
[Thu May 12 17:52:08 2022] ACPI: Power Resource [P3SA] (off)
[Thu May 12 17:52:08 2022] ACPI: Power Resource [P0SA] (off)
[Thu May 12 17:52:08 2022] ACPI: Power Resource [P3SA] (off)
[Thu May 12 17:52:08 2022] ACPI: Power Resource [P0SA] (off)
[Thu May 12 17:52:08 2022] ACPI: Power Resource [P3SA] (off)
[Thu May 12 17:52:08 2022] ACPI: Power Resource [P0SA] (off)
[Thu May 12 17:52:08 2022] ACPI: Power Resource [P3SA] (off)
[Thu May 12 17:52:08 2022] ACPI: Power Resource [P0SA] (off)
[Thu May 12 17:52:08 2022] ACPI: Power Resource [P3SA] (off)
[Thu May 12 17:52:08 2022] ACPI: Power Resource [P0SA] (off)
[Thu May 12 17:52:08 2022] ACPI: Power Resource [P3SA] (off)
[Thu May 12 17:52:08 2022] ACPI: Power Resource [P0SA] (off)
[Thu May 12 17:52:08 2022] ACPI: Power Resource [P3SA] (off)
[Thu May 12 17:52:08 2022] ACPI: Power Resource [P0SA] (off)
[Thu May 12 17:52:08 2022] ACPI: Power Resource [P3SA] (off)
[Thu May 12 17:52:08 2022] ACPI: Power Resource [P0SA] (off)
[Thu May 12 17:52:08 2022] ACPI: Power Resource [P3SA] (off)
[Thu May 12 17:52:08 2022] ACPI: Power Resource [P0SA] (off)
[Thu May 12 17:52:08 2022] ACPI: Power Resource [P3SA] (off)
[Thu May 12 17:52:08 2022] ACPI: Power Resource [P0SA] (off)
[Thu May 12 17:52:08 2022] ACPI: Power Resource [P3SA] (off)
[Thu May 12 17:52:08 2022] ACPI: Power Resource [P0SA] (off)
[Thu May 12 17:52:08 2022] ACPI: Power Resource [P3SA] (off)
[Thu May 12 17:52:08 2022] ACPI: Power Resource [P0SA] (off)
[Thu May 12 17:52:08 2022] ACPI: Power Resource [P3SA] (off)
[Thu May 12 17:52:08 2022] ACPI: Power Resource [P0SA] (off)
[Thu May 12 17:52:08 2022] ACPI: Power Resource [P3SA] (off)
[Thu May 12 17:52:08 2022] ACPI: PCI Root Bridge [S0D0] (domain 0000 [bus 60-7f])
[Thu May 12 17:52:08 2022] acpi PNP0A08:00: _OSC: OS supports [ExtendedConfig ASPM ClockPM Segments MSI]
[Thu May 12 17:52:08 2022] acpi PNP0A08:00: PCIe AER handled by firmware
[Thu May 12 17:52:08 2022] acpi PNP0A08:00: _OSC: OS now controls [PCIeHotplug PME PCIeCapability]
[Thu May 12 17:52:08 2022] PCI host bridge to bus 0000:60
[Thu May 12 17:52:08 2022] pci_bus 0000:60: root bus resource [io  0x03b0-0x03df window]
[Thu May 12 17:52:08 2022] pci_bus 0000:60: root bus resource [io  0x4000-0x5fff window]
[Thu May 12 17:52:08 2022] pci_bus 0000:60: root bus resource [mem 0x000a0000-0x000bffff window]
[Thu May 12 17:52:08 2022] pci_bus 0000:60: root bus resource [mem 0xca000000-0xcb8fffff window]
[Thu May 12 17:52:08 2022] pci_bus 0000:60: root bus resource [mem 0x10020200000-0x180201fffff window]
[Thu May 12 17:52:08 2022] pci_bus 0000:60: root bus resource [bus 60-7f]
[Thu May 12 17:52:08 2022] pci 0000:60:00.0: [1022:1480] type 00 class 0x060000
[Thu May 12 17:52:08 2022] pci 0000:60:01.0: [1022:1482] type 00 class 0x060000
[Thu May 12 17:52:08 2022] pci 0000:60:02.0: [1022:1482] type 00 class 0x060000
[Thu May 12 17:52:08 2022] pci 0000:60:03.0: [1022:1482] type 00 class 0x060000
[Thu May 12 17:52:08 2022] pci 0000:60:04.0: [1022:1482] type 00 class 0x060000
[Thu May 12 17:52:08 2022] pci 0000:60:05.0: [1022:1482] type 00 class 0x060000
[Thu May 12 17:52:08 2022] pci 0000:60:05.2: [1022:1483] type 01 class 0x060400
[Thu May 12 17:52:08 2022] pci 0000:60:05.2: PME# supported from D0 D3hot D3cold
[Thu May 12 17:52:08 2022] pci 0000:60:07.0: [1022:1482] type 00 class 0x060000
[Thu May 12 17:52:08 2022] pci 0000:60:07.1: [1022:1484] type 01 class 0x060400
[Thu May 12 17:52:08 2022] pci 0000:60:07.1: enabling Extended Tags
[Thu May 12 17:52:08 2022] pci 0000:60:07.1: PME# supported from D0 D3hot D3cold
[Thu May 12 17:52:08 2022] pci 0000:60:08.0: [1022:1482] type 00 class 0x060000
[Thu May 12 17:52:08 2022] pci 0000:60:08.1: [1022:1484] type 01 class 0x060400
[Thu May 12 17:52:08 2022] pci 0000:60:08.1: enabling Extended Tags
[Thu May 12 17:52:08 2022] pci 0000:60:08.1: PME# supported from D0 D3hot D3cold
[Thu May 12 17:52:08 2022] pci 0000:61:00.0: [1a03:1150] type 01 class 0x060400
[Thu May 12 17:52:08 2022] pci 0000:61:00.0: supports D1 D2
[Thu May 12 17:52:08 2022] pci 0000:61:00.0: PME# supported from D0 D1 D2 D3hot D3cold
[Thu May 12 17:52:08 2022] pci 0000:60:05.2: PCI bridge to [bus 61-62]
[Thu May 12 17:52:08 2022] pci 0000:60:05.2:   bridge window [io  0x5000-0x5fff]
[Thu May 12 17:52:08 2022] pci 0000:60:05.2:   bridge window [mem 0xca000000-0xcb0fffff]
[Thu May 12 17:52:08 2022] pci 0000:62:00.0: [1a03:2000] type 00 class 0x030000
[Thu May 12 17:52:08 2022] pci 0000:62:00.0: reg 0x10: [mem 0xca000000-0xcaffffff]
[Thu May 12 17:52:08 2022] pci 0000:62:00.0: reg 0x14: [mem 0xcb000000-0xcb01ffff]
[Thu May 12 17:52:08 2022] pci 0000:62:00.0: reg 0x18: [io  0x5000-0x507f]
[Thu May 12 17:52:08 2022] pci 0000:62:00.0: supports D1 D2
[Thu May 12 17:52:08 2022] pci 0000:62:00.0: PME# supported from D0 D1 D2 D3hot D3cold
[Thu May 12 17:52:08 2022] pci 0000:61:00.0: PCI bridge to [bus 62]
[Thu May 12 17:52:08 2022] pci 0000:61:00.0:   bridge window [io  0x5000-0x5fff]
[Thu May 12 17:52:08 2022] pci 0000:61:00.0:   bridge window [mem 0xca000000-0xcb0fffff]
[Thu May 12 17:52:08 2022] pci 0000:63:00.0: [1022:148a] type 00 class 0x130000
[Thu May 12 17:52:08 2022] pci 0000:63:00.0: enabling Extended Tags
[Thu May 12 17:52:08 2022] pci 0000:63:00.2: [1022:1498] type 00 class 0x108000
[Thu May 12 17:52:08 2022] pci 0000:63:00.2: reg 0x18: [mem 0xcb300000-0xcb37ffff]
[Thu May 12 17:52:08 2022] pci 0000:63:00.2: reg 0x24: [mem 0xcb380000-0xcb381fff]
[Thu May 12 17:52:08 2022] pci 0000:63:00.2: enabling Extended Tags
[Thu May 12 17:52:08 2022] pci 0000:60:07.1: PCI bridge to [bus 63]
[Thu May 12 17:52:08 2022] pci 0000:60:07.1:   bridge window [mem 0xcb300000-0xcb3fffff]
[Thu May 12 17:52:08 2022] pci 0000:64:00.0: [1022:1485] type 00 class 0x130000
[Thu May 12 17:52:08 2022] pci 0000:64:00.0: enabling Extended Tags
[Thu May 12 17:52:08 2022] pci 0000:64:00.2: [1022:1498] type 00 class 0x108000
[Thu May 12 17:52:08 2022] pci 0000:64:00.2: reg 0x18: [mem 0xcb200000-0xcb27ffff]
[Thu May 12 17:52:08 2022] pci 0000:64:00.2: reg 0x24: [mem 0xcb280000-0xcb281fff]
[Thu May 12 17:52:08 2022] pci 0000:64:00.2: enabling Extended Tags
[Thu May 12 17:52:08 2022] pci 0000:60:08.1: PCI bridge to [bus 64]
[Thu May 12 17:52:08 2022] pci 0000:60:08.1:   bridge window [mem 0xcb200000-0xcb2fffff]
[Thu May 12 17:52:08 2022] pci_bus 0000:60: on NUMA node 0
[Thu May 12 17:52:08 2022] ACPI: PCI Root Bridge [S0D1] (domain 0000 [bus 40-5f])
[Thu May 12 17:52:08 2022] acpi PNP0A08:01: _OSC: OS supports [ExtendedConfig ASPM ClockPM Segments MSI]
[Thu May 12 17:52:08 2022] acpi PNP0A08:01: PCIe AER handled by firmware
[Thu May 12 17:52:08 2022] acpi PNP0A08:01: _OSC: OS now controls [PCIeHotplug PME PCIeCapability]
[Thu May 12 17:52:08 2022] PCI host bridge to bus 0000:40
[Thu May 12 17:52:08 2022] pci_bus 0000:40: root bus resource [io  0x3000-0x3fff window]
[Thu May 12 17:52:08 2022] pci_bus 0000:40: root bus resource [mem 0xf0000000-0xf03fffff window]
[Thu May 12 17:52:08 2022] pci_bus 0000:40: root bus resource [mem 0x18050200000-0x200501fffff window]
[Thu May 12 17:52:08 2022] pci_bus 0000:40: root bus resource [bus 40-5f]
[Thu May 12 17:52:08 2022] pci 0000:40:00.0: [1022:1480] type 00 class 0x060000
[Thu May 12 17:52:08 2022] pci 0000:40:01.0: [1022:1482] type 00 class 0x060000
[Thu May 12 17:52:08 2022] pci 0000:40:02.0: [1022:1482] type 00 class 0x060000
[Thu May 12 17:52:08 2022] pci 0000:40:03.0: [1022:1482] type 00 class 0x060000
[Thu May 12 17:52:08 2022] pci 0000:40:04.0: [1022:1482] type 00 class 0x060000
[Thu May 12 17:52:08 2022] pci 0000:40:05.0: [1022:1482] type 00 class 0x060000
[Thu May 12 17:52:08 2022] pci 0000:40:07.0: [1022:1482] type 00 class 0x060000
[Thu May 12 17:52:08 2022] pci 0000:40:07.1: [1022:1484] type 01 class 0x060400
[Thu May 12 17:52:08 2022] pci 0000:40:07.1: enabling Extended Tags
[Thu May 12 17:52:08 2022] pci 0000:40:07.1: PME# supported from D0 D3hot D3cold
[Thu May 12 17:52:08 2022] pci 0000:40:08.0: [1022:1482] type 00 class 0x060000
[Thu May 12 17:52:08 2022] pci 0000:40:08.1: [1022:1484] type 01 class 0x060400
[Thu May 12 17:52:08 2022] pci 0000:40:08.1: enabling Extended Tags
[Thu May 12 17:52:08 2022] pci 0000:40:08.1: PME# supported from D0 D3hot D3cold
[Thu May 12 17:52:08 2022] pci 0000:40:08.2: [1022:1484] type 01 class 0x060400
[Thu May 12 17:52:08 2022] pci 0000:40:08.2: enabling Extended Tags
[Thu May 12 17:52:08 2022] pci 0000:40:08.2: PME# supported from D0 D3hot D3cold
[Thu May 12 17:52:08 2022] pci 0000:40:08.3: [1022:1484] type 01 class 0x060400
[Thu May 12 17:52:08 2022] pci 0000:40:08.3: enabling Extended Tags
[Thu May 12 17:52:08 2022] pci 0000:40:08.3: PME# supported from D0 D3hot D3cold
[Thu May 12 17:52:08 2022] pci 0000:41:00.0: [1022:148a] type 00 class 0x130000
[Thu May 12 17:52:08 2022] pci 0000:41:00.0: enabling Extended Tags
[Thu May 12 17:52:08 2022] pci 0000:41:00.2: [1022:1498] type 00 class 0x108000
[Thu May 12 17:52:08 2022] pci 0000:41:00.2: reg 0x18: [mem 0xf0300000-0xf037ffff]
[Thu May 12 17:52:08 2022] pci 0000:41:00.2: reg 0x24: [mem 0xf0380000-0xf0381fff]
[Thu May 12 17:52:08 2022] pci 0000:41:00.2: enabling Extended Tags
[Thu May 12 17:52:08 2022] pci 0000:40:07.1: PCI bridge to [bus 41]
[Thu May 12 17:52:08 2022] pci 0000:40:07.1:   bridge window [mem 0xf0300000-0xf03fffff]
[Thu May 12 17:52:08 2022] pci 0000:42:00.0: [1022:1485] type 00 class 0x130000
[Thu May 12 17:52:08 2022] pci 0000:42:00.0: enabling Extended Tags
[Thu May 12 17:52:08 2022] pci 0000:42:00.2: [1022:1498] type 00 class 0x108000
[Thu May 12 17:52:08 2022] pci 0000:42:00.2: reg 0x18: [mem 0xf0200000-0xf027ffff]
[Thu May 12 17:52:08 2022] pci 0000:42:00.2: reg 0x24: [mem 0xf0280000-0xf0281fff]
[Thu May 12 17:52:08 2022] pci 0000:42:00.2: enabling Extended Tags
[Thu May 12 17:52:08 2022] pci 0000:40:08.1: PCI bridge to [bus 42]
[Thu May 12 17:52:08 2022] pci 0000:40:08.1:   bridge window [mem 0xf0200000-0xf02fffff]
[Thu May 12 17:52:08 2022] pci 0000:43:00.0: [1022:7901] type 00 class 0x010601
[Thu May 12 17:52:08 2022] pci 0000:43:00.0: reg 0x24: [mem 0xf0100000-0xf01007ff]
[Thu May 12 17:52:08 2022] pci 0000:43:00.0: enabling Extended Tags
[Thu May 12 17:52:08 2022] pci 0000:43:00.0: PME# supported from D3hot D3cold
[Thu May 12 17:52:08 2022] pci 0000:40:08.2: PCI bridge to [bus 43]
[Thu May 12 17:52:08 2022] pci 0000:40:08.2:   bridge window [mem 0xf0100000-0xf01fffff]
[Thu May 12 17:52:08 2022] pci 0000:44:00.0: [1022:7901] type 00 class 0x010601
[Thu May 12 17:52:08 2022] pci 0000:44:00.0: reg 0x24: [mem 0xf0000000-0xf00007ff]
[Thu May 12 17:52:08 2022] pci 0000:44:00.0: enabling Extended Tags
[Thu May 12 17:52:08 2022] pci 0000:44:00.0: PME# supported from D3hot D3cold
[Thu May 12 17:52:08 2022] pci 0000:40:08.3: PCI bridge to [bus 44]
[Thu May 12 17:52:08 2022] pci 0000:40:08.3:   bridge window [mem 0xf0000000-0xf00fffff]
[Thu May 12 17:52:08 2022] pci_bus 0000:40: on NUMA node 1
[Thu May 12 17:52:08 2022] ACPI: PCI Root Bridge [PCI0] (domain 0000 [bus 00-1f])
[Thu May 12 17:52:08 2022] acpi PNP0A08:02: _OSC: OS supports [ExtendedConfig ASPM ClockPM Segments MSI]
[Thu May 12 17:52:08 2022] acpi PNP0A08:02: PCIe AER handled by firmware
[Thu May 12 17:52:08 2022] acpi PNP0A08:02: _OSC: OS now controls [PCIeHotplug PME PCIeCapability]
[Thu May 12 17:52:08 2022] PCI host bridge to bus 0000:00
[Thu May 12 17:52:08 2022] pci_bus 0000:00: root bus resource [io  0x0000-0x02ff window]
[Thu May 12 17:52:08 2022] pci_bus 0000:00: root bus resource [io  0x0300-0x03af window]
[Thu May 12 17:52:08 2022] pci_bus 0000:00: root bus resource [io  0x03e0-0x0cf7 window]
[Thu May 12 17:52:08 2022] pci_bus 0000:00: root bus resource [io  0x1000-0x1fff window]
[Thu May 12 17:52:08 2022] pci_bus 0000:00: root bus resource [mem 0x000c0000-0x000dffff window]
[Thu May 12 17:52:08 2022] pci_bus 0000:00: root bus resource [mem 0xf6000000-0xf65fffff window]
[Thu May 12 17:52:08 2022] pci_bus 0000:00: root bus resource [mem 0x280b0200000-0x380b01fffff window]
[Thu May 12 17:52:08 2022] pci_bus 0000:00: root bus resource [bus 00-1f]
[Thu May 12 17:52:08 2022] pci 0000:00:00.0: [1022:1480] type 00 class 0x060000
[Thu May 12 17:52:08 2022] pci 0000:00:01.0: [1022:1482] type 00 class 0x060000
[Thu May 12 17:52:08 2022] pci 0000:00:01.1: [1022:1483] type 01 class 0x060400
[Thu May 12 17:52:08 2022] pci 0000:00:01.1: PME# supported from D0 D3hot D3cold
[Thu May 12 17:52:08 2022] pci 0000:00:02.0: [1022:1482] type 00 class 0x060000
[Thu May 12 17:52:08 2022] pci 0000:00:03.0: [1022:1482] type 00 class 0x060000
[Thu May 12 17:52:08 2022] pci 0000:00:04.0: [1022:1482] type 00 class 0x060000
[Thu May 12 17:52:08 2022] pci 0000:00:05.0: [1022:1482] type 00 class 0x060000
[Thu May 12 17:52:08 2022] pci 0000:00:07.0: [1022:1482] type 00 class 0x060000
[Thu May 12 17:52:08 2022] pci 0000:00:07.1: [1022:1484] type 01 class 0x060400
[Thu May 12 17:52:08 2022] pci 0000:00:07.1: enabling Extended Tags
[Thu May 12 17:52:08 2022] pci 0000:00:07.1: PME# supported from D0 D3hot D3cold
[Thu May 12 17:52:08 2022] pci 0000:00:08.0: [1022:1482] type 00 class 0x060000
[Thu May 12 17:52:08 2022] pci 0000:00:08.1: [1022:1484] type 01 class 0x060400
[Thu May 12 17:52:08 2022] pci 0000:00:08.1: enabling Extended Tags
[Thu May 12 17:52:08 2022] pci 0000:00:08.1: PME# supported from D0 D3hot D3cold
[Thu May 12 17:52:08 2022] pci 0000:00:14.0: [1022:790b] type 00 class 0x0c0500
[Thu May 12 17:52:08 2022] pci 0000:00:14.3: [1022:790e] type 00 class 0x060100
[Thu May 12 17:52:08 2022] pci 0000:00:18.0: [1022:1490] type 00 class 0x060000
[Thu May 12 17:52:08 2022] pci 0000:00:18.1: [1022:1491] type 00 class 0x060000
[Thu May 12 17:52:08 2022] pci 0000:00:18.2: [1022:1492] type 00 class 0x060000
[Thu May 12 17:52:08 2022] pci 0000:00:18.3: [1022:1493] type 00 class 0x060000
[Thu May 12 17:52:08 2022] pci 0000:00:18.4: [1022:1494] type 00 class 0x060000
[Thu May 12 17:52:08 2022] pci 0000:00:18.5: [1022:1495] type 00 class 0x060000
[Thu May 12 17:52:08 2022] pci 0000:00:18.6: [1022:1496] type 00 class 0x060000
[Thu May 12 17:52:08 2022] pci 0000:00:18.7: [1022:1497] type 00 class 0x060000
[Thu May 12 17:52:08 2022] pci 0000:00:19.0: [1022:1490] type 00 class 0x060000
[Thu May 12 17:52:08 2022] pci 0000:00:19.1: [1022:1491] type 00 class 0x060000
[Thu May 12 17:52:08 2022] pci 0000:00:19.2: [1022:1492] type 00 class 0x060000
[Thu May 12 17:52:08 2022] pci 0000:00:19.3: [1022:1493] type 00 class 0x060000
[Thu May 12 17:52:08 2022] pci 0000:00:19.4: [1022:1494] type 00 class 0x060000
[Thu May 12 17:52:08 2022] pci 0000:00:19.5: [1022:1495] type 00 class 0x060000
[Thu May 12 17:52:08 2022] pci 0000:00:19.6: [1022:1496] type 00 class 0x060000
[Thu May 12 17:52:08 2022] pci 0000:00:19.7: [1022:1497] type 00 class 0x060000
[Thu May 12 17:52:08 2022] pci 0000:01:00.0: [1022:14c7] type 01 class 0x060400
[Thu May 12 17:52:08 2022] pci 0000:01:00.0: reg 0x10: [mem 0xf6200000-0xf6203fff]
[Thu May 12 17:52:08 2022] pci 0000:01:00.0: PME# supported from D0 D3hot D3cold
[Thu May 12 17:52:08 2022] pci 0000:00:01.1: PCI bridge to [bus 01-03]
[Thu May 12 17:52:08 2022] pci 0000:00:01.1:   bridge window [io  0x1000-0x1fff]
[Thu May 12 17:52:08 2022] pci 0000:00:01.1:   bridge window [mem 0xf6000000-0xf62fffff]
[Thu May 12 17:52:08 2022] pci 0000:00:01.1:   bridge window [mem 0x36000000000-0x380003fffff 64bit pref]
[Thu May 12 17:52:08 2022] pci 0000:02:00.0: [1002:14c8] type 01 class 0x060400
[Thu May 12 17:52:08 2022] pci 0000:02:00.0: PME# supported from D0 D3hot D3cold
[Thu May 12 17:52:08 2022] pci 0000:01:00.0: PCI bridge to [bus 02-03]
[Thu May 12 17:52:08 2022] pci 0000:01:00.0:   bridge window [io  0x1000-0x1fff]
[Thu May 12 17:52:08 2022] pci 0000:01:00.0:   bridge window [mem 0xf6000000-0xf61fffff]
[Thu May 12 17:52:08 2022] pci 0000:01:00.0:   bridge window [mem 0x36000000000-0x380003fffff 64bit pref]
[Thu May 12 17:52:08 2022] pci 0000:03:00.0: [1002:740f] type 00 class 0x038000
[Thu May 12 17:52:08 2022] pci 0000:03:00.0: reg 0x10: [mem 0x37000000000-0x37fffffffff 64bit pref]
[Thu May 12 17:52:08 2022] pci 0000:03:00.0: reg 0x18: [mem 0x38000200000-0x380003fffff 64bit pref]
[Thu May 12 17:52:08 2022] pci 0000:03:00.0: reg 0x20: [io  0x1000-0x10ff]
[Thu May 12 17:52:08 2022] pci 0000:03:00.0: reg 0x24: [mem 0xf6080000-0xf60fffff]
[Thu May 12 17:52:08 2022] pci 0000:03:00.0: reg 0x30: [mem 0xf6100000-0xf611ffff pref]
[Thu May 12 17:52:08 2022] pci 0000:03:00.0: PME# supported from D1 D2 D3hot D3cold
[Thu May 12 17:52:08 2022] pci 0000:03:00.0: reg 0x354: [mem 0x36000000000-0x36fffffffff 64bit pref]
[Thu May 12 17:52:08 2022] pci 0000:03:00.0: VF(n) BAR0 space: [mem 0x36000000000-0x36fffffffff 64bit pref] (contains BAR0 for 1 VFs)
[Thu May 12 17:52:08 2022] pci 0000:03:00.0: reg 0x35c: [mem 0x38000000000-0x380001fffff 64bit pref]
[Thu May 12 17:52:08 2022] pci 0000:03:00.0: VF(n) BAR2 space: [mem 0x38000000000-0x380001fffff 64bit pref] (contains BAR2 for 1 VFs)
[Thu May 12 17:52:08 2022] pci 0000:03:00.0: reg 0x368: [mem 0xf6000000-0xf607ffff]
[Thu May 12 17:52:08 2022] pci 0000:03:00.0: VF(n) BAR5 space: [mem 0xf6000000-0xf607ffff] (contains BAR5 for 1 VFs)
[Thu May 12 17:52:08 2022] pci 0000:02:00.0: PCI bridge to [bus 03]
[Thu May 12 17:52:08 2022] pci 0000:02:00.0:   bridge window [io  0x1000-0x1fff]
[Thu May 12 17:52:08 2022] pci 0000:02:00.0:   bridge window [mem 0xf6000000-0xf61fffff]
[Thu May 12 17:52:08 2022] pci 0000:02:00.0:   bridge window [mem 0x36000000000-0x380003fffff 64bit pref]
[Thu May 12 17:52:08 2022] pci 0000:04:00.0: [1022:148a] type 00 class 0x130000
[Thu May 12 17:52:08 2022] pci 0000:04:00.0: enabling Extended Tags
[Thu May 12 17:52:08 2022] pci 0000:04:00.2: [1022:1498] type 00 class 0x108000
[Thu May 12 17:52:08 2022] pci 0000:04:00.2: reg 0x18: [mem 0xf6500000-0xf657ffff]
[Thu May 12 17:52:08 2022] pci 0000:04:00.2: reg 0x24: [mem 0xf6580000-0xf6581fff]
[Thu May 12 17:52:08 2022] pci 0000:04:00.2: enabling Extended Tags
[Thu May 12 17:52:08 2022] pci 0000:00:07.1: PCI bridge to [bus 04]
[Thu May 12 17:52:08 2022] pci 0000:00:07.1:   bridge window [mem 0xf6500000-0xf65fffff]
[Thu May 12 17:52:08 2022] pci 0000:05:00.0: [1022:1485] type 00 class 0x130000
[Thu May 12 17:52:08 2022] pci 0000:05:00.0: enabling Extended Tags
[Thu May 12 17:52:08 2022] pci 0000:05:00.2: [1022:1498] type 00 class 0x108000
[Thu May 12 17:52:08 2022] pci 0000:05:00.2: reg 0x18: [mem 0xf6400000-0xf647ffff]
[Thu May 12 17:52:08 2022] pci 0000:05:00.2: reg 0x24: [mem 0xf6480000-0xf6481fff]
[Thu May 12 17:52:08 2022] pci 0000:05:00.2: enabling Extended Tags
[Thu May 12 17:52:08 2022] pci 0000:05:00.3: [1022:148c] type 00 class 0x0c0330
[Thu May 12 17:52:08 2022] pci 0000:05:00.3: reg 0x10: [mem 0xf6300000-0xf63fffff 64bit]
[Thu May 12 17:52:08 2022] pci 0000:05:00.3: enabling Extended Tags
[Thu May 12 17:52:08 2022] pci 0000:05:00.3: PME# supported from D0 D3hot D3cold
[Thu May 12 17:52:08 2022] pci 0000:00:08.1: PCI bridge to [bus 05]
[Thu May 12 17:52:08 2022] pci 0000:00:08.1:   bridge window [mem 0xf6300000-0xf64fffff]
[Thu May 12 17:52:08 2022] pci_bus 0000:00: on NUMA node 3
[Thu May 12 17:52:08 2022] ACPI: PCI Root Bridge [S0D2] (domain 0000 [bus 20-3f])
[Thu May 12 17:52:08 2022] acpi PNP0A08:03: _OSC: OS supports [ExtendedConfig ASPM ClockPM Segments MSI]
[Thu May 12 17:52:08 2022] acpi PNP0A08:03: PCIe AER handled by firmware
[Thu May 12 17:52:08 2022] acpi PNP0A08:03: _OSC: OS now controls [PCIeHotplug PME PCIeCapability]
[Thu May 12 17:52:08 2022] PCI host bridge to bus 0000:20
[Thu May 12 17:52:08 2022] pci_bus 0000:20: root bus resource [io  0x2000-0x2fff window]
[Thu May 12 17:52:08 2022] pci_bus 0000:20: root bus resource [mem 0xc4000000-0xc4cfffff window]
[Thu May 12 17:52:08 2022] pci_bus 0000:20: root bus resource [mem 0x20080200000-0x280801fffff window]
[Thu May 12 17:52:08 2022] pci_bus 0000:20: root bus resource [bus 20-3f]
[Thu May 12 17:52:08 2022] pci 0000:20:00.0: [1022:1480] type 00 class 0x060000
[Thu May 12 17:52:08 2022] pci 0000:20:01.0: [1022:1482] type 00 class 0x060000
[Thu May 12 17:52:08 2022] pci 0000:20:01.1: [1022:1483] type 01 class 0x060400
[Thu May 12 17:52:08 2022] pci 0000:20:01.1: PME# supported from D0 D3hot D3cold
[Thu May 12 17:52:08 2022] pci 0000:20:01.2: [1022:1483] type 01 class 0x060400
[Thu May 12 17:52:08 2022] pci 0000:20:01.2: PME# supported from D0 D3hot D3cold
[Thu May 12 17:52:08 2022] pci 0000:20:01.3: [1022:1483] type 01 class 0x060400
[Thu May 12 17:52:08 2022] pci 0000:20:01.3: PME# supported from D0 D3hot D3cold
[Thu May 12 17:52:08 2022] pci 0000:20:01.4: [1022:1483] type 01 class 0x060400
[Thu May 12 17:52:08 2022] pci 0000:20:01.4: PME# supported from D0 D3hot D3cold
[Thu May 12 17:52:08 2022] pci 0000:20:02.0: [1022:1482] type 00 class 0x060000
[Thu May 12 17:52:08 2022] pci 0000:20:03.0: [1022:1482] type 00 class 0x060000
[Thu May 12 17:52:08 2022] pci 0000:20:03.1: [1022:1483] type 01 class 0x060400
[Thu May 12 17:52:08 2022] pci 0000:20:03.1: PME# supported from D0 D3hot D3cold
[Thu May 12 17:52:08 2022] pci 0000:20:04.0: [1022:1482] type 00 class 0x060000
[Thu May 12 17:52:08 2022] pci 0000:20:05.0: [1022:1482] type 00 class 0x060000
[Thu May 12 17:52:08 2022] pci 0000:20:07.0: [1022:1482] type 00 class 0x060000
[Thu May 12 17:52:08 2022] pci 0000:20:07.1: [1022:1484] type 01 class 0x060400
[Thu May 12 17:52:08 2022] pci 0000:20:07.1: enabling Extended Tags
[Thu May 12 17:52:08 2022] pci 0000:20:07.1: PME# supported from D0 D3hot D3cold
[Thu May 12 17:52:08 2022] pci 0000:20:08.0: [1022:1482] type 00 class 0x060000
[Thu May 12 17:52:08 2022] pci 0000:20:08.1: [1022:1484] type 01 class 0x060400
[Thu May 12 17:52:08 2022] pci 0000:20:08.1: enabling Extended Tags
[Thu May 12 17:52:08 2022] pci 0000:20:08.1: PME# supported from D0 D3hot D3cold
[Thu May 12 17:52:08 2022] pci 0000:20:08.2: [1022:1484] type 01 class 0x060400
[Thu May 12 17:52:08 2022] pci 0000:20:08.2: enabling Extended Tags
[Thu May 12 17:52:08 2022] pci 0000:20:08.2: PME# supported from D0 D3hot D3cold
[Thu May 12 17:52:08 2022] pci 0000:20:08.3: [1022:1484] type 01 class 0x060400
[Thu May 12 17:52:08 2022] pci 0000:20:08.3: enabling Extended Tags
[Thu May 12 17:52:08 2022] pci 0000:20:08.3: PME# supported from D0 D3hot D3cold
[Thu May 12 17:52:08 2022] pci 0000:20:01.1: PCI bridge to [bus 21]
[Thu May 12 17:52:08 2022] pci 0000:20:01.1:   bridge window [mem 0xc4c00000-0xc4cfffff]
[Thu May 12 17:52:08 2022] pci 0000:20:01.2: PCI bridge to [bus 22]
[Thu May 12 17:52:08 2022] pci 0000:20:01.2:   bridge window [mem 0xc4b00000-0xc4bfffff]
[Thu May 12 17:52:08 2022] pci 0000:20:01.3: PCI bridge to [bus 23]
[Thu May 12 17:52:08 2022] pci 0000:20:01.3:   bridge window [mem 0xc4a00000-0xc4afffff]
[Thu May 12 17:52:08 2022] pci 0000:20:01.4: PCI bridge to [bus 24]
[Thu May 12 17:52:08 2022] pci 0000:20:01.4:   bridge window [mem 0xc4900000-0xc49fffff]
[Thu May 12 17:52:08 2022] pci 0000:25:00.0: [1022:14c7] type 01 class 0x060400
[Thu May 12 17:52:08 2022] pci 0000:25:00.0: reg 0x10: [mem 0xc4500000-0xc4503fff]
[Thu May 12 17:52:08 2022] pci 0000:25:00.0: PME# supported from D0 D3hot D3cold
[Thu May 12 17:52:08 2022] pci 0000:20:03.1: PCI bridge to [bus 25-27]
[Thu May 12 17:52:08 2022] pci 0000:20:03.1:   bridge window [io  0x2000-0x2fff]
[Thu May 12 17:52:08 2022] pci 0000:20:03.1:   bridge window [mem 0xc4300000-0xc45fffff]
[Thu May 12 17:52:08 2022] pci 0000:20:03.1:   bridge window [mem 0x26000000000-0x280003fffff 64bit pref]
[Thu May 12 17:52:08 2022] pci 0000:26:00.0: [1002:14c8] type 01 class 0x060400
[Thu May 12 17:52:08 2022] pci 0000:26:00.0: PME# supported from D0 D3hot D3cold
[Thu May 12 17:52:08 2022] pci 0000:25:00.0: PCI bridge to [bus 26-27]
[Thu May 12 17:52:08 2022] pci 0000:25:00.0:   bridge window [io  0x2000-0x2fff]
[Thu May 12 17:52:08 2022] pci 0000:25:00.0:   bridge window [mem 0xc4300000-0xc44fffff]
[Thu May 12 17:52:08 2022] pci 0000:25:00.0:   bridge window [mem 0x26000000000-0x280003fffff 64bit pref]
[Thu May 12 17:52:08 2022] pci 0000:27:00.0: [1002:740f] type 00 class 0x038000
[Thu May 12 17:52:08 2022] pci 0000:27:00.0: reg 0x10: [mem 0x27000000000-0x27fffffffff 64bit pref]
[Thu May 12 17:52:08 2022] pci 0000:27:00.0: reg 0x18: [mem 0x28000200000-0x280003fffff 64bit pref]
[Thu May 12 17:52:08 2022] pci 0000:27:00.0: reg 0x20: [io  0x2000-0x20ff]
[Thu May 12 17:52:08 2022] pci 0000:27:00.0: reg 0x24: [mem 0xc4380000-0xc43fffff]
[Thu May 12 17:52:08 2022] pci 0000:27:00.0: reg 0x30: [mem 0xc4400000-0xc441ffff pref]
[Thu May 12 17:52:08 2022] pci 0000:27:00.0: PME# supported from D1 D2 D3hot D3cold
[Thu May 12 17:52:08 2022] pci 0000:27:00.0: reg 0x354: [mem 0x26000000000-0x26fffffffff 64bit pref]
[Thu May 12 17:52:08 2022] pci 0000:27:00.0: VF(n) BAR0 space: [mem 0x26000000000-0x26fffffffff 64bit pref] (contains BAR0 for 1 VFs)
[Thu May 12 17:52:08 2022] pci 0000:27:00.0: reg 0x35c: [mem 0x28000000000-0x280001fffff 64bit pref]
[Thu May 12 17:52:08 2022] pci 0000:27:00.0: VF(n) BAR2 space: [mem 0x28000000000-0x280001fffff 64bit pref] (contains BAR2 for 1 VFs)
[Thu May 12 17:52:08 2022] pci 0000:27:00.0: reg 0x368: [mem 0xc4300000-0xc437ffff]
[Thu May 12 17:52:08 2022] pci 0000:27:00.0: VF(n) BAR5 space: [mem 0xc4300000-0xc437ffff] (contains BAR5 for 1 VFs)
[Thu May 12 17:52:08 2022] pci 0000:26:00.0: PCI bridge to [bus 27]
[Thu May 12 17:52:08 2022] pci 0000:26:00.0:   bridge window [io  0x2000-0x2fff]
[Thu May 12 17:52:08 2022] pci 0000:26:00.0:   bridge window [mem 0xc4300000-0xc44fffff]
[Thu May 12 17:52:08 2022] pci 0000:26:00.0:   bridge window [mem 0x26000000000-0x280003fffff 64bit pref]
[Thu May 12 17:52:08 2022] pci 0000:28:00.0: [1022:148a] type 00 class 0x130000
[Thu May 12 17:52:08 2022] pci 0000:28:00.0: enabling Extended Tags
[Thu May 12 17:52:08 2022] pci 0000:28:00.2: [1022:1498] type 00 class 0x108000
[Thu May 12 17:52:08 2022] pci 0000:28:00.2: reg 0x18: [mem 0xc4800000-0xc487ffff]
[Thu May 12 17:52:08 2022] pci 0000:28:00.2: reg 0x24: [mem 0xc4880000-0xc4881fff]
[Thu May 12 17:52:08 2022] pci 0000:28:00.2: enabling Extended Tags
[Thu May 12 17:52:08 2022] pci 0000:20:07.1: PCI bridge to [bus 28]
[Thu May 12 17:52:08 2022] pci 0000:20:07.1:   bridge window [mem 0xc4800000-0xc48fffff]
[Thu May 12 17:52:08 2022] pci 0000:29:00.0: [1022:1485] type 00 class 0x130000
[Thu May 12 17:52:08 2022] pci 0000:29:00.0: enabling Extended Tags
[Thu May 12 17:52:08 2022] pci 0000:29:00.1: [1022:1486] type 00 class 0x108000
[Thu May 12 17:52:08 2022] pci 0000:29:00.1: reg 0x18: [mem 0xc4100000-0xc41fffff]
[Thu May 12 17:52:08 2022] pci 0000:29:00.1: reg 0x24: [mem 0xc4282000-0xc4283fff]
[Thu May 12 17:52:08 2022] pci 0000:29:00.1: enabling Extended Tags
[Thu May 12 17:52:08 2022] pci 0000:29:00.2: [1022:1498] type 00 class 0x108000
[Thu May 12 17:52:08 2022] pci 0000:29:00.2: reg 0x18: [mem 0xc4200000-0xc427ffff]
[Thu May 12 17:52:08 2022] pci 0000:29:00.2: reg 0x24: [mem 0xc4280000-0xc4281fff]
[Thu May 12 17:52:08 2022] pci 0000:29:00.2: enabling Extended Tags
[Thu May 12 17:52:08 2022] pci 0000:29:00.3: [1022:148c] type 00 class 0x0c0330
[Thu May 12 17:52:08 2022] pci 0000:29:00.3: reg 0x10: [mem 0xc4000000-0xc40fffff 64bit]
[Thu May 12 17:52:08 2022] pci 0000:29:00.3: enabling Extended Tags
[Thu May 12 17:52:08 2022] pci 0000:29:00.3: PME# supported from D0 D3hot D3cold
[Thu May 12 17:52:08 2022] pci 0000:20:08.1: PCI bridge to [bus 29]
[Thu May 12 17:52:08 2022] pci 0000:20:08.1:   bridge window [mem 0xc4000000-0xc42fffff]
[Thu May 12 17:52:08 2022] pci 0000:2a:00.0: [1022:7901] type 00 class 0x010601
[Thu May 12 17:52:08 2022] pci 0000:2a:00.0: reg 0x24: [mem 0xc4700000-0xc47007ff]
[Thu May 12 17:52:08 2022] pci 0000:2a:00.0: enabling Extended Tags
[Thu May 12 17:52:08 2022] pci 0000:2a:00.0: PME# supported from D3hot D3cold
[Thu May 12 17:52:08 2022] pci 0000:20:08.2: PCI bridge to [bus 2a]
[Thu May 12 17:52:08 2022] pci 0000:20:08.2:   bridge window [mem 0xc4700000-0xc47fffff]
[Thu May 12 17:52:08 2022] pci 0000:2b:00.0: [1022:7901] type 00 class 0x010601
[Thu May 12 17:52:08 2022] pci 0000:2b:00.0: reg 0x24: [mem 0xc4600000-0xc46007ff]
[Thu May 12 17:52:08 2022] pci 0000:2b:00.0: enabling Extended Tags
[Thu May 12 17:52:08 2022] pci 0000:2b:00.0: PME# supported from D3hot D3cold
[Thu May 12 17:52:08 2022] pci 0000:20:08.3: PCI bridge to [bus 2b]
[Thu May 12 17:52:08 2022] pci 0000:20:08.3:   bridge window [mem 0xc4600000-0xc46fffff]
[Thu May 12 17:52:08 2022] pci_bus 0000:20: on NUMA node 2
[Thu May 12 17:52:08 2022] ACPI: PCI Root Bridge [S1D0] (domain 0000 [bus e0-ff])
[Thu May 12 17:52:08 2022] acpi PNP0A08:04: _OSC: OS supports [ExtendedConfig ASPM ClockPM Segments MSI]
[Thu May 12 17:52:08 2022] acpi PNP0A08:04: PCIe AER handled by firmware
[Thu May 12 17:52:08 2022] acpi PNP0A08:04: _OSC: OS now controls [PCIeHotplug PME PCIeCapability]
[Thu May 12 17:52:08 2022] PCI host bridge to bus 0000:e0
[Thu May 12 17:52:08 2022] pci_bus 0000:e0: root bus resource [io  0x6000-0x8fff window]
[Thu May 12 17:52:08 2022] pci_bus 0000:e0: root bus resource [mem 0xc0000000-0xc06fffff window]
[Thu May 12 17:52:08 2022] pci_bus 0000:e0: root bus resource [mem 0x380e0200000-0x400e01fffff window]
[Thu May 12 17:52:08 2022] pci_bus 0000:e0: root bus resource [bus e0-ff]
[Thu May 12 17:52:08 2022] pci 0000:e0:00.0: [1022:1480] type 00 class 0x060000
[Thu May 12 17:52:08 2022] pci 0000:e0:01.0: [1022:1482] type 00 class 0x060000
[Thu May 12 17:52:08 2022] pci 0000:e0:02.0: [1022:1482] type 00 class 0x060000
[Thu May 12 17:52:08 2022] pci 0000:e0:03.0: [1022:1482] type 00 class 0x060000
[Thu May 12 17:52:08 2022] pci 0000:e0:03.1: [1022:1483] type 01 class 0x060400
[Thu May 12 17:52:08 2022] pci 0000:e0:03.1: PME# supported from D0 D3hot D3cold
[Thu May 12 17:52:08 2022] pci 0000:e0:04.0: [1022:1482] type 00 class 0x060000
[Thu May 12 17:52:08 2022] pci 0000:e0:05.0: [1022:1482] type 00 class 0x060000
[Thu May 12 17:52:08 2022] pci 0000:e0:05.1: [1022:1483] type 01 class 0x060400
[Thu May 12 17:52:08 2022] pci 0000:e0:05.1: PME# supported from D0 D3hot D3cold
[Thu May 12 17:52:08 2022] pci 0000:e0:07.0: [1022:1482] type 00 class 0x060000
[Thu May 12 17:52:08 2022] pci 0000:e0:07.1: [1022:1484] type 01 class 0x060400
[Thu May 12 17:52:08 2022] pci 0000:e0:07.1: enabling Extended Tags
[Thu May 12 17:52:08 2022] pci 0000:e0:07.1: PME# supported from D0 D3hot D3cold
[Thu May 12 17:52:08 2022] pci 0000:e0:08.0: [1022:1482] type 00 class 0x060000
[Thu May 12 17:52:08 2022] pci 0000:e0:08.1: [1022:1484] type 01 class 0x060400
[Thu May 12 17:52:08 2022] pci 0000:e0:08.1: enabling Extended Tags
[Thu May 12 17:52:08 2022] pci 0000:e0:08.1: PME# supported from D0 D3hot D3cold
[Thu May 12 17:52:08 2022] pci 0000:e1:00.0: [1000:005d] type 00 class 0x010400
[Thu May 12 17:52:08 2022] pci 0000:e1:00.0: reg 0x10: [io  0x8000-0x80ff]
[Thu May 12 17:52:08 2022] pci 0000:e1:00.0: reg 0x14: [mem 0xc0200000-0xc020ffff 64bit]
[Thu May 12 17:52:08 2022] pci 0000:e1:00.0: reg 0x1c: [mem 0xc0100000-0xc01fffff 64bit]
[Thu May 12 17:52:08 2022] pci 0000:e1:00.0: reg 0x30: [mem 0xc0000000-0xc00fffff pref]
[Thu May 12 17:52:08 2022] pci 0000:e1:00.0: supports D1 D2
[Thu May 12 17:52:08 2022] pci 0000:e0:03.1: PCI bridge to [bus e1]
[Thu May 12 17:52:08 2022] pci 0000:e0:03.1:   bridge window [io  0x8000-0x8fff]
[Thu May 12 17:52:08 2022] pci 0000:e0:03.1:   bridge window [mem 0xc0000000-0xc02fffff]
[Thu May 12 17:52:08 2022] pci 0000:e2:00.0: [12d8:2404] type 01 class 0x060400
[Thu May 12 17:52:08 2022] pci 0000:e2:00.0: supports D1 D2
[Thu May 12 17:52:08 2022] pci 0000:e2:00.0: PME# supported from D0 D1 D2 D3hot D3cold
[Thu May 12 17:52:08 2022] pci 0000:e0:05.1: PCI bridge to [bus e2-e7]
[Thu May 12 17:52:08 2022] pci 0000:e0:05.1:   bridge window [io  0x6000-0x7fff]
[Thu May 12 17:52:08 2022] pci 0000:e0:05.1:   bridge window [mem 0xc0300000-0xc04fffff]
[Thu May 12 17:52:08 2022] pci 0000:e0:05.1:   bridge window [mem 0x400e0100000-0x400e01fffff 64bit pref]
[Thu May 12 17:52:08 2022] pci 0000:e3:01.0: [12d8:2404] type 01 class 0x060400
[Thu May 12 17:52:08 2022] pci 0000:e3:01.0: supports D1 D2
[Thu May 12 17:52:08 2022] pci 0000:e3:01.0: PME# supported from D0 D1 D2 D3hot D3cold
[Thu May 12 17:52:08 2022] pci 0000:e3:02.0: [12d8:2404] type 01 class 0x060400
[Thu May 12 17:52:08 2022] pci 0000:e3:02.0: supports D1 D2
[Thu May 12 17:52:08 2022] pci 0000:e3:02.0: PME# supported from D0 D1 D2 D3hot D3cold
[Thu May 12 17:52:08 2022] pci 0000:e3:03.0: [12d8:2404] type 01 class 0x060400
[Thu May 12 17:52:08 2022] pci 0000:e3:03.0: supports D1 D2
[Thu May 12 17:52:08 2022] pci 0000:e3:03.0: PME# supported from D0 D1 D2 D3hot D3cold
[Thu May 12 17:52:08 2022] pci 0000:e2:00.0: PCI bridge to [bus e3-e7]
[Thu May 12 17:52:08 2022] pci 0000:e2:00.0:   bridge window [io  0x6000-0x7fff]
[Thu May 12 17:52:08 2022] pci 0000:e2:00.0:   bridge window [mem 0xc0300000-0xc04fffff]
[Thu May 12 17:52:08 2022] pci 0000:e2:00.0:   bridge window [mem 0x400e0100000-0x400e01fffff 64bit pref]
[Thu May 12 17:52:08 2022] pci 0000:e3:01.0: PCI bridge to [bus e4]
[Thu May 12 17:52:08 2022] pci 0000:e5:00.0: [8086:1521] type 00 class 0x020000
[Thu May 12 17:52:08 2022] pci 0000:e5:00.0: reg 0x10: [mem 0xc0420000-0xc043ffff]
[Thu May 12 17:52:08 2022] pci 0000:e5:00.0: reg 0x18: [io  0x7020-0x703f]
[Thu May 12 17:52:08 2022] pci 0000:e5:00.0: reg 0x1c: [mem 0xc0444000-0xc0447fff]
[Thu May 12 17:52:08 2022] pci 0000:e5:00.0: PME# supported from D0 D3hot D3cold
[Thu May 12 17:52:08 2022] pci 0000:e5:00.0: reg 0x184: [mem 0x400e0160000-0x400e0163fff 64bit pref]
[Thu May 12 17:52:08 2022] pci 0000:e5:00.0: VF(n) BAR0 space: [mem 0x400e0160000-0x400e017ffff 64bit pref] (contains BAR0 for 8 VFs)
[Thu May 12 17:52:08 2022] pci 0000:e5:00.0: reg 0x190: [mem 0x400e0140000-0x400e0143fff 64bit pref]
[Thu May 12 17:52:08 2022] pci 0000:e5:00.0: VF(n) BAR3 space: [mem 0x400e0140000-0x400e015ffff 64bit pref] (contains BAR3 for 8 VFs)
[Thu May 12 17:52:08 2022] pci 0000:e5:00.1: [8086:1521] type 00 class 0x020000
[Thu May 12 17:52:08 2022] pci 0000:e5:00.1: reg 0x10: [mem 0xc0400000-0xc041ffff]
[Thu May 12 17:52:08 2022] pci 0000:e5:00.1: reg 0x18: [io  0x7000-0x701f]
[Thu May 12 17:52:08 2022] pci 0000:e5:00.1: reg 0x1c: [mem 0xc0440000-0xc0443fff]
[Thu May 12 17:52:08 2022] pci 0000:e5:00.1: PME# supported from D0 D3hot D3cold
[Thu May 12 17:52:08 2022] pci 0000:e5:00.1: reg 0x184: [mem 0x400e0120000-0x400e0123fff 64bit pref]
[Thu May 12 17:52:08 2022] pci 0000:e5:00.1: VF(n) BAR0 space: [mem 0x400e0120000-0x400e013ffff 64bit pref] (contains BAR0 for 8 VFs)
[Thu May 12 17:52:08 2022] pci 0000:e5:00.1: reg 0x190: [mem 0x400e0100000-0x400e0103fff 64bit pref]
[Thu May 12 17:52:08 2022] pci 0000:e5:00.1: VF(n) BAR3 space: [mem 0x400e0100000-0x400e011ffff 64bit pref] (contains BAR3 for 8 VFs)
[Thu May 12 17:52:08 2022] pci 0000:e3:02.0: PCI bridge to [bus e5-e6]
[Thu May 12 17:52:08 2022] pci 0000:e3:02.0:   bridge window [io  0x7000-0x7fff]
[Thu May 12 17:52:08 2022] pci 0000:e3:02.0:   bridge window [mem 0xc0400000-0xc04fffff]
[Thu May 12 17:52:08 2022] pci 0000:e3:02.0:   bridge window [mem 0x400e0100000-0x400e01fffff 64bit pref]
[Thu May 12 17:52:08 2022] pci 0000:e7:00.0: [1b4b:9230] type 00 class 0x010601
[Thu May 12 17:52:08 2022] pci 0000:e7:00.0: reg 0x10: [io  0x6050-0x6057]
[Thu May 12 17:52:08 2022] pci 0000:e7:00.0: reg 0x14: [io  0x6040-0x6043]
[Thu May 12 17:52:08 2022] pci 0000:e7:00.0: reg 0x18: [io  0x6030-0x6037]
[Thu May 12 17:52:08 2022] pci 0000:e7:00.0: reg 0x1c: [io  0x6020-0x6023]
[Thu May 12 17:52:08 2022] pci 0000:e7:00.0: reg 0x20: [io  0x6000-0x601f]
[Thu May 12 17:52:08 2022] pci 0000:e7:00.0: reg 0x24: [mem 0xc0340000-0xc03407ff]
[Thu May 12 17:52:08 2022] pci 0000:e7:00.0: reg 0x30: [mem 0xc0300000-0xc033ffff pref]
[Thu May 12 17:52:08 2022] pci 0000:e7:00.0: Enabling fixed DMA alias to 00.1
[Thu May 12 17:52:08 2022] pci 0000:e7:00.0: PME# supported from D3hot
[Thu May 12 17:52:08 2022] pci 0000:e3:03.0: PCI bridge to [bus e7]
[Thu May 12 17:52:08 2022] pci 0000:e3:03.0:   bridge window [io  0x6000-0x6fff]
[Thu May 12 17:52:08 2022] pci 0000:e3:03.0:   bridge window [mem 0xc0300000-0xc03fffff]
[Thu May 12 17:52:08 2022] pci 0000:e8:00.0: [1022:148a] type 00 class 0x130000
[Thu May 12 17:52:08 2022] pci 0000:e8:00.0: enabling Extended Tags
[Thu May 12 17:52:08 2022] pci 0000:e8:00.2: [1022:1498] type 00 class 0x108000
[Thu May 12 17:52:08 2022] pci 0000:e8:00.2: reg 0x18: [mem 0xc0600000-0xc067ffff]
[Thu May 12 17:52:08 2022] pci 0000:e8:00.2: reg 0x24: [mem 0xc0680000-0xc0681fff]
[Thu May 12 17:52:08 2022] pci 0000:e8:00.2: enabling Extended Tags
[Thu May 12 17:52:08 2022] pci 0000:e0:07.1: PCI bridge to [bus e8]
[Thu May 12 17:52:08 2022] pci 0000:e0:07.1:   bridge window [mem 0xc0600000-0xc06fffff]
[Thu May 12 17:52:08 2022] pci 0000:e9:00.0: [1022:1485] type 00 class 0x130000
[Thu May 12 17:52:08 2022] pci 0000:e9:00.0: enabling Extended Tags
[Thu May 12 17:52:08 2022] pci 0000:e9:00.2: [1022:1498] type 00 class 0x108000
[Thu May 12 17:52:08 2022] pci 0000:e9:00.2: reg 0x18: [mem 0xc0500000-0xc057ffff]
[Thu May 12 17:52:08 2022] pci 0000:e9:00.2: reg 0x24: [mem 0xc0580000-0xc0581fff]
[Thu May 12 17:52:08 2022] pci 0000:e9:00.2: enabling Extended Tags
[Thu May 12 17:52:08 2022] pci 0000:e0:08.1: PCI bridge to [bus e9]
[Thu May 12 17:52:08 2022] pci 0000:e0:08.1:   bridge window [mem 0xc0500000-0xc05fffff]
[Thu May 12 17:52:08 2022] pci_bus 0000:e0: on NUMA node 4
[Thu May 12 17:52:08 2022] ACPI: PCI Root Bridge [S1D1] (domain 0000 [bus c0-df])
[Thu May 12 17:52:08 2022] acpi PNP0A08:05: _OSC: OS supports [ExtendedConfig ASPM ClockPM Segments MSI]
[Thu May 12 17:52:08 2022] acpi PNP0A08:05: PCIe AER handled by firmware
[Thu May 12 17:52:08 2022] acpi PNP0A08:05: _OSC: OS now controls [PCIeHotplug PME PCIeCapability]
[Thu May 12 17:52:08 2022] PCI host bridge to bus 0000:c0
[Thu May 12 17:52:08 2022] pci_bus 0000:c0: root bus resource [mem 0xba000000-0xba5fffff window]
[Thu May 12 17:52:08 2022] pci_bus 0000:c0: root bus resource [mem 0x40110200000-0x481101fffff window]
[Thu May 12 17:52:08 2022] pci_bus 0000:c0: root bus resource [bus c0-df]
[Thu May 12 17:52:08 2022] pci 0000:c0:00.0: [1022:1480] type 00 class 0x060000
[Thu May 12 17:52:08 2022] pci 0000:c0:01.0: [1022:1482] type 00 class 0x060000
[Thu May 12 17:52:08 2022] pci 0000:c0:02.0: [1022:1482] type 00 class 0x060000
[Thu May 12 17:52:08 2022] pci 0000:c0:03.0: [1022:1482] type 00 class 0x060000
[Thu May 12 17:52:08 2022] pci 0000:c0:03.1: [1022:1483] type 01 class 0x060400
[Thu May 12 17:52:08 2022] pci 0000:c0:03.1: PME# supported from D0 D3hot D3cold
[Thu May 12 17:52:08 2022] pci 0000:c0:04.0: [1022:1482] type 00 class 0x060000
[Thu May 12 17:52:08 2022] pci 0000:c0:05.0: [1022:1482] type 00 class 0x060000
[Thu May 12 17:52:08 2022] pci 0000:c0:07.0: [1022:1482] type 00 class 0x060000
[Thu May 12 17:52:08 2022] pci 0000:c0:07.1: [1022:1484] type 01 class 0x060400
[Thu May 12 17:52:08 2022] pci 0000:c0:07.1: enabling Extended Tags
[Thu May 12 17:52:08 2022] pci 0000:c0:07.1: PME# supported from D0 D3hot D3cold
[Thu May 12 17:52:08 2022] pci 0000:c0:08.0: [1022:1482] type 00 class 0x060000
[Thu May 12 17:52:08 2022] pci 0000:c0:08.1: [1022:1484] type 01 class 0x060400
[Thu May 12 17:52:08 2022] pci 0000:c0:08.1: enabling Extended Tags
[Thu May 12 17:52:08 2022] pci 0000:c0:08.1: PME# supported from D0 D3hot D3cold
[Thu May 12 17:52:08 2022] pci 0000:c0:08.2: [1022:1484] type 01 class 0x060400
[Thu May 12 17:52:08 2022] pci 0000:c0:08.2: enabling Extended Tags
[Thu May 12 17:52:08 2022] pci 0000:c0:08.2: PME# supported from D0 D3hot D3cold
[Thu May 12 17:52:08 2022] pci 0000:c0:08.3: [1022:1484] type 01 class 0x060400
[Thu May 12 17:52:08 2022] pci 0000:c0:08.3: enabling Extended Tags
[Thu May 12 17:52:08 2022] pci 0000:c0:08.3: PME# supported from D0 D3hot D3cold
[Thu May 12 17:52:08 2022] pci 0000:c1:00.0: [15b3:101b] type 00 class 0x020700
[Thu May 12 17:52:08 2022] pci 0000:c1:00.0: reg 0x10: [mem 0x4810e000000-0x4810fffffff 64bit pref]
[Thu May 12 17:52:08 2022] pci 0000:c1:00.0: reg 0x30: [mem 0xba100000-0xba1fffff pref]
[Thu May 12 17:52:08 2022] pci 0000:c1:00.0: PME# supported from D3cold
[Thu May 12 17:52:08 2022] pci 0000:c1:00.1: [15b3:101b] type 00 class 0x020000
[Thu May 12 17:52:08 2022] pci 0000:c1:00.1: reg 0x10: [mem 0x4810c000000-0x4810dffffff 64bit pref]
[Thu May 12 17:52:08 2022] pci 0000:c1:00.1: reg 0x30: [mem 0xba000000-0xba0fffff pref]
[Thu May 12 17:52:08 2022] pci 0000:c1:00.1: PME# supported from D3cold
[Thu May 12 17:52:08 2022] pci 0000:c0:03.1: PCI bridge to [bus c1]
[Thu May 12 17:52:08 2022] pci 0000:c0:03.1:   bridge window [mem 0xba000000-0xba1fffff]
[Thu May 12 17:52:08 2022] pci 0000:c0:03.1:   bridge window [mem 0x4810c000000-0x4810fffffff 64bit pref]
[Thu May 12 17:52:08 2022] pci 0000:c2:00.0: [1022:148a] type 00 class 0x130000
[Thu May 12 17:52:08 2022] pci 0000:c2:00.0: enabling Extended Tags
[Thu May 12 17:52:08 2022] pci 0000:c2:00.2: [1022:1498] type 00 class 0x108000
[Thu May 12 17:52:08 2022] pci 0000:c2:00.2: reg 0x18: [mem 0xba500000-0xba57ffff]
[Thu May 12 17:52:08 2022] pci 0000:c2:00.2: reg 0x24: [mem 0xba580000-0xba581fff]
[Thu May 12 17:52:08 2022] pci 0000:c2:00.2: enabling Extended Tags
[Thu May 12 17:52:08 2022] pci 0000:c0:07.1: PCI bridge to [bus c2]
[Thu May 12 17:52:08 2022] pci 0000:c0:07.1:   bridge window [mem 0xba500000-0xba5fffff]
[Thu May 12 17:52:08 2022] pci 0000:c3:00.0: [1022:1485] type 00 class 0x130000
[Thu May 12 17:52:08 2022] pci 0000:c3:00.0: enabling Extended Tags
[Thu May 12 17:52:08 2022] pci 0000:c3:00.2: [1022:1498] type 00 class 0x108000
[Thu May 12 17:52:08 2022] pci 0000:c3:00.2: reg 0x18: [mem 0xba400000-0xba47ffff]
[Thu May 12 17:52:08 2022] pci 0000:c3:00.2: reg 0x24: [mem 0xba480000-0xba481fff]
[Thu May 12 17:52:08 2022] pci 0000:c3:00.2: enabling Extended Tags
[Thu May 12 17:52:08 2022] pci 0000:c0:08.1: PCI bridge to [bus c3]
[Thu May 12 17:52:08 2022] pci 0000:c0:08.1:   bridge window [mem 0xba400000-0xba4fffff]
[Thu May 12 17:52:08 2022] pci 0000:c4:00.0: [1022:7901] type 00 class 0x010601
[Thu May 12 17:52:08 2022] pci 0000:c4:00.0: reg 0x24: [mem 0xba300000-0xba3007ff]
[Thu May 12 17:52:08 2022] pci 0000:c4:00.0: enabling Extended Tags
[Thu May 12 17:52:08 2022] pci 0000:c4:00.0: PME# supported from D3hot D3cold
[Thu May 12 17:52:08 2022] pci 0000:c0:08.2: PCI bridge to [bus c4]
[Thu May 12 17:52:08 2022] pci 0000:c0:08.2:   bridge window [mem 0xba300000-0xba3fffff]
[Thu May 12 17:52:08 2022] pci 0000:c5:00.0: [1022:7901] type 00 class 0x010601
[Thu May 12 17:52:08 2022] pci 0000:c5:00.0: reg 0x24: [mem 0xba200000-0xba2007ff]
[Thu May 12 17:52:08 2022] pci 0000:c5:00.0: enabling Extended Tags
[Thu May 12 17:52:08 2022] pci 0000:c5:00.0: PME# supported from D3hot D3cold
[Thu May 12 17:52:08 2022] pci 0000:c0:08.3: PCI bridge to [bus c5]
[Thu May 12 17:52:08 2022] pci 0000:c0:08.3:   bridge window [mem 0xba200000-0xba2fffff]
[Thu May 12 17:52:08 2022] pci_bus 0000:c0: on NUMA node 5
[Thu May 12 17:52:08 2022] ACPI: PCI Root Bridge [S1D3] (domain 0000 [bus 80-9f])
[Thu May 12 17:52:08 2022] acpi PNP0A08:06: _OSC: OS supports [ExtendedConfig ASPM ClockPM Segments MSI]
[Thu May 12 17:52:08 2022] acpi PNP0A08:06: PCIe AER handled by firmware
[Thu May 12 17:52:08 2022] acpi PNP0A08:06: _OSC: OS now controls [PCIeHotplug PME PCIeCapability]
[Thu May 12 17:52:08 2022] PCI host bridge to bus 0000:80
[Thu May 12 17:52:08 2022] pci_bus 0000:80: root bus resource [mem 0xb0000000-0xb02fffff window]
[Thu May 12 17:52:08 2022] pci_bus 0000:80: root bus resource [mem 0x50170200000-0x581701fffff window]
[Thu May 12 17:52:08 2022] pci_bus 0000:80: root bus resource [bus 80-9f]
[Thu May 12 17:52:08 2022] pci 0000:80:00.0: [1022:1480] type 00 class 0x060000
[Thu May 12 17:52:08 2022] pci 0000:80:01.0: [1022:1482] type 00 class 0x060000
[Thu May 12 17:52:08 2022] pci 0000:80:02.0: [1022:1482] type 00 class 0x060000
[Thu May 12 17:52:08 2022] pci 0000:80:03.0: [1022:1482] type 00 class 0x060000
[Thu May 12 17:52:08 2022] pci 0000:80:04.0: [1022:1482] type 00 class 0x060000
[Thu May 12 17:52:08 2022] pci 0000:80:05.0: [1022:1482] type 00 class 0x060000
[Thu May 12 17:52:08 2022] pci 0000:80:07.0: [1022:1482] type 00 class 0x060000
[Thu May 12 17:52:08 2022] pci 0000:80:07.1: [1022:1484] type 01 class 0x060400
[Thu May 12 17:52:08 2022] pci 0000:80:07.1: enabling Extended Tags
[Thu May 12 17:52:08 2022] pci 0000:80:07.1: PME# supported from D0 D3hot D3cold
[Thu May 12 17:52:08 2022] pci 0000:80:08.0: [1022:1482] type 00 class 0x060000
[Thu May 12 17:52:08 2022] pci 0000:80:08.1: [1022:1484] type 01 class 0x060400
[Thu May 12 17:52:08 2022] pci 0000:80:08.1: enabling Extended Tags
[Thu May 12 17:52:08 2022] pci 0000:80:08.1: PME# supported from D0 D3hot D3cold
[Thu May 12 17:52:08 2022] pci 0000:81:00.0: [1022:148a] type 00 class 0x130000
[Thu May 12 17:52:08 2022] pci 0000:81:00.0: enabling Extended Tags
[Thu May 12 17:52:08 2022] pci 0000:81:00.2: [1022:1498] type 00 class 0x108000
[Thu May 12 17:52:08 2022] pci 0000:81:00.2: reg 0x18: [mem 0xb0200000-0xb027ffff]
[Thu May 12 17:52:08 2022] pci 0000:81:00.2: reg 0x24: [mem 0xb0280000-0xb0281fff]
[Thu May 12 17:52:08 2022] pci 0000:81:00.2: enabling Extended Tags
[Thu May 12 17:52:08 2022] pci 0000:80:07.1: PCI bridge to [bus 81]
[Thu May 12 17:52:08 2022] pci 0000:80:07.1:   bridge window [mem 0xb0200000-0xb02fffff]
[Thu May 12 17:52:08 2022] pci 0000:82:00.0: [1022:1485] type 00 class 0x130000
[Thu May 12 17:52:08 2022] pci 0000:82:00.0: enabling Extended Tags
[Thu May 12 17:52:08 2022] pci 0000:82:00.2: [1022:1498] type 00 class 0x108000
[Thu May 12 17:52:08 2022] pci 0000:82:00.2: reg 0x18: [mem 0xb0100000-0xb017ffff]
[Thu May 12 17:52:08 2022] pci 0000:82:00.2: reg 0x24: [mem 0xb0180000-0xb0181fff]
[Thu May 12 17:52:08 2022] pci 0000:82:00.2: enabling Extended Tags
[Thu May 12 17:52:08 2022] pci 0000:82:00.3: [1022:148c] type 00 class 0x0c0330
[Thu May 12 17:52:08 2022] pci 0000:82:00.3: reg 0x10: [mem 0xb0000000-0xb00fffff 64bit]
[Thu May 12 17:52:08 2022] pci 0000:82:00.3: enabling Extended Tags
[Thu May 12 17:52:08 2022] pci 0000:82:00.3: PME# supported from D0 D3hot D3cold
[Thu May 12 17:52:08 2022] pci 0000:80:08.1: PCI bridge to [bus 82]
[Thu May 12 17:52:08 2022] pci 0000:80:08.1:   bridge window [mem 0xb0000000-0xb01fffff]
[Thu May 12 17:52:08 2022] pci_bus 0000:80: on NUMA node 7
[Thu May 12 17:52:08 2022] ACPI: PCI Root Bridge [S1D2] (domain 0000 [bus a0-bf])
[Thu May 12 17:52:08 2022] acpi PNP0A08:07: _OSC: OS supports [ExtendedConfig ASPM ClockPM Segments MSI]
[Thu May 12 17:52:08 2022] acpi PNP0A08:07: PCIe AER handled by firmware
[Thu May 12 17:52:08 2022] acpi PNP0A08:07: _OSC: OS now controls [PCIeHotplug PME PCIeCapability]
[Thu May 12 17:52:08 2022] PCI host bridge to bus 0000:a0
[Thu May 12 17:52:08 2022] pci_bus 0000:a0: root bus resource [mem 0xb6000000-0xb65fffff window]
[Thu May 12 17:52:08 2022] pci_bus 0000:a0: root bus resource [mem 0x48140200000-0x501401fffff window]
[Thu May 12 17:52:08 2022] pci_bus 0000:a0: root bus resource [bus a0-bf]
[Thu May 12 17:52:08 2022] pci 0000:a0:00.0: [1022:1480] type 00 class 0x060000
[Thu May 12 17:52:08 2022] pci 0000:a0:01.0: [1022:1482] type 00 class 0x060000
[Thu May 12 17:52:08 2022] pci 0000:a0:02.0: [1022:1482] type 00 class 0x060000
[Thu May 12 17:52:08 2022] pci 0000:a0:03.0: [1022:1482] type 00 class 0x060000
[Thu May 12 17:52:08 2022] pci 0000:a0:04.0: [1022:1482] type 00 class 0x060000
[Thu May 12 17:52:08 2022] pci 0000:a0:05.0: [1022:1482] type 00 class 0x060000
[Thu May 12 17:52:08 2022] pci 0000:a0:07.0: [1022:1482] type 00 class 0x060000
[Thu May 12 17:52:08 2022] pci 0000:a0:07.1: [1022:1484] type 01 class 0x060400
[Thu May 12 17:52:08 2022] pci 0000:a0:07.1: enabling Extended Tags
[Thu May 12 17:52:08 2022] pci 0000:a0:07.1: PME# supported from D0 D3hot D3cold
[Thu May 12 17:52:08 2022] pci 0000:a0:08.0: [1022:1482] type 00 class 0x060000
[Thu May 12 17:52:08 2022] pci 0000:a0:08.1: [1022:1484] type 01 class 0x060400
[Thu May 12 17:52:08 2022] pci 0000:a0:08.1: enabling Extended Tags
[Thu May 12 17:52:08 2022] pci 0000:a0:08.1: PME# supported from D0 D3hot D3cold
[Thu May 12 17:52:08 2022] pci 0000:a0:08.2: [1022:1484] type 01 class 0x060400
[Thu May 12 17:52:08 2022] pci 0000:a0:08.2: enabling Extended Tags
[Thu May 12 17:52:08 2022] pci 0000:a0:08.2: PME# supported from D0 D3hot D3cold
[Thu May 12 17:52:08 2022] pci 0000:a0:08.3: [1022:1484] type 01 class 0x060400
[Thu May 12 17:52:08 2022] pci 0000:a0:08.3: enabling Extended Tags
[Thu May 12 17:52:08 2022] pci 0000:a0:08.3: PME# supported from D0 D3hot D3cold
[Thu May 12 17:52:08 2022] pci 0000:a1:00.0: [1022:148a] type 00 class 0x130000
[Thu May 12 17:52:08 2022] pci 0000:a1:00.0: enabling Extended Tags
[Thu May 12 17:52:08 2022] pci 0000:a1:00.2: [1022:1498] type 00 class 0x108000
[Thu May 12 17:52:08 2022] pci 0000:a1:00.2: reg 0x18: [mem 0xb6500000-0xb657ffff]
[Thu May 12 17:52:08 2022] pci 0000:a1:00.2: reg 0x24: [mem 0xb6580000-0xb6581fff]
[Thu May 12 17:52:08 2022] pci 0000:a1:00.2: enabling Extended Tags
[Thu May 12 17:52:08 2022] pci 0000:a0:07.1: PCI bridge to [bus a1]
[Thu May 12 17:52:08 2022] pci 0000:a0:07.1:   bridge window [mem 0xb6500000-0xb65fffff]
[Thu May 12 17:52:08 2022] pci 0000:a2:00.0: [1022:1485] type 00 class 0x130000
[Thu May 12 17:52:08 2022] pci 0000:a2:00.0: enabling Extended Tags
[Thu May 12 17:52:08 2022] pci 0000:a2:00.1: [1022:1486] type 00 class 0x108000
[Thu May 12 17:52:08 2022] pci 0000:a2:00.1: reg 0x18: [mem 0xb6100000-0xb61fffff]
[Thu May 12 17:52:08 2022] pci 0000:a2:00.1: reg 0x24: [mem 0xb6282000-0xb6283fff]
[Thu May 12 17:52:08 2022] pci 0000:a2:00.1: enabling Extended Tags
[Thu May 12 17:52:08 2022] pci 0000:a2:00.2: [1022:1498] type 00 class 0x108000
[Thu May 12 17:52:08 2022] pci 0000:a2:00.2: reg 0x18: [mem 0xb6200000-0xb627ffff]
[Thu May 12 17:52:08 2022] pci 0000:a2:00.2: reg 0x24: [mem 0xb6280000-0xb6281fff]
[Thu May 12 17:52:08 2022] pci 0000:a2:00.2: enabling Extended Tags
[Thu May 12 17:52:08 2022] pci 0000:a2:00.3: [1022:148c] type 00 class 0x0c0330
[Thu May 12 17:52:08 2022] pci 0000:a2:00.3: reg 0x10: [mem 0xb6000000-0xb60fffff 64bit]
[Thu May 12 17:52:08 2022] pci 0000:a2:00.3: enabling Extended Tags
[Thu May 12 17:52:08 2022] pci 0000:a2:00.3: PME# supported from D0 D3hot D3cold
[Thu May 12 17:52:08 2022] pci 0000:a0:08.1: PCI bridge to [bus a2]
[Thu May 12 17:52:08 2022] pci 0000:a0:08.1:   bridge window [mem 0xb6000000-0xb62fffff]
[Thu May 12 17:52:08 2022] pci 0000:a3:00.0: [1022:7901] type 00 class 0x010601
[Thu May 12 17:52:08 2022] pci 0000:a3:00.0: reg 0x24: [mem 0xb6400000-0xb64007ff]
[Thu May 12 17:52:08 2022] pci 0000:a3:00.0: enabling Extended Tags
[Thu May 12 17:52:08 2022] pci 0000:a3:00.0: PME# supported from D3hot D3cold
[Thu May 12 17:52:08 2022] pci 0000:a0:08.2: PCI bridge to [bus a3]
[Thu May 12 17:52:08 2022] pci 0000:a0:08.2:   bridge window [mem 0xb6400000-0xb64fffff]
[Thu May 12 17:52:08 2022] pci 0000:a4:00.0: [1022:7901] type 00 class 0x010601
[Thu May 12 17:52:08 2022] pci 0000:a4:00.0: reg 0x24: [mem 0xb6300000-0xb63007ff]
[Thu May 12 17:52:08 2022] pci 0000:a4:00.0: enabling Extended Tags
[Thu May 12 17:52:08 2022] pci 0000:a4:00.0: PME# supported from D3hot D3cold
[Thu May 12 17:52:08 2022] pci 0000:a0:08.3: PCI bridge to [bus a4]
[Thu May 12 17:52:08 2022] pci 0000:a0:08.3:   bridge window [mem 0xb6300000-0xb63fffff]
[Thu May 12 17:52:08 2022] pci_bus 0000:a0: on NUMA node 6
[Thu May 12 17:52:08 2022] ACPI: PCI Interrupt Link [LNKA] (IRQs 4 5 7 10 *11 14 15)
[Thu May 12 17:52:08 2022] ACPI: PCI Interrupt Link [LNKB] (IRQs 4 *5 7 10 11 14 15)
[Thu May 12 17:52:08 2022] ACPI: PCI Interrupt Link [LNKC] (IRQs 4 5 7 *10 11 14 15)
[Thu May 12 17:52:08 2022] ACPI: PCI Interrupt Link [LNKD] (IRQs 4 5 7 10 *11 14 15)
[Thu May 12 17:52:08 2022] ACPI: PCI Interrupt Link [LNKE] (IRQs 4 5 7 10 11 14 15) *0
[Thu May 12 17:52:08 2022] ACPI: PCI Interrupt Link [LNKF] (IRQs 4 5 7 *10 11 14 15)
[Thu May 12 17:52:08 2022] ACPI: PCI Interrupt Link [LNKG] (IRQs 4 *5 7 10 11 14 15)
[Thu May 12 17:52:08 2022] ACPI: PCI Interrupt Link [LNKH] (IRQs 4 5 7 10 *11 14 15)
[Thu May 12 17:52:08 2022] pci 0000:62:00.0: vgaarb: setting as boot VGA device
[Thu May 12 17:52:08 2022] pci 0000:62:00.0: vgaarb: VGA device added: decodes=io+mem,owns=io+mem,locks=none
[Thu May 12 17:52:08 2022] pci 0000:62:00.0: vgaarb: bridge control possible
[Thu May 12 17:52:08 2022] PCI: Using ACPI for IRQ routing
[Thu May 12 17:52:08 2022] PCI: pci_cache_line_size set to 64 bytes
[Thu May 12 17:52:08 2022] NetLabel:  unlabeled traffic allowed by default
[Thu May 12 17:52:08 2022] pnp: PnP ACPI init
[Thu May 12 17:52:08 2022] system 00:00: Plug and Play ACPI device, IDs PNP0c01 (active)
[Thu May 12 17:52:08 2022] pnp 00:01: Plug and Play ACPI device, IDs PNP0b00 (active)
[Thu May 12 17:52:08 2022] system 00:02: Plug and Play ACPI device, IDs PNP0c02 (active)
[Thu May 12 17:52:08 2022] pnp 00:03: [dma 0 disabled]
[Thu May 12 17:52:08 2022] pnp 00:03: Plug and Play ACPI device, IDs PNP0501 (active)
[Thu May 12 17:52:08 2022] pnp 00:04: [dma 0 disabled]
[Thu May 12 17:52:08 2022] pnp 00:04: Plug and Play ACPI device, IDs PNP0501 (active)
[Thu May 12 17:52:08 2022] system 00:05: Plug and Play ACPI device, IDs PNP0c02 (active)
[Thu May 12 17:52:08 2022] pnp: PnP ACPI: found 6 devices
[Thu May 12 17:52:08 2022] pci 0000:61:00.0: PCI bridge to [bus 62]
[Thu May 12 17:52:08 2022] pci 0000:61:00.0:   bridge window [io  0x5000-0x5fff]
[Thu May 12 17:52:08 2022] pci 0000:61:00.0:   bridge window [mem 0xca000000-0xcb0fffff]
[Thu May 12 17:52:08 2022] pci 0000:60:05.2: PCI bridge to [bus 61-62]
[Thu May 12 17:52:08 2022] pci 0000:60:05.2:   bridge window [io  0x5000-0x5fff]
[Thu May 12 17:52:08 2022] pci 0000:60:05.2:   bridge window [mem 0xca000000-0xcb0fffff]
[Thu May 12 17:52:08 2022] pci 0000:60:07.1: PCI bridge to [bus 63]
[Thu May 12 17:52:08 2022] pci 0000:60:07.1:   bridge window [mem 0xcb300000-0xcb3fffff]
[Thu May 12 17:52:08 2022] pci 0000:60:08.1: PCI bridge to [bus 64]
[Thu May 12 17:52:08 2022] pci 0000:60:08.1:   bridge window [mem 0xcb200000-0xcb2fffff]
[Thu May 12 17:52:08 2022] pci_bus 0000:60: resource 4 [io  0x03b0-0x03df window]
[Thu May 12 17:52:08 2022] pci_bus 0000:60: resource 5 [io  0x4000-0x5fff window]
[Thu May 12 17:52:08 2022] pci_bus 0000:60: resource 6 [mem 0x000a0000-0x000bffff window]
[Thu May 12 17:52:08 2022] pci_bus 0000:60: resource 7 [mem 0xca000000-0xcb8fffff window]
[Thu May 12 17:52:08 2022] pci_bus 0000:60: resource 8 [mem 0x10020200000-0x180201fffff window]
[Thu May 12 17:52:08 2022] pci_bus 0000:61: resource 0 [io  0x5000-0x5fff]
[Thu May 12 17:52:08 2022] pci_bus 0000:61: resource 1 [mem 0xca000000-0xcb0fffff]
[Thu May 12 17:52:08 2022] pci_bus 0000:62: resource 0 [io  0x5000-0x5fff]
[Thu May 12 17:52:08 2022] pci_bus 0000:62: resource 1 [mem 0xca000000-0xcb0fffff]
[Thu May 12 17:52:08 2022] pci_bus 0000:63: resource 1 [mem 0xcb300000-0xcb3fffff]
[Thu May 12 17:52:08 2022] pci_bus 0000:64: resource 1 [mem 0xcb200000-0xcb2fffff]
[Thu May 12 17:52:08 2022] pci 0000:40:07.1: PCI bridge to [bus 41]
[Thu May 12 17:52:08 2022] pci 0000:40:07.1:   bridge window [mem 0xf0300000-0xf03fffff]
[Thu May 12 17:52:08 2022] pci 0000:40:08.1: PCI bridge to [bus 42]
[Thu May 12 17:52:08 2022] pci 0000:40:08.1:   bridge window [mem 0xf0200000-0xf02fffff]
[Thu May 12 17:52:08 2022] pci 0000:40:08.2: PCI bridge to [bus 43]
[Thu May 12 17:52:08 2022] pci 0000:40:08.2:   bridge window [mem 0xf0100000-0xf01fffff]
[Thu May 12 17:52:08 2022] pci 0000:40:08.3: PCI bridge to [bus 44]
[Thu May 12 17:52:08 2022] pci 0000:40:08.3:   bridge window [mem 0xf0000000-0xf00fffff]
[Thu May 12 17:52:08 2022] pci_bus 0000:40: resource 4 [io  0x3000-0x3fff window]
[Thu May 12 17:52:08 2022] pci_bus 0000:40: resource 5 [mem 0xf0000000-0xf03fffff window]
[Thu May 12 17:52:08 2022] pci_bus 0000:40: resource 6 [mem 0x18050200000-0x200501fffff window]
[Thu May 12 17:52:08 2022] pci_bus 0000:41: resource 1 [mem 0xf0300000-0xf03fffff]
[Thu May 12 17:52:08 2022] pci_bus 0000:42: resource 1 [mem 0xf0200000-0xf02fffff]
[Thu May 12 17:52:08 2022] pci_bus 0000:43: resource 1 [mem 0xf0100000-0xf01fffff]
[Thu May 12 17:52:08 2022] pci_bus 0000:44: resource 1 [mem 0xf0000000-0xf00fffff]
[Thu May 12 17:52:08 2022] pci 0000:02:00.0: PCI bridge to [bus 03]
[Thu May 12 17:52:08 2022] pci 0000:02:00.0:   bridge window [io  0x1000-0x1fff]
[Thu May 12 17:52:08 2022] pci 0000:02:00.0:   bridge window [mem 0xf6000000-0xf61fffff]
[Thu May 12 17:52:08 2022] pci 0000:02:00.0:   bridge window [mem 0x36000000000-0x380003fffff 64bit pref]
[Thu May 12 17:52:08 2022] pci 0000:01:00.0: PCI bridge to [bus 02-03]
[Thu May 12 17:52:08 2022] pci 0000:01:00.0:   bridge window [io  0x1000-0x1fff]
[Thu May 12 17:52:08 2022] pci 0000:01:00.0:   bridge window [mem 0xf6000000-0xf61fffff]
[Thu May 12 17:52:08 2022] pci 0000:01:00.0:   bridge window [mem 0x36000000000-0x380003fffff 64bit pref]
[Thu May 12 17:52:08 2022] pci 0000:00:01.1: PCI bridge to [bus 01-03]
[Thu May 12 17:52:08 2022] pci 0000:00:01.1:   bridge window [io  0x1000-0x1fff]
[Thu May 12 17:52:08 2022] pci 0000:00:01.1:   bridge window [mem 0xf6000000-0xf62fffff]
[Thu May 12 17:52:08 2022] pci 0000:00:01.1:   bridge window [mem 0x36000000000-0x380003fffff 64bit pref]
[Thu May 12 17:52:08 2022] pci 0000:00:07.1: PCI bridge to [bus 04]
[Thu May 12 17:52:08 2022] pci 0000:00:07.1:   bridge window [mem 0xf6500000-0xf65fffff]
[Thu May 12 17:52:08 2022] pci 0000:00:08.1: PCI bridge to [bus 05]
[Thu May 12 17:52:08 2022] pci 0000:00:08.1:   bridge window [mem 0xf6300000-0xf64fffff]
[Thu May 12 17:52:08 2022] pci_bus 0000:00: resource 4 [io  0x0000-0x02ff window]
[Thu May 12 17:52:08 2022] pci_bus 0000:00: resource 5 [io  0x0300-0x03af window]
[Thu May 12 17:52:08 2022] pci_bus 0000:00: resource 6 [io  0x03e0-0x0cf7 window]
[Thu May 12 17:52:08 2022] pci_bus 0000:00: resource 7 [io  0x1000-0x1fff window]
[Thu May 12 17:52:08 2022] pci_bus 0000:00: resource 8 [mem 0x000c0000-0x000dffff window]
[Thu May 12 17:52:08 2022] pci_bus 0000:00: resource 9 [mem 0xf6000000-0xf65fffff window]
[Thu May 12 17:52:08 2022] pci_bus 0000:00: resource 10 [mem 0x280b0200000-0x380b01fffff window]
[Thu May 12 17:52:08 2022] pci_bus 0000:01: resource 0 [io  0x1000-0x1fff]
[Thu May 12 17:52:08 2022] pci_bus 0000:01: resource 1 [mem 0xf6000000-0xf62fffff]
[Thu May 12 17:52:08 2022] pci_bus 0000:01: resource 2 [mem 0x36000000000-0x380003fffff 64bit pref]
[Thu May 12 17:52:08 2022] pci_bus 0000:02: resource 0 [io  0x1000-0x1fff]
[Thu May 12 17:52:08 2022] pci_bus 0000:02: resource 1 [mem 0xf6000000-0xf61fffff]
[Thu May 12 17:52:08 2022] pci_bus 0000:02: resource 2 [mem 0x36000000000-0x380003fffff 64bit pref]
[Thu May 12 17:52:08 2022] pci_bus 0000:03: resource 0 [io  0x1000-0x1fff]
[Thu May 12 17:52:08 2022] pci_bus 0000:03: resource 1 [mem 0xf6000000-0xf61fffff]
[Thu May 12 17:52:08 2022] pci_bus 0000:03: resource 2 [mem 0x36000000000-0x380003fffff 64bit pref]
[Thu May 12 17:52:08 2022] pci_bus 0000:04: resource 1 [mem 0xf6500000-0xf65fffff]
[Thu May 12 17:52:08 2022] pci_bus 0000:05: resource 1 [mem 0xf6300000-0xf64fffff]
[Thu May 12 17:52:08 2022] pci 0000:20:01.1: bridge window [io  0x1000-0x0fff] to [bus 21] add_size 1000
[Thu May 12 17:52:08 2022] pci 0000:20:01.1: bridge window [mem 0x00100000-0x000fffff 64bit pref] to [bus 21] add_size 200000 add_align 100000
[Thu May 12 17:52:08 2022] pci 0000:20:01.2: bridge window [io  0x1000-0x0fff] to [bus 22] add_size 1000
[Thu May 12 17:52:08 2022] pci 0000:20:01.2: bridge window [mem 0x00100000-0x000fffff 64bit pref] to [bus 22] add_size 200000 add_align 100000
[Thu May 12 17:52:08 2022] pci 0000:20:01.3: bridge window [io  0x1000-0x0fff] to [bus 23] add_size 1000
[Thu May 12 17:52:08 2022] pci 0000:20:01.3: bridge window [mem 0x00100000-0x000fffff 64bit pref] to [bus 23] add_size 200000 add_align 100000
[Thu May 12 17:52:08 2022] pci 0000:20:01.4: bridge window [io  0x1000-0x0fff] to [bus 24] add_size 1000
[Thu May 12 17:52:08 2022] pci 0000:20:01.4: bridge window [mem 0x00100000-0x000fffff 64bit pref] to [bus 24] add_size 200000 add_align 100000
[Thu May 12 17:52:08 2022] pci 0000:20:01.1: BAR 15: assigned [mem 0x20080200000-0x200803fffff 64bit pref]
[Thu May 12 17:52:08 2022] pci 0000:20:01.2: BAR 15: assigned [mem 0x20080400000-0x200805fffff 64bit pref]
[Thu May 12 17:52:08 2022] pci 0000:20:01.3: BAR 15: assigned [mem 0x20080600000-0x200807fffff 64bit pref]
[Thu May 12 17:52:08 2022] pci 0000:20:01.4: BAR 15: assigned [mem 0x20080800000-0x200809fffff 64bit pref]
[Thu May 12 17:52:08 2022] pci 0000:20:01.1: BAR 13: no space for [io  size 0x1000]
[Thu May 12 17:52:08 2022] pci 0000:20:01.1: BAR 13: failed to assign [io  size 0x1000]
[Thu May 12 17:52:08 2022] pci 0000:20:01.2: BAR 13: no space for [io  size 0x1000]
[Thu May 12 17:52:08 2022] pci 0000:20:01.2: BAR 13: failed to assign [io  size 0x1000]
[Thu May 12 17:52:08 2022] pci 0000:20:01.3: BAR 13: no space for [io  size 0x1000]
[Thu May 12 17:52:08 2022] pci 0000:20:01.3: BAR 13: failed to assign [io  size 0x1000]
[Thu May 12 17:52:08 2022] pci 0000:20:01.4: BAR 13: no space for [io  size 0x1000]
[Thu May 12 17:52:08 2022] pci 0000:20:01.4: BAR 13: failed to assign [io  size 0x1000]
[Thu May 12 17:52:08 2022] pci 0000:20:01.4: BAR 13: no space for [io  size 0x1000]
[Thu May 12 17:52:08 2022] pci 0000:20:01.4: BAR 13: failed to assign [io  size 0x1000]
[Thu May 12 17:52:08 2022] pci 0000:20:01.3: BAR 13: no space for [io  size 0x1000]
[Thu May 12 17:52:08 2022] pci 0000:20:01.3: BAR 13: failed to assign [io  size 0x1000]
[Thu May 12 17:52:08 2022] pci 0000:20:01.2: BAR 13: no space for [io  size 0x1000]
[Thu May 12 17:52:08 2022] pci 0000:20:01.2: BAR 13: failed to assign [io  size 0x1000]
[Thu May 12 17:52:08 2022] pci 0000:20:01.1: BAR 13: no space for [io  size 0x1000]
[Thu May 12 17:52:08 2022] pci 0000:20:01.1: BAR 13: failed to assign [io  size 0x1000]
[Thu May 12 17:52:08 2022] pci 0000:20:01.1: PCI bridge to [bus 21]
[Thu May 12 17:52:08 2022] pci 0000:20:01.1:   bridge window [mem 0xc4c00000-0xc4cfffff]
[Thu May 12 17:52:08 2022] pci 0000:20:01.1:   bridge window [mem 0x20080200000-0x200803fffff 64bit pref]
[Thu May 12 17:52:08 2022] pci 0000:20:01.2: PCI bridge to [bus 22]
[Thu May 12 17:52:08 2022] pci 0000:20:01.2:   bridge window [mem 0xc4b00000-0xc4bfffff]
[Thu May 12 17:52:08 2022] pci 0000:20:01.2:   bridge window [mem 0x20080400000-0x200805fffff 64bit pref]
[Thu May 12 17:52:08 2022] pci 0000:20:01.3: PCI bridge to [bus 23]
[Thu May 12 17:52:08 2022] pci 0000:20:01.3:   bridge window [mem 0xc4a00000-0xc4afffff]
[Thu May 12 17:52:08 2022] pci 0000:20:01.3:   bridge window [mem 0x20080600000-0x200807fffff 64bit pref]
[Thu May 12 17:52:08 2022] pci 0000:20:01.4: PCI bridge to [bus 24]
[Thu May 12 17:52:08 2022] pci 0000:20:01.4:   bridge window [mem 0xc4900000-0xc49fffff]
[Thu May 12 17:52:08 2022] pci 0000:20:01.4:   bridge window [mem 0x20080800000-0x200809fffff 64bit pref]
[Thu May 12 17:52:08 2022] pci 0000:26:00.0: PCI bridge to [bus 27]
[Thu May 12 17:52:08 2022] pci 0000:26:00.0:   bridge window [io  0x2000-0x2fff]
[Thu May 12 17:52:08 2022] pci 0000:26:00.0:   bridge window [mem 0xc4300000-0xc44fffff]
[Thu May 12 17:52:08 2022] pci 0000:26:00.0:   bridge window [mem 0x26000000000-0x280003fffff 64bit pref]
[Thu May 12 17:52:08 2022] pci 0000:25:00.0: PCI bridge to [bus 26-27]
[Thu May 12 17:52:08 2022] pci 0000:25:00.0:   bridge window [io  0x2000-0x2fff]
[Thu May 12 17:52:08 2022] pci 0000:25:00.0:   bridge window [mem 0xc4300000-0xc44fffff]
[Thu May 12 17:52:08 2022] pci 0000:25:00.0:   bridge window [mem 0x26000000000-0x280003fffff 64bit pref]
[Thu May 12 17:52:08 2022] pci 0000:20:03.1: PCI bridge to [bus 25-27]
[Thu May 12 17:52:08 2022] pci 0000:20:03.1:   bridge window [io  0x2000-0x2fff]
[Thu May 12 17:52:08 2022] pci 0000:20:03.1:   bridge window [mem 0xc4300000-0xc45fffff]
[Thu May 12 17:52:08 2022] pci 0000:20:03.1:   bridge window [mem 0x26000000000-0x280003fffff 64bit pref]
[Thu May 12 17:52:08 2022] pci 0000:20:07.1: PCI bridge to [bus 28]
[Thu May 12 17:52:08 2022] pci 0000:20:07.1:   bridge window [mem 0xc4800000-0xc48fffff]
[Thu May 12 17:52:08 2022] pci 0000:20:08.1: PCI bridge to [bus 29]
[Thu May 12 17:52:08 2022] pci 0000:20:08.1:   bridge window [mem 0xc4000000-0xc42fffff]
[Thu May 12 17:52:08 2022] pci 0000:20:08.2: PCI bridge to [bus 2a]
[Thu May 12 17:52:08 2022] pci 0000:20:08.2:   bridge window [mem 0xc4700000-0xc47fffff]
[Thu May 12 17:52:08 2022] pci 0000:20:08.3: PCI bridge to [bus 2b]
[Thu May 12 17:52:08 2022] pci 0000:20:08.3:   bridge window [mem 0xc4600000-0xc46fffff]
[Thu May 12 17:52:08 2022] pci_bus 0000:20: resource 4 [io  0x2000-0x2fff window]
[Thu May 12 17:52:08 2022] pci_bus 0000:20: resource 5 [mem 0xc4000000-0xc4cfffff window]
[Thu May 12 17:52:08 2022] pci_bus 0000:20: resource 6 [mem 0x20080200000-0x280801fffff window]
[Thu May 12 17:52:08 2022] pci_bus 0000:21: resource 1 [mem 0xc4c00000-0xc4cfffff]
[Thu May 12 17:52:08 2022] pci_bus 0000:21: resource 2 [mem 0x20080200000-0x200803fffff 64bit pref]
[Thu May 12 17:52:08 2022] pci_bus 0000:22: resource 1 [mem 0xc4b00000-0xc4bfffff]
[Thu May 12 17:52:08 2022] pci_bus 0000:22: resource 2 [mem 0x20080400000-0x200805fffff 64bit pref]
[Thu May 12 17:52:08 2022] pci_bus 0000:23: resource 1 [mem 0xc4a00000-0xc4afffff]
[Thu May 12 17:52:08 2022] pci_bus 0000:23: resource 2 [mem 0x20080600000-0x200807fffff 64bit pref]
[Thu May 12 17:52:08 2022] pci_bus 0000:24: resource 1 [mem 0xc4900000-0xc49fffff]
[Thu May 12 17:52:08 2022] pci_bus 0000:24: resource 2 [mem 0x20080800000-0x200809fffff 64bit pref]
[Thu May 12 17:52:08 2022] pci_bus 0000:25: resource 0 [io  0x2000-0x2fff]
[Thu May 12 17:52:08 2022] pci_bus 0000:25: resource 1 [mem 0xc4300000-0xc45fffff]
[Thu May 12 17:52:08 2022] pci_bus 0000:25: resource 2 [mem 0x26000000000-0x280003fffff 64bit pref]
[Thu May 12 17:52:08 2022] pci_bus 0000:26: resource 0 [io  0x2000-0x2fff]
[Thu May 12 17:52:08 2022] pci_bus 0000:26: resource 1 [mem 0xc4300000-0xc44fffff]
[Thu May 12 17:52:08 2022] pci_bus 0000:26: resource 2 [mem 0x26000000000-0x280003fffff 64bit pref]
[Thu May 12 17:52:08 2022] pci_bus 0000:27: resource 0 [io  0x2000-0x2fff]
[Thu May 12 17:52:08 2022] pci_bus 0000:27: resource 1 [mem 0xc4300000-0xc44fffff]
[Thu May 12 17:52:08 2022] pci_bus 0000:27: resource 2 [mem 0x26000000000-0x280003fffff 64bit pref]
[Thu May 12 17:52:08 2022] pci_bus 0000:28: resource 1 [mem 0xc4800000-0xc48fffff]
[Thu May 12 17:52:08 2022] pci_bus 0000:29: resource 1 [mem 0xc4000000-0xc42fffff]
[Thu May 12 17:52:08 2022] pci_bus 0000:2a: resource 1 [mem 0xc4700000-0xc47fffff]
[Thu May 12 17:52:08 2022] pci_bus 0000:2b: resource 1 [mem 0xc4600000-0xc46fffff]
[Thu May 12 17:52:08 2022] pci 0000:e0:03.1: PCI bridge to [bus e1]
[Thu May 12 17:52:08 2022] pci 0000:e0:03.1:   bridge window [io  0x8000-0x8fff]
[Thu May 12 17:52:08 2022] pci 0000:e0:03.1:   bridge window [mem 0xc0000000-0xc02fffff]
[Thu May 12 17:52:08 2022] pci 0000:e3:01.0: PCI bridge to [bus e4]
[Thu May 12 17:52:08 2022] pci 0000:e3:02.0: PCI bridge to [bus e5-e6]
[Thu May 12 17:52:08 2022] pci 0000:e3:02.0:   bridge window [io  0x7000-0x7fff]
[Thu May 12 17:52:08 2022] pci 0000:e3:02.0:   bridge window [mem 0xc0400000-0xc04fffff]
[Thu May 12 17:52:08 2022] pci 0000:e3:02.0:   bridge window [mem 0x400e0100000-0x400e01fffff 64bit pref]
[Thu May 12 17:52:08 2022] pci 0000:e3:03.0: PCI bridge to [bus e7]
[Thu May 12 17:52:08 2022] pci 0000:e3:03.0:   bridge window [io  0x6000-0x6fff]
[Thu May 12 17:52:08 2022] pci 0000:e3:03.0:   bridge window [mem 0xc0300000-0xc03fffff]
[Thu May 12 17:52:08 2022] pci 0000:e2:00.0: PCI bridge to [bus e3-e7]
[Thu May 12 17:52:08 2022] pci 0000:e2:00.0:   bridge window [io  0x6000-0x7fff]
[Thu May 12 17:52:08 2022] pci 0000:e2:00.0:   bridge window [mem 0xc0300000-0xc04fffff]
[Thu May 12 17:52:08 2022] pci 0000:e2:00.0:   bridge window [mem 0x400e0100000-0x400e01fffff 64bit pref]
[Thu May 12 17:52:08 2022] pci 0000:e0:05.1: PCI bridge to [bus e2-e7]
[Thu May 12 17:52:08 2022] pci 0000:e0:05.1:   bridge window [io  0x6000-0x7fff]
[Thu May 12 17:52:08 2022] pci 0000:e0:05.1:   bridge window [mem 0xc0300000-0xc04fffff]
[Thu May 12 17:52:08 2022] pci 0000:e0:05.1:   bridge window [mem 0x400e0100000-0x400e01fffff 64bit pref]
[Thu May 12 17:52:08 2022] pci 0000:e0:07.1: PCI bridge to [bus e8]
[Thu May 12 17:52:08 2022] pci 0000:e0:07.1:   bridge window [mem 0xc0600000-0xc06fffff]
[Thu May 12 17:52:08 2022] pci 0000:e0:08.1: PCI bridge to [bus e9]
[Thu May 12 17:52:08 2022] pci 0000:e0:08.1:   bridge window [mem 0xc0500000-0xc05fffff]
[Thu May 12 17:52:08 2022] pci_bus 0000:e0: resource 4 [io  0x6000-0x8fff window]
[Thu May 12 17:52:08 2022] pci_bus 0000:e0: resource 5 [mem 0xc0000000-0xc06fffff window]
[Thu May 12 17:52:08 2022] pci_bus 0000:e0: resource 6 [mem 0x380e0200000-0x400e01fffff window]
[Thu May 12 17:52:08 2022] pci_bus 0000:e1: resource 0 [io  0x8000-0x8fff]
[Thu May 12 17:52:08 2022] pci_bus 0000:e1: resource 1 [mem 0xc0000000-0xc02fffff]
[Thu May 12 17:52:08 2022] pci_bus 0000:e2: resource 0 [io  0x6000-0x7fff]
[Thu May 12 17:52:08 2022] pci_bus 0000:e2: resource 1 [mem 0xc0300000-0xc04fffff]
[Thu May 12 17:52:08 2022] pci_bus 0000:e2: resource 2 [mem 0x400e0100000-0x400e01fffff 64bit pref]
[Thu May 12 17:52:08 2022] pci_bus 0000:e3: resource 0 [io  0x6000-0x7fff]
[Thu May 12 17:52:08 2022] pci_bus 0000:e3: resource 1 [mem 0xc0300000-0xc04fffff]
[Thu May 12 17:52:08 2022] pci_bus 0000:e3: resource 2 [mem 0x400e0100000-0x400e01fffff 64bit pref]
[Thu May 12 17:52:08 2022] pci_bus 0000:e5: resource 0 [io  0x7000-0x7fff]
[Thu May 12 17:52:08 2022] pci_bus 0000:e5: resource 1 [mem 0xc0400000-0xc04fffff]
[Thu May 12 17:52:08 2022] pci_bus 0000:e5: resource 2 [mem 0x400e0100000-0x400e01fffff 64bit pref]
[Thu May 12 17:52:08 2022] pci_bus 0000:e7: resource 0 [io  0x6000-0x6fff]
[Thu May 12 17:52:08 2022] pci_bus 0000:e7: resource 1 [mem 0xc0300000-0xc03fffff]
[Thu May 12 17:52:08 2022] pci_bus 0000:e8: resource 1 [mem 0xc0600000-0xc06fffff]
[Thu May 12 17:52:08 2022] pci_bus 0000:e9: resource 1 [mem 0xc0500000-0xc05fffff]
[Thu May 12 17:52:08 2022] pci 0000:c0:03.1: bridge window [io  0x1000-0x0fff] to [bus c1] add_size 1000
[Thu May 12 17:52:08 2022] pci 0000:c0:03.1: BAR 13: no space for [io  size 0x1000]
[Thu May 12 17:52:08 2022] pci 0000:c0:03.1: BAR 13: failed to assign [io  size 0x1000]
[Thu May 12 17:52:08 2022] pci 0000:c0:03.1: BAR 13: no space for [io  size 0x1000]
[Thu May 12 17:52:08 2022] pci 0000:c0:03.1: BAR 13: failed to assign [io  size 0x1000]
[Thu May 12 17:52:08 2022] pci 0000:c0:03.1: PCI bridge to [bus c1]
[Thu May 12 17:52:08 2022] pci 0000:c0:03.1:   bridge window [mem 0xba000000-0xba1fffff]
[Thu May 12 17:52:08 2022] pci 0000:c0:03.1:   bridge window [mem 0x4810c000000-0x4810fffffff 64bit pref]
[Thu May 12 17:52:08 2022] pci 0000:c0:07.1: PCI bridge to [bus c2]
[Thu May 12 17:52:08 2022] pci 0000:c0:07.1:   bridge window [mem 0xba500000-0xba5fffff]
[Thu May 12 17:52:08 2022] pci 0000:c0:08.1: PCI bridge to [bus c3]
[Thu May 12 17:52:08 2022] pci 0000:c0:08.1:   bridge window [mem 0xba400000-0xba4fffff]
[Thu May 12 17:52:08 2022] pci 0000:c0:08.2: PCI bridge to [bus c4]
[Thu May 12 17:52:08 2022] pci 0000:c0:08.2:   bridge window [mem 0xba300000-0xba3fffff]
[Thu May 12 17:52:08 2022] pci 0000:c0:08.3: PCI bridge to [bus c5]
[Thu May 12 17:52:08 2022] pci 0000:c0:08.3:   bridge window [mem 0xba200000-0xba2fffff]
[Thu May 12 17:52:08 2022] pci_bus 0000:c0: resource 4 [mem 0xba000000-0xba5fffff window]
[Thu May 12 17:52:08 2022] pci_bus 0000:c0: resource 5 [mem 0x40110200000-0x481101fffff window]
[Thu May 12 17:52:08 2022] pci_bus 0000:c1: resource 1 [mem 0xba000000-0xba1fffff]
[Thu May 12 17:52:08 2022] pci_bus 0000:c1: resource 2 [mem 0x4810c000000-0x4810fffffff 64bit pref]
[Thu May 12 17:52:08 2022] pci_bus 0000:c2: resource 1 [mem 0xba500000-0xba5fffff]
[Thu May 12 17:52:08 2022] pci_bus 0000:c3: resource 1 [mem 0xba400000-0xba4fffff]
[Thu May 12 17:52:08 2022] pci_bus 0000:c4: resource 1 [mem 0xba300000-0xba3fffff]
[Thu May 12 17:52:08 2022] pci_bus 0000:c5: resource 1 [mem 0xba200000-0xba2fffff]
[Thu May 12 17:52:08 2022] pci 0000:80:07.1: PCI bridge to [bus 81]
[Thu May 12 17:52:08 2022] pci 0000:80:07.1:   bridge window [mem 0xb0200000-0xb02fffff]
[Thu May 12 17:52:08 2022] pci 0000:80:08.1: PCI bridge to [bus 82]
[Thu May 12 17:52:08 2022] pci 0000:80:08.1:   bridge window [mem 0xb0000000-0xb01fffff]
[Thu May 12 17:52:08 2022] pci_bus 0000:80: resource 4 [mem 0xb0000000-0xb02fffff window]
[Thu May 12 17:52:08 2022] pci_bus 0000:80: resource 5 [mem 0x50170200000-0x581701fffff window]
[Thu May 12 17:52:08 2022] pci_bus 0000:81: resource 1 [mem 0xb0200000-0xb02fffff]
[Thu May 12 17:52:08 2022] pci_bus 0000:82: resource 1 [mem 0xb0000000-0xb01fffff]
[Thu May 12 17:52:08 2022] pci 0000:a0:07.1: PCI bridge to [bus a1]
[Thu May 12 17:52:08 2022] pci 0000:a0:07.1:   bridge window [mem 0xb6500000-0xb65fffff]
[Thu May 12 17:52:08 2022] pci 0000:a0:08.1: PCI bridge to [bus a2]
[Thu May 12 17:52:08 2022] pci 0000:a0:08.1:   bridge window [mem 0xb6000000-0xb62fffff]
[Thu May 12 17:52:08 2022] pci 0000:a0:08.2: PCI bridge to [bus a3]
[Thu May 12 17:52:08 2022] pci 0000:a0:08.2:   bridge window [mem 0xb6400000-0xb64fffff]
[Thu May 12 17:52:08 2022] pci 0000:a0:08.3: PCI bridge to [bus a4]
[Thu May 12 17:52:08 2022] pci 0000:a0:08.3:   bridge window [mem 0xb6300000-0xb63fffff]
[Thu May 12 17:52:08 2022] pci_bus 0000:a0: resource 4 [mem 0xb6000000-0xb65fffff window]
[Thu May 12 17:52:08 2022] pci_bus 0000:a0: resource 5 [mem 0x48140200000-0x501401fffff window]
[Thu May 12 17:52:08 2022] pci_bus 0000:a1: resource 1 [mem 0xb6500000-0xb65fffff]
[Thu May 12 17:52:08 2022] pci_bus 0000:a2: resource 1 [mem 0xb6000000-0xb62fffff]
[Thu May 12 17:52:08 2022] pci_bus 0000:a3: resource 1 [mem 0xb6400000-0xb64fffff]
[Thu May 12 17:52:08 2022] pci_bus 0000:a4: resource 1 [mem 0xb6300000-0xb63fffff]
[Thu May 12 17:52:08 2022] pci 0000:62:00.0: Video device with shadowed ROM at [mem 0x000c0000-0x000dffff]
[Thu May 12 17:52:08 2022] pci 0000:e1:00.0: [Firmware Bug]: disabling VPD access (can't determine size of non-standard VPD format)
[Thu May 12 17:52:08 2022] PCI: CLS 64 bytes, default 64
[Thu May 12 17:52:09 2022] PCI-DMA: Using software bounce buffering for IO (SWIOTLB)
[Thu May 12 17:52:09 2022] io scheduler noop registered
[Thu May 12 17:52:09 2022] io scheduler cfq registered (default)
[Thu May 12 17:52:09 2022] pcieport 0000:60:05.2: Signaling PME with IRQ 28
[Thu May 12 17:52:09 2022] pcieport 0000:60:07.1: Signaling PME with IRQ 30
[Thu May 12 17:52:09 2022] pcieport 0000:60:08.1: Signaling PME with IRQ 32
[Thu May 12 17:52:09 2022] pcieport 0000:40:07.1: Signaling PME with IRQ 34
[Thu May 12 17:52:09 2022] pcieport 0000:40:08.1: Signaling PME with IRQ 36
[Thu May 12 17:52:09 2022] pcieport 0000:40:08.2: Signaling PME with IRQ 37
[Thu May 12 17:52:09 2022] pcieport 0000:40:08.3: Signaling PME with IRQ 38
[Thu May 12 17:52:09 2022] pcieport 0000:00:01.1: Signaling PME with IRQ 39
[Thu May 12 17:52:09 2022] pcieport 0000:00:07.1: Signaling PME with IRQ 41
[Thu May 12 17:52:09 2022] pcieport 0000:00:08.1: Signaling PME with IRQ 42
[Thu May 12 17:52:09 2022] pcieport 0000:20:01.1: Signaling PME with IRQ 44
[Thu May 12 17:52:09 2022] pcieport 0000:20:01.2: Signaling PME with IRQ 45
[Thu May 12 17:52:09 2022] pcieport 0000:20:01.3: Signaling PME with IRQ 46
[Thu May 12 17:52:09 2022] pcieport 0000:20:01.4: Signaling PME with IRQ 47
[Thu May 12 17:52:09 2022] pcieport 0000:20:03.1: Signaling PME with IRQ 48
[Thu May 12 17:52:09 2022] pcieport 0000:20:07.1: Signaling PME with IRQ 50
[Thu May 12 17:52:09 2022] pcieport 0000:20:08.1: Signaling PME with IRQ 51
[Thu May 12 17:52:09 2022] pcieport 0000:20:08.2: Signaling PME with IRQ 52
[Thu May 12 17:52:09 2022] pcieport 0000:20:08.3: Signaling PME with IRQ 53
[Thu May 12 17:52:09 2022] pcieport 0000:e0:03.1: Signaling PME with IRQ 55
[Thu May 12 17:52:09 2022] pcieport 0000:e0:05.1: Signaling PME with IRQ 56
[Thu May 12 17:52:09 2022] pcieport 0000:e0:07.1: Signaling PME with IRQ 58
[Thu May 12 17:52:09 2022] pcieport 0000:e0:08.1: Signaling PME with IRQ 60
[Thu May 12 17:52:09 2022] pcieport 0000:c0:03.1: Signaling PME with IRQ 61
[Thu May 12 17:52:09 2022] pcieport 0000:c0:07.1: Signaling PME with IRQ 63
[Thu May 12 17:52:09 2022] pcieport 0000:c0:08.1: Signaling PME with IRQ 65
[Thu May 12 17:52:09 2022] pcieport 0000:c0:08.2: Signaling PME with IRQ 66
[Thu May 12 17:52:09 2022] pcieport 0000:c0:08.3: Signaling PME with IRQ 67
[Thu May 12 17:52:09 2022] pcieport 0000:80:07.1: Signaling PME with IRQ 69
[Thu May 12 17:52:09 2022] pcieport 0000:80:08.1: Signaling PME with IRQ 70
[Thu May 12 17:52:09 2022] pcieport 0000:a0:07.1: Signaling PME with IRQ 72
[Thu May 12 17:52:09 2022] pcieport 0000:a0:08.1: Signaling PME with IRQ 73
[Thu May 12 17:52:09 2022] pcieport 0000:a0:08.2: Signaling PME with IRQ 74
[Thu May 12 17:52:09 2022] pcieport 0000:a0:08.3: Signaling PME with IRQ 75
[Thu May 12 17:52:09 2022] dpc: probe of 0000:60:05.2:pcie010 failed with error -524
[Thu May 12 17:52:09 2022] dpc: probe of 0000:00:01.1:pcie010 failed with error -524
[Thu May 12 17:52:09 2022] dpc: probe of 0000:20:01.1:pcie010 failed with error -524
[Thu May 12 17:52:09 2022] dpc: probe of 0000:20:01.2:pcie010 failed with error -524
[Thu May 12 17:52:09 2022] dpc: probe of 0000:20:01.3:pcie010 failed with error -524
[Thu May 12 17:52:09 2022] dpc: probe of 0000:20:01.4:pcie010 failed with error -524
[Thu May 12 17:52:09 2022] dpc: probe of 0000:20:03.1:pcie010 failed with error -524
[Thu May 12 17:52:09 2022] dpc: probe of 0000:e0:03.1:pcie010 failed with error -524
[Thu May 12 17:52:09 2022] dpc: probe of 0000:e0:05.1:pcie010 failed with error -524
[Thu May 12 17:52:09 2022] dpc: probe of 0000:c0:03.1:pcie010 failed with error -524
[Thu May 12 17:52:09 2022] pciehp 0000:20:01.1:pcie004: Slot #1 AttnBtn+ PwrCtrl+ MRL- AttnInd+ PwrInd+ HotPlug+ Surprise- Interlock+ NoCompl+ LLActRep+
[Thu May 12 17:52:09 2022] pciehp 0000:20:01.2:pcie004: Slot #2 AttnBtn+ PwrCtrl+ MRL- AttnInd+ PwrInd+ HotPlug+ Surprise- Interlock+ NoCompl+ LLActRep+
[Thu May 12 17:52:09 2022] pciehp 0000:20:01.3:pcie004: Slot #3 AttnBtn+ PwrCtrl+ MRL- AttnInd+ PwrInd+ HotPlug+ Surprise- Interlock+ NoCompl+ LLActRep+
[Thu May 12 17:52:09 2022] pciehp 0000:20:01.4:pcie004: Slot #4 AttnBtn+ PwrCtrl+ MRL- AttnInd+ PwrInd+ HotPlug+ Surprise- Interlock+ NoCompl+ LLActRep+
[Thu May 12 17:52:09 2022] pciehp 0000:c0:03.1:pcie004: Slot #8 AttnBtn+ PwrCtrl+ MRL- AttnInd+ PwrInd+ HotPlug+ Surprise- Interlock+ NoCompl+ LLActRep+
[Thu May 12 17:52:09 2022] input: Power Button as /devices/LNXSYSTM:00/LNXPWRBN:00/input/input0
[Thu May 12 17:52:09 2022] ACPI: Power Button [PWRF]
[Thu May 12 17:52:09 2022] ERST: Error Record Serialization Table (ERST) support is initialized.
[Thu May 12 17:52:09 2022] loop: module loaded
[Thu May 12 17:52:09 2022] ehci-pci: EHCI PCI platform driver
[Thu May 12 17:52:09 2022] ohci-pci: OHCI PCI platform driver
[Thu May 12 17:52:09 2022] i8042: PNP: No PS/2 controller found.
[Thu May 12 17:52:09 2022] RAS: Correctable Errors collector initialized.
[Thu May 12 17:52:09 2022] pci_express 0000:e3:02.0:pcie208: hash matches
[Thu May 12 17:52:09 2022] acpi_cpufreq: overriding BIOS provided _PSD data
[Thu May 12 17:52:09 2022] BIOS EDD facility v0.16 2004-Jun-25, 0 devices found
[Thu May 12 17:52:11 2022] AMD IOMMUv2 driver by Joerg Roedel <jroedel@suse.de>
[Thu May 12 17:52:11 2022] AMD IOMMUv2 functionality not available on this system
[Thu May 12 17:52:11 2022] amdkcl: module verification failed: signature and/or required key missing - tainting kernel
[Thu May 12 17:52:11 2022] [drm] Using P2A bridge for configuration
[Thu May 12 17:52:11 2022] [drm] AST 2500 detected
[Thu May 12 17:52:11 2022] [drm] Analog VGA only
[Thu May 12 17:52:11 2022] [drm] dram MCLK=800 Mhz type=7 bus_width=16 size=01000000
[Thu May 12 17:52:11 2022] input: Raritan D2CIM-DVUSB as /devices/pci0000:00/0000:00:08.1/0000:05:00.3/usb1/1-1/1-1:1.0/0003:14DD:1007.0001/input/input1
[Thu May 12 17:52:11 2022] amdkcl: Warning: fail to get symbol ksys_sync, replace it with kcl stub
[Thu May 12 17:52:11 2022] igb 0000:e5:00.0: eth0: (PCIe:5.0Gb/s:Width x1) 3c:ec:ef:05:70:7e
[Thu May 12 17:52:11 2022] input: Raritan D2CIM-DVUSB as /devices/pci0000:00/0000:00:08.1/0000:05:00.3/usb1/1-1/1-1:1.1/0003:14DD:1007.0002/input/input2
[Thu May 12 17:52:11 2022] megaraid_sas 0000:e1:00.0: pci id		: (0x1000)/(0x005d)/(0x15d9)/(0x0809)
[Thu May 12 17:52:11 2022] input: Raritan D2CIM-DVUSB as /devices/pci0000:00/0000:00:08.1/0000:05:00.3/usb1/1-1/1-1:1.2/0003:14DD:1007.0003/input/input3
[Thu May 12 17:52:11 2022] input: Linux 3.18.0 with ast_vhub SMCI HID KM as /devices/pci0000:20/0000:20:08.1/0000:29:00.3/usb3/3-1/3-1.1/3-1.1:1.0/0003:0557:9241.0004/input/input4
[Thu May 12 17:52:11 2022] [drm] amdgpu kernel modesetting enabled.
[Thu May 12 17:52:11 2022] [drm] amdgpu version: 5.13.20.22.10
[Thu May 12 17:52:11 2022] [drm] OS DRM version: 4.15.0
[Thu May 12 17:52:11 2022] amdgpu: Ignoring ACPI CRAT on non-APU system
[Thu May 12 17:52:11 2022] amdgpu: Virtual CRAT table created for CPU
[Thu May 12 17:52:11 2022] amdgpu: Topology: Add CPU node
[Thu May 12 17:52:11 2022] [drm] initializing kernel modesetting (ALDEBARAN 0x1002:0x740F 0x1002:0x0C34 0x02).
[Thu May 12 17:52:11 2022] amdgpu 0000:03:00.0: Trusted Memory Zone (TMZ) feature not supported
[Thu May 12 17:52:11 2022] [drm] register mmio base: 0xF6080000
[Thu May 12 17:52:11 2022] [drm] register mmio size: 524288
[Thu May 12 17:52:11 2022] [drm] add ip block number 0 <soc15_common>
[Thu May 12 17:52:11 2022] [drm] add ip block number 1 <gmc_v9_0>
[Thu May 12 17:52:11 2022] [drm] add ip block number 2 <vega20_ih>
[Thu May 12 17:52:11 2022] [drm] add ip block number 3 <psp>
[Thu May 12 17:52:11 2022] [drm] add ip block number 4 <smu>
[Thu May 12 17:52:11 2022] [drm] add ip block number 5 <gfx_v9_0>
[Thu May 12 17:52:11 2022] [drm] add ip block number 6 <sdma_v4_0>
[Thu May 12 17:52:11 2022] [drm] add ip block number 7 <vcn_v2_6>
[Thu May 12 17:52:11 2022] [drm] add ip block number 8 <jpeg_v2_6>
[Thu May 12 17:52:11 2022] [drm] BIOS signature incorrect 0 0
[Thu May 12 17:52:11 2022] amdgpu 0000:03:00.0: Fetched VBIOS from ROM BAR
[Thu May 12 17:52:11 2022] amdgpu: ATOM BIOS: 113-D67301-059
[Thu May 12 17:52:11 2022] [drm] VCN(0) decode is enabled in VM mode
[Thu May 12 17:52:11 2022] [drm] VCN(1) decode is enabled in VM mode
[Thu May 12 17:52:11 2022] [drm] VCN(0) encode is enabled in VM mode
[Thu May 12 17:52:11 2022] [drm] VCN(1) encode is enabled in VM mode
[Thu May 12 17:52:11 2022] [drm] JPEG(0) JPEG decode is enabled in VM mode
[Thu May 12 17:52:11 2022] [drm] JPEG(1) JPEG decode is enabled in VM mode
[Thu May 12 17:52:11 2022] [drm] GPU posting now...
[Thu May 12 17:52:11 2022] amdgpu 0000:03:00.0: MEM ECC is active.
[Thu May 12 17:52:11 2022] amdgpu 0000:03:00.0: SRAM ECC is active.
[Thu May 12 17:52:11 2022] amdgpu 0000:03:00.0: RAS INFO: ras initialized successfully, hardware ability[7fff] ras_mask[7fff]
[Thu May 12 17:52:11 2022] [drm] vm size is 262144 GB, 4 levels, block size is 9-bit, fragment size is 9-bit
[Thu May 12 17:52:11 2022] amdgpu 0000:03:00.0: VRAM: 65520M 0x0000020000000000 - 0x0000020FFEFFFFFF (65520M used)
[Thu May 12 17:52:11 2022] amdgpu 0000:03:00.0: GART: 512M 0x0000000000000000 - 0x000000001FFFFFFF
[Thu May 12 17:52:11 2022] amdgpu 0000:03:00.0: AGP: 266272768M 0x0000021000000000 - 0x0000FFFFFFFFFFFF
[Thu May 12 17:52:11 2022] [drm] Detected VRAM RAM=65520M, BAR=65536M
[Thu May 12 17:52:11 2022] [drm] RAM width 4096bits HBM
[Thu May 12 17:52:11 2022] [drm] amdgpu: 65520M of VRAM memory ready
[Thu May 12 17:52:11 2022] [drm] amdgpu: 515836M of GTT memory ready.
[Thu May 12 17:52:11 2022] [drm] GART: num cpu pages 131072, num gpu pages 131072
[Thu May 12 17:52:11 2022] [drm] PCIE GART of 512M enabled.
[Thu May 12 17:52:11 2022] [drm] PTB located at 0x0000020000000000
[Thu May 12 17:52:11 2022] amdgpu 0000:03:00.0: PSP runtime database doesn't exist
[Thu May 12 17:52:11 2022] [drm] CP firmware version too old, please update!
[Thu May 12 17:52:11 2022] [drm] Found VCN firmware Version ENC: 1.1 DEC: 1 VEP: 0 Revision: 27
[Thu May 12 17:52:11 2022] amdgpu 0000:03:00.0: Will use PSP to load VCN firmware
[Thu May 12 17:52:11 2022] igb 0000:e5:00.1: eth1: (PCIe:5.0Gb/s:Width x1) 3c:ec:ef:05:70:7f
[Thu May 12 17:52:11 2022] input: Linux 3.18.0 with ast_vhub SMCI HID KM as /devices/pci0000:20/0000:20:08.1/0000:29:00.3/usb3/3-1/3-1.1/3-1.1:1.1/0003:0557:9241.0005/input/input5
[Thu May 12 17:52:11 2022] [drm] reserve 0x800000 from 0x20ffe800000 for PSP TMR
[Thu May 12 17:52:11 2022] amdgpu 0000:03:00.0: HDCP: optional hdcp ta ucode is not available
[Thu May 12 17:52:11 2022] amdgpu 0000:03:00.0: DTM: optional dtm ta ucode is not available
[Thu May 12 17:52:11 2022] amdgpu 0000:03:00.0: SECUREDISPLAY: securedisplay ta ucode is not available
[Thu May 12 17:52:11 2022] amdgpu 0000:03:00.0: use vbios provided pptable
[Thu May 12 17:52:11 2022] amdgpu 0000:03:00.0: smc_dpm_info table revision(format.content): 4.10
[Thu May 12 17:52:11 2022] amdgpu 0000:03:00.0: SMU is initialized successfully!
[Thu May 12 17:52:11 2022] [drm] kiq ring mec 2 pipe 1 q 0
[Thu May 12 17:52:11 2022] [drm] VCN decode and encode initialized successfully(under DPG Mode).
[Thu May 12 17:52:11 2022] [drm] JPEG decode initialized successfully.
[Thu May 12 17:52:11 2022] kfd kfd: Allocated 3989536 bytes on gart
[Thu May 12 17:52:11 2022] amdgpu: Virtual CRAT table created for GPU
[Thu May 12 17:52:11 2022] amdgpu: Topology: Add dGPU node [0x740f:0x1002]
[Thu May 12 17:52:11 2022] kfd kfd: added device 1002:740f
[Thu May 12 17:52:11 2022] [drm] FRU Product Number is larger than 16 characters. This is likely a mistake
[Thu May 12 17:52:11 2022] [drm] FRU Serial Number is larger than 16 characters. This is likely a mistake
[Thu May 12 17:52:11 2022] amdgpu 0000:03:00.0: SE 8, SH per SE 1, CU per SH 14, active_cu_number 104
[Thu May 12 17:52:11 2022] amdgpu 0000:03:00.0: ring comp_1.0.0 uses VM inv eng 0 on hub 0
[Thu May 12 17:52:11 2022] amdgpu 0000:03:00.0: ring comp_1.1.0 uses VM inv eng 1 on hub 0
[Thu May 12 17:52:11 2022] amdgpu 0000:03:00.0: ring comp_1.2.0 uses VM inv eng 4 on hub 0
[Thu May 12 17:52:11 2022] amdgpu 0000:03:00.0: ring comp_1.3.0 uses VM inv eng 5 on hub 0
[Thu May 12 17:52:11 2022] amdgpu 0000:03:00.0: ring comp_1.0.1 uses VM inv eng 6 on hub 0
[Thu May 12 17:52:11 2022] amdgpu 0000:03:00.0: ring comp_1.1.1 uses VM inv eng 7 on hub 0
[Thu May 12 17:52:11 2022] amdgpu 0000:03:00.0: ring comp_1.2.1 uses VM inv eng 8 on hub 0
[Thu May 12 17:52:11 2022] amdgpu 0000:03:00.0: ring comp_1.3.1 uses VM inv eng 9 on hub 0
[Thu May 12 17:52:11 2022] amdgpu 0000:03:00.0: ring kiq_2.1.0 uses VM inv eng 10 on hub 0
[Thu May 12 17:52:11 2022] amdgpu 0000:03:00.0: ring sdma0 uses VM inv eng 0 on hub 1
[Thu May 12 17:52:11 2022] amdgpu 0000:03:00.0: ring sdma1 uses VM inv eng 1 on hub 1
[Thu May 12 17:52:11 2022] amdgpu 0000:03:00.0: ring sdma2 uses VM inv eng 4 on hub 1
[Thu May 12 17:52:11 2022] amdgpu 0000:03:00.0: ring sdma3 uses VM inv eng 5 on hub 1
[Thu May 12 17:52:11 2022] amdgpu 0000:03:00.0: ring sdma4 uses VM inv eng 6 on hub 1
[Thu May 12 17:52:11 2022] amdgpu 0000:03:00.0: ring vcn_dec_0 uses VM inv eng 7 on hub 1
[Thu May 12 17:52:11 2022] amdgpu 0000:03:00.0: ring vcn_enc_0.0 uses VM inv eng 8 on hub 1
[Thu May 12 17:52:11 2022] amdgpu 0000:03:00.0: ring vcn_enc_0.1 uses VM inv eng 9 on hub 1
[Thu May 12 17:52:11 2022] amdgpu 0000:03:00.0: ring vcn_dec_1 uses VM inv eng 10 on hub 1
[Thu May 12 17:52:11 2022] amdgpu 0000:03:00.0: ring vcn_enc_1.0 uses VM inv eng 11 on hub 1
[Thu May 12 17:52:11 2022] amdgpu 0000:03:00.0: ring vcn_enc_1.1 uses VM inv eng 12 on hub 1
[Thu May 12 17:52:11 2022] amdgpu 0000:03:00.0: ring jpeg_dec_0 uses VM inv eng 13 on hub 1
[Thu May 12 17:52:11 2022] amdgpu 0000:03:00.0: ring jpeg_dec_1 uses VM inv eng 14 on hub 1
[Thu May 12 17:52:11 2022] amdgpu 0000:03:00.0: Init SGPRS Successfully
[Thu May 12 17:52:11 2022] amdgpu 0000:03:00.0: Init VGPRS Successfully
[Thu May 12 17:52:11 2022] fbcon: astdrmfb (fb0) is primary device
[Thu May 12 17:52:11 2022] ast 0000:62:00.0: fb0: astdrmfb frame buffer device
[Thu May 12 17:52:11 2022] [drm] Initialized ast 0.1.0 20120228 for 0000:62:00.0 on minor 0
[Thu May 12 17:52:11 2022] [drm] Initialized amdgpu 3.45.0 20150101 for 0000:03:00.0 on minor 1
[Thu May 12 17:52:11 2022] [drm] initializing kernel modesetting (ALDEBARAN 0x1002:0x740F 0x1002:0x0C34 0x02).
[Thu May 12 17:52:11 2022] amdgpu 0000:27:00.0: Trusted Memory Zone (TMZ) feature not supported
[Thu May 12 17:52:11 2022] [drm] register mmio base: 0xC4380000
[Thu May 12 17:52:11 2022] [drm] register mmio size: 524288
[Thu May 12 17:52:11 2022] [drm] add ip block number 0 <soc15_common>
[Thu May 12 17:52:11 2022] [drm] add ip block number 1 <gmc_v9_0>
[Thu May 12 17:52:11 2022] [drm] add ip block number 2 <vega20_ih>
[Thu May 12 17:52:11 2022] [drm] add ip block number 3 <psp>
[Thu May 12 17:52:11 2022] [drm] add ip block number 4 <smu>
[Thu May 12 17:52:11 2022] [drm] add ip block number 5 <gfx_v9_0>
[Thu May 12 17:52:11 2022] [drm] add ip block number 6 <sdma_v4_0>
[Thu May 12 17:52:11 2022] [drm] add ip block number 7 <vcn_v2_6>
[Thu May 12 17:52:11 2022] [drm] add ip block number 8 <jpeg_v2_6>
[Thu May 12 17:52:11 2022] [drm] BIOS signature incorrect 0 0
[Thu May 12 17:52:11 2022] amdgpu 0000:27:00.0: Fetched VBIOS from ROM BAR
[Thu May 12 17:52:11 2022] amdgpu: ATOM BIOS: 113-D67301-059
[Thu May 12 17:52:11 2022] [drm] VCN(0) decode is enabled in VM mode
[Thu May 12 17:52:11 2022] [drm] VCN(1) decode is enabled in VM mode
[Thu May 12 17:52:11 2022] [drm] VCN(0) encode is enabled in VM mode
[Thu May 12 17:52:11 2022] [drm] VCN(1) encode is enabled in VM mode
[Thu May 12 17:52:11 2022] [drm] JPEG(0) JPEG decode is enabled in VM mode
[Thu May 12 17:52:11 2022] [drm] JPEG(1) JPEG decode is enabled in VM mode
[Thu May 12 17:52:11 2022] [drm] GPU posting now...
[Thu May 12 17:52:11 2022] amdgpu 0000:27:00.0: MEM ECC is active.
[Thu May 12 17:52:11 2022] amdgpu 0000:27:00.0: SRAM ECC is active.
[Thu May 12 17:52:11 2022] amdgpu 0000:27:00.0: RAS INFO: ras initialized successfully, hardware ability[7fff] ras_mask[7fff]
[Thu May 12 17:52:11 2022] [drm] vm size is 262144 GB, 4 levels, block size is 9-bit, fragment size is 9-bit
[Thu May 12 17:52:11 2022] amdgpu 0000:27:00.0: VRAM: 65520M 0x0000020000000000 - 0x0000020FFEFFFFFF (65520M used)
[Thu May 12 17:52:11 2022] amdgpu 0000:27:00.0: GART: 512M 0x0000000000000000 - 0x000000001FFFFFFF
[Thu May 12 17:52:11 2022] amdgpu 0000:27:00.0: AGP: 266272768M 0x0000021000000000 - 0x0000FFFFFFFFFFFF
[Thu May 12 17:52:11 2022] [drm] Detected VRAM RAM=65520M, BAR=65536M
[Thu May 12 17:52:11 2022] [drm] RAM width 4096bits HBM
[Thu May 12 17:52:11 2022] [drm] amdgpu: 65520M of VRAM memory ready
[Thu May 12 17:52:11 2022] [drm] amdgpu: 515836M of GTT memory ready.
[Thu May 12 17:52:11 2022] [drm] GART: num cpu pages 131072, num gpu pages 131072
[Thu May 12 17:52:11 2022] [drm] PCIE GART of 512M enabled.
[Thu May 12 17:52:11 2022] [drm] PTB located at 0x0000020000000000
[Thu May 12 17:52:11 2022] amdgpu 0000:27:00.0: PSP runtime database doesn't exist
[Thu May 12 17:52:11 2022] [drm] Found VCN firmware Version ENC: 1.1 DEC: 1 VEP: 0 Revision: 27
[Thu May 12 17:52:11 2022] amdgpu 0000:27:00.0: Will use PSP to load VCN firmware
[Thu May 12 17:52:11 2022] [drm] reserve 0x800000 from 0x20ffe800000 for PSP TMR
